SEDUTA INVARIANTE 156x32 (coda, seduta 2) — Bersaglio 5: CINTURA.
(a) tabella fine MISURATA sulle 6 coppie half-sum di N=24 (verifica
empirica completa del vettore (k, 3-k, 3-k, k)); (b) le coppie
|G|=2 di N=24: gemelle SEMPRE complementari? MISURA, non teoria.

FACCE PRE-SCRITTE:
 B5-a: attesa per OGNUNA delle 6: tabella (kg,kh) ANTI-DIAGONALE
   {(3,0): 36, (2,1): 324, (1,2): 324, (0,3): 36}, uguale al modello
   del Bersaglio 3, e vettori k sempre della forma (k, 3-k, 3-k, k);
   una cella fuori anti-diagonale o conteggi diversi = STOP e
   verbale coi membri.
 B5-b: attesa 0 violazioni di complementarita sulle coppie |G|=2 di
   [1..24] (attese 11.158 dal censimento riscontrato); UNA
   violazione = BUG del censimento: STOP e verbale coi membri.
Log: logs/cintura-finale.log

====================================================================
B5-a — TABELLA FINE MISURATA SULLE 6 HALF-SUM DI N=24
====================================================================
A=[1, 2, 13, 17, 18, 21] B=[3, 6, 7, 11, 22, 23]: |G|=4, vettori fuori forma (k,3-k,3-k,k): 0, tabella {(0, 3): 36, (1, 2): 324, (2, 1): 324, (3, 0): 36} OK
A=[1, 3, 11, 17, 18, 22] B=[2, 6, 7, 13, 21, 23]: |G|=4, vettori fuori forma (k,3-k,3-k,k): 0, tabella {(0, 3): 36, (1, 2): 324, (2, 1): 324, (3, 0): 36} OK
A=[1, 6, 7, 17, 18, 23] B=[2, 3, 11, 13, 21, 22]: |G|=4, vettori fuori forma (k,3-k,3-k,k): 0, tabella {(0, 3): 36, (1, 2): 324, (2, 1): 324, (3, 0): 36} OK
A=[2, 3, 14, 18, 19, 22] B=[4, 7, 8, 12, 23, 24]: |G|=4, vettori fuori forma (k,3-k,3-k,k): 0, tabella {(0, 3): 36, (1, 2): 324, (2, 1): 324, (3, 0): 36} OK
A=[2, 4, 12, 18, 19, 23] B=[3, 7, 8, 14, 22, 24]: |G|=4, vettori fuori forma (k,3-k,3-k,k): 0, tabella {(0, 3): 36, (1, 2): 324, (2, 1): 324, (3, 0): 36} OK
A=[2, 7, 8, 18, 19, 24] B=[3, 4, 12, 14, 22, 23]: |G|=4, vettori fuori forma (k,3-k,3-k,k): 0, tabella {(0, 3): 36, (1, 2): 324, (2, 1): 324, (3, 0): 36} OK
FACCIA B5-a: 6/6 tabelle = anti-diagonale del modello, vettori sempre (k,3-k,3-k,k): verifica empirica completa
[0.1s]

====================================================================
B5-b — COMPLEMENTARITA SULLE COPPIE |G|=2 DI [1..24]
====================================================================
coppie |G|=2 di [1..24]: 11158 (attese 11158)
FACCIA B5-b: violazioni di complementarita: 0 (0 attese: teorema di complementazione confermato per appartenenza su tutta la base)
[8s]

VERDETTO B5: vedi facce sopra.
