Bersaglio 2 — VAGLIO 2c SU BASE FRESCA (mai aperto prima), con
floor-check obbligatorio PRIMA del disegno.

FASE A (floor-check): per N in {14, 16, 18}: tutte le sestine di
[1, N] (C(N,6)), bucket per (somma, somma-quadrati), conteggio coppie
DISGIUNTE nello stesso bucket, tempo. Da li si DERIVA il cap (mai
ereditato) e si dichiara N massimo e base attesa PRIMA della fase B.

FACCE PRE-SCRITTE (stampate qui, prima di ogni calcolo):
 F-a: una coppia con |G| non in {0,2}, o |G|=2 non complementare,
      FALSIFICA UNICITA sul fresco — la cosa piu importante che il
      vaglio possa dire.
 F-b: ogni violazione VA CLASSIFICATA nella cella (a,b) normalizzata;
      se cade in una cella CHIUSA da 8.15 e un BUG: STOP e verbale,
      niente interpretazione.
 F-c: atteso della congettura: zero violazioni; distribuzione |G| per
      bucket a verbale, vuoti compresi.
Log: logs/fresco-vaglio.log

FASE A — floor-check:
  N=14: sestine 3003, bucket 1449, coppie disgiunte 17, 0.0s
  N=16: sestine 8008, bucket 2804, coppie disgiunte 229, 0.1s
  N=18: sestine 18564, bucket 4787, coppie disgiunte 1640, 0.1s

DICHIARAZIONE (prima della fase B): crescita coppie/step misurata ~x10.3; proiezione N=20 ~16918 coppie, N=22 ~174531. Costo G-census ~0.1 ms/coppia. CAP: 300 s.
N MASSIMO DICHIARATO: 22 (base attesa ~174531 coppie a N=22, piu i livelli sotto)

FASE B — vaglio fresco:
  N=14: coppie 17 | distribuzione |G| {0: 13, 2: 4} | violazioni cumulative 0 [0s]
  <<< VIOLAZIONE a N=16: A=[1, 3, 9, 10, 11, 14] B=[2, 5, 6, 7, 13, 15] |G|=4
      cella (a,b) normalizzata (1, 2) (cella residua: dato vero)
      cella (a,b) normalizzata (1, 2) (cella residua: dato vero)
  <<< VIOLAZIONE a N=16: A=[1, 5, 6, 9, 13, 14] B=[2, 3, 7, 10, 11, 15] |G|=4
      cella (a,b) normalizzata (1, 2) (cella residua: dato vero)
      cella (a,b) normalizzata (1, 2) (cella residua: dato vero)
  <<< VIOLAZIONE a N=16: A=[1, 5, 6, 10, 11, 15] B=[2, 3, 7, 9, 13, 14] |G|=4
      cella (a,b) normalizzata (1, 2) (cella residua: dato vero)
      cella (a,b) normalizzata (1, 2) (cella residua: dato vero)
  <<< VIOLAZIONE a N=16: A=[2, 4, 10, 11, 12, 15] B=[3, 6, 7, 8, 14, 16] |G|=4
      cella (a,b) normalizzata (1, 2) (cella residua: dato vero)
      cella (a,b) normalizzata (1, 2) (cella residua: dato vero)
  <<< VIOLAZIONE a N=16: A=[2, 6, 7, 10, 14, 15] B=[3, 4, 8, 11, 12, 16] |G|=4
      cella (a,b) normalizzata (1, 2) (cella residua: dato vero)
      cella (a,b) normalizzata (1, 2) (cella residua: dato vero)
  <<< VIOLAZIONE a N=16: A=[2, 6, 7, 11, 12, 16] B=[3, 4, 8, 10, 14, 15] |G|=4
      cella (a,b) normalizzata (1, 2) (cella residua: dato vero)
      cella (a,b) normalizzata (1, 2) (cella residua: dato vero)
  N=16: coppie 229 | distribuzione |G| {0: 131, 2: 92, 4: 6} | violazioni cumulative 6 [0s]
  <<< VIOLAZIONE a N=18: A=[1, 2, 11, 12, 13, 15] B=[3, 5, 6, 7, 16, 17] |G|=4
      cella (a,b) normalizzata (1, 2) (cella residua: dato vero)
      cella (a,b) normalizzata (1, 2) (cella residua: dato vero)
  <<< VIOLAZIONE a N=18: A=[1, 5, 6, 11, 15, 16] B=[2, 3, 7, 12, 13, 17] |G|=4
      cella (a,b) normalizzata (1, 2) (cella residua: dato vero)
      cella (a,b) normalizzata (1, 2) (cella residua: dato vero)
  <<< VIOLAZIONE a N=18: A=[1, 5, 6, 12, 13, 17] B=[2, 3, 7, 11, 15, 16] |G|=4
      cella (a,b) normalizzata (1, 2) (cella residua: dato vero)
      cella (a,b) normalizzata (1, 2) (cella residua: dato vero)
  <<< VIOLAZIONE a N=18: A=[1, 3, 9, 10, 11, 14] B=[2, 5, 6, 7, 13, 15] |G|=4
      cella (a,b) normalizzata (1, 2) (cella residua: dato vero)
      cella (a,b) normalizzata (1, 2) (cella residua: dato vero)
  <<< VIOLAZIONE a N=18: A=[1, 5, 6, 9, 13, 14] B=[2, 3, 7, 10, 11, 15] |G|=4
      cella (a,b) normalizzata (1, 2) (cella residua: dato vero)
      cella (a,b) normalizzata (1, 2) (cella residua: dato vero)
  <<< VIOLAZIONE a N=18: A=[1, 5, 6, 10, 11, 15] B=[2, 3, 7, 9, 13, 14] |G|=4
      cella (a,b) normalizzata (1, 2) (cella residua: dato vero)
      cella (a,b) normalizzata (1, 2) (cella residua: dato vero)
  <<< VIOLAZIONE a N=18: A=[1, 3, 11, 12, 13, 14] B=[4, 5, 6, 7, 15, 17] |G|=4
      cella (a,b) normalizzata (1, 2) (cella residua: dato vero)
      cella (a,b) normalizzata (1, 2) (cella residua: dato vero)
  <<< VIOLAZIONE a N=18: A=[1, 5, 7, 12, 14, 15] B=[3, 4, 6, 11, 13, 17] |G|=4
      cella (a,b) normalizzata (1, 2) (cella residua: dato vero)
      cella (a,b) normalizzata (1, 2) (cella residua: dato vero)
  <<< VIOLAZIONE a N=18: A=[1, 6, 7, 11, 12, 17] B=[3, 4, 5, 13, 14, 15] |G|=4
      cella (a,b) normalizzata (1, 2) (cella residua: dato vero)
      cella (a,b) normalizzata (1, 2) (cella residua: dato vero)
  <<< VIOLAZIONE a N=18: A=[2, 4, 10, 11, 12, 15] B=[3, 6, 7, 8, 14, 16] |G|=4
      cella (a,b) normalizzata (1, 2) (cella residua: dato vero)
      cella (a,b) normalizzata (1, 2) (cella residua: dato vero)
  <<< VIOLAZIONE a N=18: A=[2, 6, 7, 10, 14, 15] B=[3, 4, 8, 11, 12, 16] |G|=4
      cella (a,b) normalizzata (1, 2) (cella residua: dato vero)
      cella (a,b) normalizzata (1, 2) (cella residua: dato vero)
  <<< VIOLAZIONE a N=18: A=[2, 6, 7, 11, 12, 16] B=[3, 4, 8, 10, 14, 15] |G|=4
      cella (a,b) normalizzata (1, 2) (cella residua: dato vero)
      cella (a,b) normalizzata (1, 2) (cella residua: dato vero)
  <<< VIOLAZIONE a N=18: A=[2, 3, 12, 13, 14, 16] B=[4, 6, 7, 8, 17, 18] |G|=4
      cella (a,b) normalizzata (1, 2) (cella residua: dato vero)
      cella (a,b) normalizzata (1, 2) (cella residua: dato vero)
  <<< VIOLAZIONE a N=18: A=[2, 6, 7, 12, 16, 17] B=[3, 4, 8, 13, 14, 18] |G|=4
      cella (a,b) normalizzata (1, 2) (cella residua: dato vero)
      cella (a,b) normalizzata (1, 2) (cella residua: dato vero)
  <<< VIOLAZIONE a N=18: A=[2, 6, 7, 13, 14, 18] B=[3, 4, 8, 12, 16, 17] |G|=4
      cella (a,b) normalizzata (1, 2) (cella residua: dato vero)
      cella (a,b) normalizzata (1, 2) (cella residua: dato vero)
  <<< VIOLAZIONE a N=18: A=[2, 4, 12, 13, 14, 15] B=[5, 6, 7, 8, 16, 18] |G|=4
      cella (a,b) normalizzata (1, 2) (cella residua: dato vero)
      cella (a,b) normalizzata (1, 2) (cella residua: dato vero)
  <<< VIOLAZIONE a N=18: A=[2, 6, 8, 13, 15, 16] B=[4, 5, 7, 12, 14, 18] |G|=4
      cella (a,b) normalizzata (1, 2) (cella residua: dato vero)
      cella (a,b) normalizzata (1, 2) (cella residua: dato vero)
  <<< VIOLAZIONE a N=18: A=[2, 7, 8, 12, 13, 18] B=[4, 5, 6, 14, 15, 16] |G|=4
      cella (a,b) normalizzata (1, 2) (cella residua: dato vero)
      cella (a,b) normalizzata (1, 2) (cella residua: dato vero)
  <<< VIOLAZIONE a N=18: A=[3, 5, 11, 12, 13, 16] B=[4, 7, 8, 9, 15, 17] |G|=4
      cella (a,b) normalizzata (1, 2) (cella residua: dato vero)
      cella (a,b) normalizzata (1, 2) (cella residua: dato vero)
  <<< VIOLAZIONE a N=18: A=[3, 7, 8, 11, 15, 16] B=[4, 5, 9, 12, 13, 17] |G|=4
      cella (a,b) normalizzata (1, 2) (cella residua: dato vero)
      cella (a,b) normalizzata (1, 2) (cella residua: dato vero)
  <<< VIOLAZIONE a N=18: A=[3, 7, 8, 12, 13, 17] B=[4, 5, 9, 11, 15, 16] |G|=4
      cella (a,b) normalizzata (1, 2) (cella residua: dato vero)
      cella (a,b) normalizzata (1, 2) (cella residua: dato vero)
  <<< VIOLAZIONE a N=18: A=[4, 6, 12, 13, 14, 17] B=[5, 8, 9, 10, 16, 18] |G|=4
      cella (a,b) normalizzata (1, 2) (cella residua: dato vero)
      cella (a,b) normalizzata (1, 2) (cella residua: dato vero)
  <<< VIOLAZIONE a N=18: A=[4, 8, 9, 12, 16, 17] B=[5, 6, 10, 13, 14, 18] |G|=4
      cella (a,b) normalizzata (1, 2) (cella residua: dato vero)
      cella (a,b) normalizzata (1, 2) (cella residua: dato vero)
  <<< VIOLAZIONE a N=18: A=[4, 8, 9, 13, 14, 18] B=[5, 6, 10, 12, 16, 17] |G|=4
      cella (a,b) normalizzata (1, 2) (cella residua: dato vero)
      cella (a,b) normalizzata (1, 2) (cella residua: dato vero)
  N=18: coppie 1640 | distribuzione |G| {0: 1178, 2: 438, 4: 24} | violazioni cumulative 30 [0s]
  <<< VIOLAZIONE a N=20: A=[1, 2, 11, 12, 13, 15] B=[3, 5, 6, 7, 16, 17] |G|=4
      cella (a,b) normalizzata (1, 2) (cella residua: dato vero)
      cella (a,b) normalizzata (1, 2) (cella residua: dato vero)
  <<< VIOLAZIONE a N=20: A=[1, 5, 6, 11, 15, 16] B=[2, 3, 7, 12, 13, 17] |G|=4
      cella (a,b) normalizzata (1, 2) (cella residua: dato vero)
      cella (a,b) normalizzata (1, 2) (cella residua: dato vero)
  <<< VIOLAZIONE a N=20: A=[1, 5, 6, 12, 13, 17] B=[2, 3, 7, 11, 15, 16] |G|=4
      cella (a,b) normalizzata (1, 2) (cella residua: dato vero)
      cella (a,b) normalizzata (1, 2) (cella residua: dato vero)
  <<< VIOLAZIONE a N=20: A=[1, 3, 9, 10, 11, 14] B=[2, 5, 6, 7, 13, 15] |G|=4
      cella (a,b) normalizzata (1, 2) (cella residua: dato vero)
      cella (a,b) normalizzata (1, 2) (cella residua: dato vero)
  <<< VIOLAZIONE a N=20: A=[1, 5, 6, 9, 13, 14] B=[2, 3, 7, 10, 11, 15] |G|=4
      cella (a,b) normalizzata (1, 2) (cella residua: dato vero)
      cella (a,b) normalizzata (1, 2) (cella residua: dato vero)
  <<< VIOLAZIONE a N=20: A=[1, 5, 6, 10, 11, 15] B=[2, 3, 7, 9, 13, 14] |G|=4
      cella (a,b) normalizzata (1, 2) (cella residua: dato vero)
      cella (a,b) normalizzata (1, 2) (cella residua: dato vero)
  <<< VIOLAZIONE a N=20: A=[1, 3, 11, 12, 13, 14] B=[4, 5, 6, 7, 15, 17] |G|=4
      cella (a,b) normalizzata (1, 2) (cella residua: dato vero)
      cella (a,b) normalizzata (1, 2) (cella residua: dato vero)
  <<< VIOLAZIONE a N=20: A=[1, 5, 7, 12, 14, 15] B=[3, 4, 6, 11, 13, 17] |G|=4
      cella (a,b) normalizzata (1, 2) (cella residua: dato vero)
      cella (a,b) normalizzata (1, 2) (cella residua: dato vero)
  <<< VIOLAZIONE a N=20: A=[1, 6, 7, 11, 12, 17] B=[3, 4, 5, 13, 14, 15] |G|=4
      cella (a,b) normalizzata (1, 2) (cella residua: dato vero)
      cella (a,b) normalizzata (1, 2) (cella residua: dato vero)
  <<< VIOLAZIONE a N=20: A=[1, 4, 11, 12, 14, 18] B=[2, 6, 8, 9, 16, 19] |G|=4
      cella (a,b) normalizzata (1, 2) (cella residua: dato vero)
      cella (a,b) normalizzata (1, 2) (cella residua: dato vero)
  <<< VIOLAZIONE a N=20: A=[1, 6, 8, 11, 16, 18] B=[2, 4, 9, 12, 14, 19] |G|=4
      cella (a,b) normalizzata (1, 2) (cella residua: dato vero)
      cella (a,b) normalizzata (1, 2) (cella residua: dato vero)
  <<< VIOLAZIONE a N=20: A=[1, 6, 8, 12, 14, 19] B=[2, 4, 9, 11, 16, 18] |G|=4
      cella (a,b) normalizzata (1, 2) (cella residua: dato vero)
      cella (a,b) normalizzata (1, 2) (cella residua: dato vero)
  <<< VIOLAZIONE a N=20: A=[2, 4, 10, 11, 12, 15] B=[3, 6, 7, 8, 14, 16] |G|=4
      cella (a,b) normalizzata (1, 2) (cella residua: dato vero)
      cella (a,b) normalizzata (1, 2) (cella residua: dato vero)
  <<< VIOLAZIONE a N=20: A=[2, 6, 7, 10, 14, 15] B=[3, 4, 8, 11, 12, 16] |G|=4
      cella (a,b) normalizzata (1, 2) (cella residua: dato vero)
      cella (a,b) normalizzata (1, 2) (cella residua: dato vero)
  <<< VIOLAZIONE a N=20: A=[2, 6, 7, 11, 12, 16] B=[3, 4, 8, 10, 14, 15] |G|=4
      cella (a,b) normalizzata (1, 2) (cella residua: dato vero)
      cella (a,b) normalizzata (1, 2) (cella residua: dato vero)
  <<< VIOLAZIONE a N=20: A=[2, 3, 12, 13, 14, 16] B=[4, 6, 7, 8, 17, 18] |G|=4
      cella (a,b) normalizzata (1, 2) (cella residua: dato vero)
      cella (a,b) normalizzata (1, 2) (cella residua: dato vero)
  <<< VIOLAZIONE a N=20: A=[2, 6, 7, 12, 16, 17] B=[3, 4, 8, 13, 14, 18] |G|=4
      cella (a,b) normalizzata (1, 2) (cella residua: dato vero)
      cella (a,b) normalizzata (1, 2) (cella residua: dato vero)
  <<< VIOLAZIONE a N=20: A=[2, 6, 7, 13, 14, 18] B=[3, 4, 8, 12, 16, 17] |G|=4
      cella (a,b) normalizzata (1, 2) (cella residua: dato vero)
      cella (a,b) normalizzata (1, 2) (cella residua: dato vero)
  <<< VIOLAZIONE a N=20: A=[2, 4, 12, 13, 14, 15] B=[5, 6, 7, 8, 16, 18] |G|=4
      cella (a,b) normalizzata (1, 2) (cella residua: dato vero)
      cella (a,b) normalizzata (1, 2) (cella residua: dato vero)
  <<< VIOLAZIONE a N=20: A=[2, 6, 8, 13, 15, 16] B=[4, 5, 7, 12, 14, 18] |G|=4
      cella (a,b) normalizzata (1, 2) (cella residua: dato vero)
      cella (a,b) normalizzata (1, 2) (cella residua: dato vero)
  <<< VIOLAZIONE a N=20: A=[2, 7, 8, 12, 13, 18] B=[4, 5, 6, 14, 15, 16] |G|=4
      cella (a,b) normalizzata (1, 2) (cella residua: dato vero)
      cella (a,b) normalizzata (1, 2) (cella residua: dato vero)
  <<< VIOLAZIONE a N=20: A=[2, 5, 12, 13, 15, 19] B=[3, 7, 9, 10, 17, 20] |G|=4
      cella (a,b) normalizzata (1, 2) (cella residua: dato vero)
      cella (a,b) normalizzata (1, 2) (cella residua: dato vero)
  <<< VIOLAZIONE a N=20: A=[2, 7, 9, 12, 17, 19] B=[3, 5, 10, 13, 15, 20] |G|=4
      cella (a,b) normalizzata (1, 2) (cella residua: dato vero)
      cella (a,b) normalizzata (1, 2) (cella residua: dato vero)
  <<< VIOLAZIONE a N=20: A=[2, 7, 9, 13, 15, 20] B=[3, 5, 10, 12, 17, 19] |G|=4
      cella (a,b) normalizzata (1, 2) (cella residua: dato vero)
      cella (a,b) normalizzata (1, 2) (cella residua: dato vero)
  <<< VIOLAZIONE a N=20: A=[3, 4, 13, 14, 15, 17] B=[5, 7, 8, 9, 18, 19] |G|=4
      cella (a,b) normalizzata (1, 2) (cella residua: dato vero)
      cella (a,b) normalizzata (1, 2) (cella residua: dato vero)
  <<< VIOLAZIONE a N=20: A=[3, 7, 8, 13, 17, 18] B=[4, 5, 9, 14, 15, 19] |G|=4
      cella (a,b) normalizzata (1, 2) (cella residua: dato vero)
      cella (a,b) normalizzata (1, 2) (cella residua: dato vero)
  <<< VIOLAZIONE a N=20: A=[3, 7, 8, 14, 15, 19] B=[4, 5, 9, 13, 17, 18] |G|=4
      cella (a,b) normalizzata (1, 2) (cella residua: dato vero)
      cella (a,b) normalizzata (1, 2) (cella residua: dato vero)
  <<< VIOLAZIONE a N=20: A=[3, 5, 11, 12, 13, 16] B=[4, 7, 8, 9, 15, 17] |G|=4
      cella (a,b) normalizzata (1, 2) (cella residua: dato vero)
      cella (a,b) normalizzata (1, 2) (cella residua: dato vero)
  <<< VIOLAZIONE a N=20: A=[3, 7, 8, 11, 15, 16] B=[4, 5, 9, 12, 13, 17] |G|=4
      cella (a,b) normalizzata (1, 2) (cella residua: dato vero)
      cella (a,b) normalizzata (1, 2) (cella residua: dato vero)
  <<< VIOLAZIONE a N=20: A=[3, 7, 8, 12, 13, 17] B=[4, 5, 9, 11, 15, 16] |G|=4
      cella (a,b) normalizzata (1, 2) (cella residua: dato vero)
      cella (a,b) normalizzata (1, 2) (cella residua: dato vero)
  <<< VIOLAZIONE a N=20: A=[3, 5, 13, 14, 15, 16] B=[6, 7, 8, 9, 17, 19] |G|=4
      cella (a,b) normalizzata (1, 2) (cella residua: dato vero)
      cella (a,b) normalizzata (1, 2) (cella residua: dato vero)
  <<< VIOLAZIONE a N=20: A=[3, 7, 9, 14, 16, 17] B=[5, 6, 8, 13, 15, 19] |G|=4
      cella (a,b) normalizzata (1, 2) (cella residua: dato vero)
      cella (a,b) normalizzata (1, 2) (cella residua: dato vero)
  <<< VIOLAZIONE a N=20: A=[3, 8, 9, 13, 14, 19] B=[5, 6, 7, 15, 16, 17] |G|=4
      cella (a,b) normalizzata (1, 2) (cella residua: dato vero)
      cella (a,b) normalizzata (1, 2) (cella residua: dato vero)
  <<< VIOLAZIONE a N=20: A=[4, 5, 14, 15, 16, 18] B=[6, 8, 9, 10, 19, 20] |G|=4
      cella (a,b) normalizzata (1, 2) (cella residua: dato vero)
      cella (a,b) normalizzata (1, 2) (cella residua: dato vero)
  <<< VIOLAZIONE a N=20: A=[4, 8, 9, 14, 18, 19] B=[5, 6, 10, 15, 16, 20] |G|=4
      cella (a,b) normalizzata (1, 2) (cella residua: dato vero)
      cella (a,b) normalizzata (1, 2) (cella residua: dato vero)
  <<< VIOLAZIONE a N=20: A=[4, 8, 9, 15, 16, 20] B=[5, 6, 10, 14, 18, 19] |G|=4
      cella (a,b) normalizzata (1, 2) (cella residua: dato vero)
      cella (a,b) normalizzata (1, 2) (cella residua: dato vero)
  <<< VIOLAZIONE a N=20: A=[4, 6, 12, 13, 14, 17] B=[5, 8, 9, 10, 16, 18] |G|=4
      cella (a,b) normalizzata (1, 2) (cella residua: dato vero)
      cella (a,b) normalizzata (1, 2) (cella residua: dato vero)
  <<< VIOLAZIONE a N=20: A=[4, 8, 9, 12, 16, 17] B=[5, 6, 10, 13, 14, 18] |G|=4
      cella (a,b) normalizzata (1, 2) (cella residua: dato vero)
      cella (a,b) normalizzata (1, 2) (cella residua: dato vero)
  <<< VIOLAZIONE a N=20: A=[4, 8, 9, 13, 14, 18] B=[5, 6, 10, 12, 16, 17] |G|=4
      cella (a,b) normalizzata (1, 2) (cella residua: dato vero)
      cella (a,b) normalizzata (1, 2) (cella residua: dato vero)
  <<< VIOLAZIONE a N=20: A=[4, 6, 14, 15, 16, 17] B=[7, 8, 9, 10, 18, 20] |G|=4
      cella (a,b) normalizzata (1, 2) (cella residua: dato vero)
      cella (a,b) normalizzata (1, 2) (cella residua: dato vero)
  <<< VIOLAZIONE a N=20: A=[4, 8, 10, 15, 17, 18] B=[6, 7, 9, 14, 16, 20] |G|=4
      cella (a,b) normalizzata (1, 2) (cella residua: dato vero)
      cella (a,b) normalizzata (1, 2) (cella residua: dato vero)
  <<< VIOLAZIONE a N=20: A=[4, 9, 10, 14, 15, 20] B=[6, 7, 8, 16, 17, 18] |G|=4
      cella (a,b) normalizzata (1, 2) (cella residua: dato vero)
      cella (a,b) normalizzata (1, 2) (cella residua: dato vero)
  <<< VIOLAZIONE a N=20: A=[5, 7, 13, 14, 15, 18] B=[6, 9, 10, 11, 17, 19] |G|=4
      cella (a,b) normalizzata (1, 2) (cella residua: dato vero)
      cella (a,b) normalizzata (1, 2) (cella residua: dato vero)
  <<< VIOLAZIONE a N=20: A=[5, 9, 10, 13, 17, 18] B=[6, 7, 11, 14, 15, 19] |G|=4
      cella (a,b) normalizzata (1, 2) (cella residua: dato vero)
      cella (a,b) normalizzata (1, 2) (cella residua: dato vero)
  <<< VIOLAZIONE a N=20: A=[5, 9, 10, 14, 15, 19] B=[6, 7, 11, 13, 17, 18] |G|=4
      cella (a,b) normalizzata (1, 2) (cella residua: dato vero)
      cella (a,b) normalizzata (1, 2) (cella residua: dato vero)
  <<< VIOLAZIONE a N=20: A=[6, 8, 14, 15, 16, 19] B=[7, 10, 11, 12, 18, 20] |G|=4
      cella (a,b) normalizzata (1, 2) (cella residua: dato vero)
      cella (a,b) normalizzata (1, 2) (cella residua: dato vero)
  <<< VIOLAZIONE a N=20: A=[6, 10, 11, 14, 18, 19] B=[7, 8, 12, 15, 16, 20] |G|=4
      cella (a,b) normalizzata (1, 2) (cella residua: dato vero)
      cella (a,b) normalizzata (1, 2) (cella residua: dato vero)
  <<< VIOLAZIONE a N=20: A=[6, 10, 11, 15, 16, 20] B=[7, 8, 12, 14, 18, 19] |G|=4
      cella (a,b) normalizzata (1, 2) (cella residua: dato vero)
      cella (a,b) normalizzata (1, 2) (cella residua: dato vero)
  N=20: coppie 8015 | distribuzione |G| {0: 6519, 2: 1448, 4: 48} | violazioni cumulative 78 [2s]
  <<< VIOLAZIONE a N=22: A=[1, 2, 10, 12, 13, 21] B=[3, 5, 6, 7, 16, 22] |G|=4
      cella (a,b) normalizzata (1, 2) (cella residua: dato vero)
      cella (a,b) normalizzata (1, 2) (cella residua: dato vero)
  <<< VIOLAZIONE a N=22: A=[1, 5, 6, 10, 16, 21] B=[2, 3, 7, 12, 13, 22] |G|=4
      cella (a,b) normalizzata (1, 2) (cella residua: dato vero)
      cella (a,b) normalizzata (1, 2) (cella residua: dato vero)
  <<< VIOLAZIONE a N=22: A=[1, 5, 6, 12, 13, 22] B=[2, 3, 7, 10, 16, 21] |G|=4
      cella (a,b) normalizzata (1, 2) (cella residua: dato vero)
      cella (a,b) normalizzata (1, 2) (cella residua: dato vero)
  <<< VIOLAZIONE a N=22: A=[1, 2, 10, 11, 15, 21] B=[3, 5, 6, 7, 17, 22] |G|=4
      cella (a,b) normalizzata (1, 2) (cella residua: dato vero)
      cella (a,b) normalizzata (1, 2) (cella residua: dato vero)
  <<< VIOLAZIONE a N=22: A=[1, 5, 6, 10, 17, 21] B=[2, 3, 7, 11, 15, 22] |G|=4
      cella (a,b) normalizzata (1, 2) (cella residua: dato vero)
      cella (a,b) normalizzata (1, 2) (cella residua: dato vero)
  <<< VIOLAZIONE a N=22: A=[1, 5, 6, 11, 15, 22] B=[2, 3, 7, 10, 17, 21] |G|=4
      cella (a,b) normalizzata (1, 2) (cella residua: dato vero)
      cella (a,b) normalizzata (1, 2) (cella residua: dato vero)
  <<< VIOLAZIONE a N=22: A=[1, 2, 12, 13, 14, 20] B=[4, 5, 6, 8, 17, 22] |G|=4
      cella (a,b) normalizzata (1, 2) (cella residua: dato vero)
      cella (a,b) normalizzata (1, 2) (cella residua: dato vero)
  <<< VIOLAZIONE a N=22: A=[1, 4, 8, 12, 17, 20] B=[2, 5, 6, 13, 14, 22] |G|=4
      cella (a,b) normalizzata (1, 2) (cella residua: dato vero)
      cella (a,b) normalizzata (1, 2) (cella residua: dato vero)
  <<< VIOLAZIONE a N=22: A=[1, 5, 8, 12, 14, 22] B=[2, 4, 6, 13, 17, 20] |G|=4
      cella (a,b) normalizzata (1, 2) (cella residua: dato vero)
      cella (a,b) normalizzata (1, 2) (cella residua: dato vero)
  <<< VIOLAZIONE a N=22: A=[1, 2, 11, 12, 13, 15] B=[3, 5, 6, 7, 16, 17] |G|=4
      cella (a,b) normalizzata (1, 2) (cella residua: dato vero)
      cella (a,b) normalizzata (1, 2) (cella residua: dato vero)
  <<< VIOLAZIONE a N=22: A=[1, 5, 6, 11, 15, 16] B=[2, 3, 7, 12, 13, 17] |G|=4
      cella (a,b) normalizzata (1, 2) (cella residua: dato vero)
      cella (a,b) normalizzata (1, 2) (cella residua: dato vero)
  <<< VIOLAZIONE a N=22: A=[1, 5, 6, 12, 13, 17] B=[2, 3, 7, 11, 15, 16] |G|=4
      cella (a,b) normalizzata (1, 2) (cella residua: dato vero)
      cella (a,b) normalizzata (1, 2) (cella residua: dato vero)
  <<< VIOLAZIONE a N=22: A=[1, 2, 13, 14, 15, 18] B=[3, 4, 8, 10, 17, 21] |G|=4
      cella (a,b) normalizzata (1, 2) (cella residua: dato vero)
      cella (a,b) normalizzata (1, 2) (cella residua: dato vero)
  <<< VIOLAZIONE a N=22: A=[1, 3, 10, 14, 17, 18] B=[2, 4, 8, 13, 15, 21] |G|=4
      cella (a,b) normalizzata (1, 2) (cella residua: dato vero)
      cella (a,b) normalizzata (1, 2) (cella residua: dato vero)
  <<< VIOLAZIONE a N=22: A=[1, 4, 8, 15, 17, 18] B=[2, 3, 10, 13, 14, 21] |G|=4
      cella (a,b) normalizzata (1, 2) (cella residua: dato vero)
      cella (a,b) normalizzata (1, 2) (cella residua: dato vero)
  <<< VIOLAZIONE a N=22: A=[1, 3, 9, 10, 11, 14] B=[2, 5, 6, 7, 13, 15] |G|=4
      cella (a,b) normalizzata (1, 2) (cella residua: dato vero)
      cella (a,b) normalizzata (1, 2) (cella residua: dato vero)
  <<< VIOLAZIONE a N=22: A=[1, 5, 6, 9, 13, 14] B=[2, 3, 7, 10, 11, 15] |G|=4
      cella (a,b) normalizzata (1, 2) (cella residua: dato vero)
      cella (a,b) normalizzata (1, 2) (cella residua: dato vero)
  <<< VIOLAZIONE a N=22: A=[1, 5, 6, 10, 11, 15] B=[2, 3, 7, 9, 13, 14] |G|=4
      cella (a,b) normalizzata (1, 2) (cella residua: dato vero)
      cella (a,b) normalizzata (1, 2) (cella residua: dato vero)
  <<< VIOLAZIONE a N=22: A=[1, 3, 11, 12, 13, 14] B=[4, 5, 6, 7, 15, 17] |G|=4
      cella (a,b) normalizzata (1, 2) (cella residua: dato vero)
      cella (a,b) normalizzata (1, 2) (cella residua: dato vero)
  <<< VIOLAZIONE a N=22: A=[1, 5, 7, 12, 14, 15] B=[3, 4, 6, 11, 13, 17] |G|=4
      cella (a,b) normalizzata (1, 2) (cella residua: dato vero)
      cella (a,b) normalizzata (1, 2) (cella residua: dato vero)
  <<< VIOLAZIONE a N=22: A=[1, 6, 7, 11, 12, 17] B=[3, 4, 5, 13, 14, 15] |G|=4
      cella (a,b) normalizzata (1, 2) (cella residua: dato vero)
      cella (a,b) normalizzata (1, 2) (cella residua: dato vero)
  <<< VIOLAZIONE a N=22: A=[1, 3, 14, 15, 16, 17] B=[5, 6, 7, 8, 19, 21] |G|=4
      cella (a,b) normalizzata (1, 2) (cella residua: dato vero)
      cella (a,b) normalizzata (1, 2) (cella residua: dato vero)
  <<< VIOLAZIONE a N=22: A=[1, 6, 8, 15, 17, 19] B=[3, 5, 7, 14, 16, 21] |G|=4
      cella (a,b) normalizzata (1, 2) (cella residua: dato vero)
      cella (a,b) normalizzata (1, 2) (cella residua: dato vero)
  <<< VIOLAZIONE a N=22: A=[1, 7, 8, 14, 15, 21] B=[3, 5, 6, 16, 17, 19] |G|=4
      cella (a,b) normalizzata (1, 2) (cella residua: dato vero)
      cella (a,b) normalizzata (1, 2) (cella residua: dato vero)
  <<< VIOLAZIONE a N=22: A=[1, 4, 11, 12, 14, 18] B=[2, 6, 8, 9, 16, 19] |G|=4
      cella (a,b) normalizzata (1, 2) (cella residua: dato vero)
      cella (a,b) normalizzata (1, 2) (cella residua: dato vero)
  <<< VIOLAZIONE a N=22: A=[1, 6, 8, 11, 16, 18] B=[2, 4, 9, 12, 14, 19] |G|=4
      cella (a,b) normalizzata (1, 2) (cella residua: dato vero)
      cella (a,b) normalizzata (1, 2) (cella residua: dato vero)
  <<< VIOLAZIONE a N=22: A=[1, 6, 8, 12, 14, 19] B=[2, 4, 9, 11, 16, 18] |G|=4
      cella (a,b) normalizzata (1, 2) (cella residua: dato vero)
      cella (a,b) normalizzata (1, 2) (cella residua: dato vero)
  <<< VIOLAZIONE a N=22: A=[1, 6, 10, 11, 16, 20] B=[2, 7, 8, 12, 13, 22] |G|=4
      cella (a,b) normalizzata (1, 2) (cella residua: dato vero)
      cella (a,b) normalizzata (1, 2) (cella residua: dato vero)
  <<< VIOLAZIONE a N=22: A=[1, 7, 8, 12, 16, 20] B=[2, 6, 10, 11, 13, 22] |G|=4
      cella (a,b) normalizzata (1, 2) (cella residua: dato vero)
      cella (a,b) normalizzata (1, 2) (cella residua: dato vero)
  <<< VIOLAZIONE a N=22: A=[1, 8, 10, 11, 12, 22] B=[2, 6, 7, 13, 16, 20] |G|=4
      cella (a,b) normalizzata (1, 2) (cella residua: dato vero)
      cella (a,b) normalizzata (1, 2) (cella residua: dato vero)
  <<< VIOLAZIONE a N=22: A=[1, 6, 10, 11, 17, 18] B=[2, 7, 8, 12, 13, 21] |G|=4
      cella (a,b) normalizzata (1, 2) (cella residua: dato vero)
      cella (a,b) normalizzata (1, 2) (cella residua: dato vero)
  <<< VIOLAZIONE a N=22: A=[1, 7, 8, 12, 17, 18] B=[2, 6, 10, 11, 13, 21] |G|=4
      cella (a,b) normalizzata (1, 2) (cella residua: dato vero)
      cella (a,b) normalizzata (1, 2) (cella residua: dato vero)
  <<< VIOLAZIONE a N=22: A=[1, 8, 10, 11, 12, 21] B=[2, 6, 7, 13, 17, 18] |G|=4
      cella (a,b) normalizzata (1, 2) (cella residua: dato vero)
      cella (a,b) normalizzata (1, 2) (cella residua: dato vero)
  <<< VIOLAZIONE a N=22: A=[1, 5, 12, 14, 18, 19] B=[4, 7, 8, 9, 20, 21] |G|=4
      cella (a,b) normalizzata (1, 2) (cella residua: dato vero)
      cella (a,b) normalizzata (1, 2) (cella residua: dato vero)
  <<< VIOLAZIONE a N=22: A=[1, 7, 9, 14, 18, 20] B=[4, 5, 8, 12, 19, 21] |G|=4
      cella (a,b) normalizzata (1, 2) (cella residua: dato vero)
      cella (a,b) normalizzata (1, 2) (cella residua: dato vero)
  <<< VIOLAZIONE a N=22: A=[1, 8, 9, 12, 19, 20] B=[4, 5, 7, 14, 18, 21] |G|=4
      cella (a,b) normalizzata (1, 2) (cella residua: dato vero)
      cella (a,b) normalizzata (1, 2) (cella residua: dato vero)
  <<< VIOLAZIONE a N=22: A=[2, 3, 14, 15, 16, 19] B=[4, 5, 9, 11, 18, 22] |G|=4
      cella (a,b) normalizzata (1, 2) (cella residua: dato vero)
      cella (a,b) normalizzata (1, 2) (cella residua: dato vero)
  <<< VIOLAZIONE a N=22: A=[2, 4, 11, 15, 18, 19] B=[3, 5, 9, 14, 16, 22] |G|=4
      cella (a,b) normalizzata (1, 2) (cella residua: dato vero)
      cella (a,b) normalizzata (1, 2) (cella residua: dato vero)
  <<< VIOLAZIONE a N=22: A=[2, 5, 9, 16, 18, 19] B=[3, 4, 11, 14, 15, 22] |G|=4
      cella (a,b) normalizzata (1, 2) (cella residua: dato vero)
      cella (a,b) normalizzata (1, 2) (cella residua: dato vero)
  <<< VIOLAZIONE a N=22: A=[1, 5, 11, 15, 16, 18] B=[3, 7, 8, 10, 17, 21] |G|=4
      cella (a,b) normalizzata (1, 2) (cella residua: dato vero)
      cella (a,b) normalizzata (1, 2) (cella residua: dato vero)
  <<< VIOLAZIONE a N=22: A=[1, 5, 12, 14, 15, 19] B=[4, 6, 7, 11, 17, 21] |G|=4
      cella (a,b) normalizzata (1, 2) (cella residua: dato vero)
      cella (a,b) normalizzata (1, 2) (cella residua: dato vero)
  <<< VIOLAZIONE a N=22: A=[1, 6, 11, 12, 17, 19] B=[4, 5, 7, 14, 15, 21] |G|=4
      cella (a,b) normalizzata (1, 2) (cella residua: dato vero)
      cella (a,b) normalizzata (1, 2) (cella residua: dato vero)
  <<< VIOLAZIONE a N=22: A=[1, 7, 8, 15, 17, 18] B=[3, 5, 10, 11, 16, 21] |G|=4
      cella (a,b) normalizzata (1, 2) (cella residua: dato vero)
      cella (a,b) normalizzata (1, 2) (cella residua: dato vero)
  <<< VIOLAZIONE a N=22: A=[1, 7, 11, 12, 14, 21] B=[4, 5, 6, 15, 17, 19] |G|=4
      cella (a,b) normalizzata (1, 2) (cella residua: dato vero)
      cella (a,b) normalizzata (1, 2) (cella residua: dato vero)
  <<< VIOLAZIONE a N=22: A=[1, 8, 10, 11, 15, 21] B=[3, 5, 7, 16, 17, 18] |G|=4
      cella (a,b) normalizzata (1, 2) (cella residua: dato vero)
      cella (a,b) normalizzata (1, 2) (cella residua: dato vero)
  <<< VIOLAZIONE a N=22: A=[1, 5, 12, 14, 16, 18] B=[4, 6, 8, 10, 17, 21] |G|=4
      cella (a,b) normalizzata (1, 2) (cella residua: dato vero)
      cella (a,b) normalizzata (1, 2) (cella residua: dato vero)
  <<< VIOLAZIONE a N=22: A=[1, 6, 10, 14, 17, 18] B=[4, 5, 8, 12, 16, 21] |G|=4
      cella (a,b) normalizzata (1, 2) (cella residua: dato vero)
      cella (a,b) normalizzata (1, 2) (cella residua: dato vero)
  <<< VIOLAZIONE a N=22: A=[1, 6, 12, 13, 14, 20] B=[2, 8, 9, 10, 16, 21] |G|=4
      cella (a,b) normalizzata (1, 2) (cella residua: dato vero)
      cella (a,b) normalizzata (1, 2) (cella residua: dato vero)
  <<< VIOLAZIONE a N=22: A=[1, 8, 9, 12, 16, 20] B=[2, 6, 10, 13, 14, 21] |G|=4
      cella (a,b) normalizzata (1, 2) (cella residua: dato vero)
      cella (a,b) normalizzata (1, 2) (cella residua: dato vero)
  <<< VIOLAZIONE a N=22: A=[1, 8, 10, 12, 14, 21] B=[2, 6, 9, 13, 16, 20] |G|=4
      cella (a,b) normalizzata (1, 2) (cella residua: dato vero)
      cella (a,b) normalizzata (1, 2) (cella residua: dato vero)
  <<< VIOLAZIONE a N=22: A=[1, 8, 10, 12, 14, 21] B=[4, 5, 6, 16, 17, 18] |G|=4
      cella (a,b) normalizzata (1, 2) (cella residua: dato vero)
      cella (a,b) normalizzata (1, 2) (cella residua: dato vero)
  <<< VIOLAZIONE a N=22: A=[1, 6, 12, 13, 15, 19] B=[3, 7, 9, 10, 16, 21] |G|=4
      cella (a,b) normalizzata (1, 2) (cella residua: dato vero)
      cella (a,b) normalizzata (1, 2) (cella residua: dato vero)
  <<< VIOLAZIONE a N=22: A=[1, 7, 10, 13, 16, 19] B=[3, 6, 9, 12, 15, 21] |G|=4
      cella (a,b) normalizzata (1, 2) (cella residua: dato vero)
      cella (a,b) normalizzata (1, 2) (cella residua: dato vero)
  <<< VIOLAZIONE a N=22: A=[1, 9, 10, 12, 13, 21] B=[3, 6, 7, 15, 16, 19] |G|=4
      cella (a,b) normalizzata (1, 2) (cella residua: dato vero)
      cella (a,b) normalizzata (1, 2) (cella residua: dato vero)
  <<< VIOLAZIONE a N=22: A=[2, 4, 10, 11, 12, 15] B=[3, 6, 7, 8, 14, 16] |G|=4
      cella (a,b) normalizzata (1, 2) (cella residua: dato vero)
      cella (a,b) normalizzata (1, 2) (cella residua: dato vero)
  <<< VIOLAZIONE a N=22: A=[2, 6, 7, 10, 14, 15] B=[3, 4, 8, 11, 12, 16] |G|=4
      cella (a,b) normalizzata (1, 2) (cella residua: dato vero)
      cella (a,b) normalizzata (1, 2) (cella residua: dato vero)
  <<< VIOLAZIONE a N=22: A=[2, 6, 7, 11, 12, 16] B=[3, 4, 8, 10, 14, 15] |G|=4
      cella (a,b) normalizzata (1, 2) (cella residua: dato vero)
      cella (a,b) normalizzata (1, 2) (cella residua: dato vero)
  <<< VIOLAZIONE a N=22: A=[2, 3, 12, 13, 14, 16] B=[4, 6, 7, 8, 17, 18] |G|=4
      cella (a,b) normalizzata (1, 2) (cella residua: dato vero)
      cella (a,b) normalizzata (1, 2) (cella residua: dato vero)
  <<< VIOLAZIONE a N=22: A=[2, 6, 7, 12, 16, 17] B=[3, 4, 8, 13, 14, 18] |G|=4
      cella (a,b) normalizzata (1, 2) (cella residua: dato vero)
      cella (a,b) normalizzata (1, 2) (cella residua: dato vero)
  <<< VIOLAZIONE a N=22: A=[2, 6, 7, 13, 14, 18] B=[3, 4, 8, 12, 16, 17] |G|=4
      cella (a,b) normalizzata (1, 2) (cella residua: dato vero)
      cella (a,b) normalizzata (1, 2) (cella residua: dato vero)
  <<< VIOLAZIONE a N=22: A=[2, 4, 12, 13, 14, 15] B=[5, 6, 7, 8, 16, 18] |G|=4
      cella (a,b) normalizzata (1, 2) (cella residua: dato vero)
      cella (a,b) normalizzata (1, 2) (cella residua: dato vero)
  <<< VIOLAZIONE a N=22: A=[2, 6, 8, 13, 15, 16] B=[4, 5, 7, 12, 14, 18] |G|=4
      cella (a,b) normalizzata (1, 2) (cella residua: dato vero)
      cella (a,b) normalizzata (1, 2) (cella residua: dato vero)
  <<< VIOLAZIONE a N=22: A=[2, 7, 8, 12, 13, 18] B=[4, 5, 6, 14, 15, 16] |G|=4
      cella (a,b) normalizzata (1, 2) (cella residua: dato vero)
      cella (a,b) normalizzata (1, 2) (cella residua: dato vero)
  <<< VIOLAZIONE a N=22: A=[2, 5, 12, 13, 15, 19] B=[3, 7, 9, 10, 17, 20] |G|=4
      cella (a,b) normalizzata (1, 2) (cella residua: dato vero)
      cella (a,b) normalizzata (1, 2) (cella residua: dato vero)
  <<< VIOLAZIONE a N=22: A=[2, 7, 9, 12, 17, 19] B=[3, 5, 10, 13, 15, 20] |G|=4
      cella (a,b) normalizzata (1, 2) (cella residua: dato vero)
      cella (a,b) normalizzata (1, 2) (cella residua: dato vero)
  <<< VIOLAZIONE a N=22: A=[2, 7, 9, 13, 15, 20] B=[3, 5, 10, 12, 17, 19] |G|=4
      cella (a,b) normalizzata (1, 2) (cella residua: dato vero)
      cella (a,b) normalizzata (1, 2) (cella residua: dato vero)
  <<< VIOLAZIONE a N=22: A=[1, 9, 10, 14, 15, 20] B=[4, 5, 11, 12, 16, 21] |G|=4
      cella (a,b) normalizzata (1, 2) (cella residua: dato vero)
      cella (a,b) normalizzata (1, 2) (cella residua: dato vero)
  <<< VIOLAZIONE a N=22: A=[1, 9, 11, 12, 16, 20] B=[4, 5, 10, 14, 15, 21] |G|=4
      cella (a,b) normalizzata (1, 2) (cella residua: dato vero)
      cella (a,b) normalizzata (1, 2) (cella residua: dato vero)
  <<< VIOLAZIONE a N=22: A=[1, 10, 11, 12, 14, 21] B=[4, 5, 9, 15, 16, 20] |G|=4
      cella (a,b) normalizzata (1, 2) (cella residua: dato vero)
      cella (a,b) normalizzata (1, 2) (cella residua: dato vero)
  <<< VIOLAZIONE a N=22: A=[2, 7, 11, 12, 18, 19] B=[3, 8, 9, 13, 14, 22] |G|=4
      cella (a,b) normalizzata (1, 2) (cella residua: dato vero)
      cella (a,b) normalizzata (1, 2) (cella residua: dato vero)
  <<< VIOLAZIONE a N=22: A=[2, 8, 9, 13, 18, 19] B=[3, 7, 11, 12, 14, 22] |G|=4
      cella (a,b) normalizzata (1, 2) (cella residua: dato vero)
      cella (a,b) normalizzata (1, 2) (cella residua: dato vero)
  <<< VIOLAZIONE a N=22: A=[2, 9, 11, 12, 13, 22] B=[3, 7, 8, 14, 18, 19] |G|=4
      cella (a,b) normalizzata (1, 2) (cella residua: dato vero)
      cella (a,b) normalizzata (1, 2) (cella residua: dato vero)
  <<< VIOLAZIONE a N=22: A=[2, 4, 15, 16, 17, 18] B=[6, 7, 8, 9, 20, 22] |G|=4
      cella (a,b) normalizzata (1, 2) (cella residua: dato vero)
      cella (a,b) normalizzata (1, 2) (cella residua: dato vero)
  <<< VIOLAZIONE a N=22: A=[2, 7, 9, 16, 18, 20] B=[4, 6, 8, 15, 17, 22] |G|=4
      cella (a,b) normalizzata (1, 2) (cella residua: dato vero)
      cella (a,b) normalizzata (1, 2) (cella residua: dato vero)
  <<< VIOLAZIONE a N=22: A=[2, 8, 9, 15, 16, 22] B=[4, 6, 7, 17, 18, 20] |G|=4
      cella (a,b) normalizzata (1, 2) (cella residua: dato vero)
      cella (a,b) normalizzata (1, 2) (cella residua: dato vero)
  <<< VIOLAZIONE a N=22: A=[1, 6, 15, 17, 18, 19] B=[3, 9, 10, 11, 21, 22] |G|=4
      cella (a,b) normalizzata (1, 2) (cella residua: dato vero)
      cella (a,b) normalizzata (1, 2) (cella residua: dato vero)
  <<< VIOLAZIONE a N=22: A=[1, 9, 10, 17, 18, 21] B=[3, 6, 11, 15, 19, 22] |G|=4
      cella (a,b) normalizzata (1, 2) (cella residua: dato vero)
      cella (a,b) normalizzata (1, 2) (cella residua: dato vero)
  <<< VIOLAZIONE a N=22: A=[1, 9, 11, 15, 18, 22] B=[3, 6, 10, 17, 19, 21] |G|=4
      cella (a,b) normalizzata (1, 2) (cella residua: dato vero)
      cella (a,b) normalizzata (1, 2) (cella residua: dato vero)
  <<< VIOLAZIONE a N=22: A=[1, 6, 16, 17, 18, 20] B=[2, 8, 12, 13, 21, 22] |G|=4
      cella (a,b) normalizzata (1, 2) (cella residua: dato vero)
      cella (a,b) normalizzata (1, 2) (cella residua: dato vero)
  <<< VIOLAZIONE a N=22: A=[1, 8, 12, 16, 20, 21] B=[2, 6, 13, 17, 18, 22] |G|=4
      cella (a,b) normalizzata (1, 2) (cella residua: dato vero)
      cella (a,b) normalizzata (1, 2) (cella residua: dato vero)
  <<< VIOLAZIONE a N=22: A=[1, 8, 12, 17, 18, 22] B=[2, 6, 13, 16, 20, 21] |G|=4
      cella (a,b) normalizzata (1, 2) (cella residua: dato vero)
      cella (a,b) normalizzata (1, 2) (cella residua: dato vero)
  <<< VIOLAZIONE a N=22: A=[3, 4, 13, 14, 15, 17] B=[5, 7, 8, 9, 18, 19] |G|=4
      cella (a,b) normalizzata (1, 2) (cella residua: dato vero)
      cella (a,b) normalizzata (1, 2) (cella residua: dato vero)
  <<< VIOLAZIONE a N=22: A=[3, 7, 8, 13, 17, 18] B=[4, 5, 9, 14, 15, 19] |G|=4
      cella (a,b) normalizzata (1, 2) (cella residua: dato vero)
      cella (a,b) normalizzata (1, 2) (cella residua: dato vero)
  <<< VIOLAZIONE a N=22: A=[3, 7, 8, 14, 15, 19] B=[4, 5, 9, 13, 17, 18] |G|=4
      cella (a,b) normalizzata (1, 2) (cella residua: dato vero)
      cella (a,b) normalizzata (1, 2) (cella residua: dato vero)
  <<< VIOLAZIONE a N=22: A=[2, 6, 13, 15, 17, 19] B=[5, 7, 9, 11, 18, 22] |G|=4
      cella (a,b) normalizzata (1, 2) (cella residua: dato vero)
      cella (a,b) normalizzata (1, 2) (cella residua: dato vero)
  <<< VIOLAZIONE a N=22: A=[2, 7, 11, 15, 18, 19] B=[5, 6, 9, 13, 17, 22] |G|=4
      cella (a,b) normalizzata (1, 2) (cella residua: dato vero)
      cella (a,b) normalizzata (1, 2) (cella residua: dato vero)
  <<< VIOLAZIONE a N=22: A=[2, 7, 13, 14, 15, 21] B=[3, 9, 10, 11, 17, 22] |G|=4
      cella (a,b) normalizzata (1, 2) (cella residua: dato vero)
      cella (a,b) normalizzata (1, 2) (cella residua: dato vero)
  <<< VIOLAZIONE a N=22: A=[2, 9, 10, 13, 17, 21] B=[3, 7, 11, 14, 15, 22] |G|=4
      cella (a,b) normalizzata (1, 2) (cella residua: dato vero)
      cella (a,b) normalizzata (1, 2) (cella residua: dato vero)
  <<< VIOLAZIONE a N=22: A=[2, 9, 11, 13, 15, 22] B=[3, 7, 10, 14, 17, 21] |G|=4
      cella (a,b) normalizzata (1, 2) (cella residua: dato vero)
      cella (a,b) normalizzata (1, 2) (cella residua: dato vero)
  <<< VIOLAZIONE a N=22: A=[2, 9, 11, 13, 15, 22] B=[5, 6, 7, 17, 18, 19] |G|=4
      cella (a,b) normalizzata (1, 2) (cella residua: dato vero)
      cella (a,b) normalizzata (1, 2) (cella residua: dato vero)
  <<< VIOLAZIONE a N=22: A=[2, 6, 13, 15, 19, 20] B=[5, 8, 9, 10, 21, 22] |G|=4
      cella (a,b) normalizzata (1, 2) (cella residua: dato vero)
      cella (a,b) normalizzata (1, 2) (cella residua: dato vero)
  <<< VIOLAZIONE a N=22: A=[2, 8, 10, 15, 19, 21] B=[5, 6, 9, 13, 20, 22] |G|=4
      cella (a,b) normalizzata (1, 2) (cella residua: dato vero)
      cella (a,b) normalizzata (1, 2) (cella residua: dato vero)
  <<< VIOLAZIONE a N=22: A=[2, 9, 10, 13, 20, 21] B=[5, 6, 8, 15, 19, 22] |G|=4
      cella (a,b) normalizzata (1, 2) (cella residua: dato vero)
      cella (a,b) normalizzata (1, 2) (cella residua: dato vero)
  <<< VIOLAZIONE a N=22: A=[1, 10, 11, 15, 16, 21] B=[3, 7, 12, 13, 17, 22] |G|=4
      cella (a,b) normalizzata (1, 2) (cella residua: dato vero)
      cella (a,b) normalizzata (1, 2) (cella residua: dato vero)
  <<< VIOLAZIONE a N=22: A=[1, 10, 12, 13, 17, 21] B=[3, 7, 11, 15, 16, 22] |G|=4
      cella (a,b) normalizzata (1, 2) (cella residua: dato vero)
      cella (a,b) normalizzata (1, 2) (cella residua: dato vero)
  <<< VIOLAZIONE a N=22: A=[1, 11, 12, 13, 15, 22] B=[3, 7, 10, 16, 17, 21] |G|=4
      cella (a,b) normalizzata (1, 2) (cella residua: dato vero)
      cella (a,b) normalizzata (1, 2) (cella residua: dato vero)
  <<< VIOLAZIONE a N=22: A=[1, 7, 16, 17, 18, 20] B=[2, 10, 11, 13, 21, 22] |G|=4
      cella (a,b) normalizzata (1, 2) (cella residua: dato vero)
      cella (a,b) normalizzata (1, 2) (cella residua: dato vero)
  <<< VIOLAZIONE a N=22: A=[1, 10, 11, 16, 20, 21] B=[2, 7, 13, 17, 18, 22] |G|=4
      cella (a,b) normalizzata (1, 2) (cella residua: dato vero)
      cella (a,b) normalizzata (1, 2) (cella residua: dato vero)
  <<< VIOLAZIONE a N=22: A=[1, 10, 11, 17, 18, 22] B=[2, 7, 13, 16, 20, 21] |G|=4
      cella (a,b) normalizzata (1, 2) (cella residua: dato vero)
      cella (a,b) normalizzata (1, 2) (cella residua: dato vero)
  <<< VIOLAZIONE a N=22: A=[3, 5, 11, 12, 13, 16] B=[4, 7, 8, 9, 15, 17] |G|=4
      cella (a,b) normalizzata (1, 2) (cella residua: dato vero)
      cella (a,b) normalizzata (1, 2) (cella residua: dato vero)
  <<< VIOLAZIONE a N=22: A=[3, 7, 8, 11, 15, 16] B=[4, 5, 9, 12, 13, 17] |G|=4
      cella (a,b) normalizzata (1, 2) (cella residua: dato vero)
      cella (a,b) normalizzata (1, 2) (cella residua: dato vero)
  <<< VIOLAZIONE a N=22: A=[3, 7, 8, 12, 13, 17] B=[4, 5, 9, 11, 15, 16] |G|=4
      cella (a,b) normalizzata (1, 2) (cella residua: dato vero)
      cella (a,b) normalizzata (1, 2) (cella residua: dato vero)
  <<< VIOLAZIONE a N=22: A=[2, 6, 12, 16, 17, 19] B=[4, 8, 9, 11, 18, 22] |G|=4
      cella (a,b) normalizzata (1, 2) (cella residua: dato vero)
      cella (a,b) normalizzata (1, 2) (cella residua: dato vero)
  <<< VIOLAZIONE a N=22: A=[2, 6, 13, 15, 16, 20] B=[5, 7, 8, 12, 18, 22] |G|=4
      cella (a,b) normalizzata (1, 2) (cella residua: dato vero)
      cella (a,b) normalizzata (1, 2) (cella residua: dato vero)
  <<< VIOLAZIONE a N=22: A=[2, 7, 12, 13, 18, 20] B=[5, 6, 8, 15, 16, 22] |G|=4
      cella (a,b) normalizzata (1, 2) (cella residua: dato vero)
      cella (a,b) normalizzata (1, 2) (cella residua: dato vero)
  <<< VIOLAZIONE a N=22: A=[2, 8, 9, 16, 18, 19] B=[4, 6, 11, 12, 17, 22] |G|=4
      cella (a,b) normalizzata (1, 2) (cella residua: dato vero)
      cella (a,b) normalizzata (1, 2) (cella residua: dato vero)
  <<< VIOLAZIONE a N=22: A=[2, 8, 12, 13, 15, 22] B=[5, 6, 7, 16, 18, 20] |G|=4
      cella (a,b) normalizzata (1, 2) (cella residua: dato vero)
      cella (a,b) normalizzata (1, 2) (cella residua: dato vero)
  <<< VIOLAZIONE a N=22: A=[2, 9, 11, 12, 16, 22] B=[4, 6, 8, 17, 18, 19] |G|=4
      cella (a,b) normalizzata (1, 2) (cella residua: dato vero)
      cella (a,b) normalizzata (1, 2) (cella residua: dato vero)
  <<< VIOLAZIONE a N=22: A=[3, 6, 13, 14, 16, 20] B=[4, 8, 10, 11, 18, 21] |G|=4
      cella (a,b) normalizzata (1, 2) (cella residua: dato vero)
      cella (a,b) normalizzata (1, 2) (cella residua: dato vero)
  <<< VIOLAZIONE a N=22: A=[3, 8, 10, 13, 18, 20] B=[4, 6, 11, 14, 16, 21] |G|=4
      cella (a,b) normalizzata (1, 2) (cella residua: dato vero)
      cella (a,b) normalizzata (1, 2) (cella residua: dato vero)
  <<< VIOLAZIONE a N=22: A=[3, 8, 10, 14, 16, 21] B=[4, 6, 11, 13, 18, 20] |G|=4
      cella (a,b) normalizzata (1, 2) (cella residua: dato vero)
      cella (a,b) normalizzata (1, 2) (cella residua: dato vero)
  <<< VIOLAZIONE a N=22: A=[3, 5, 13, 14, 15, 16] B=[6, 7, 8, 9, 17, 19] |G|=4
      cella (a,b) normalizzata (1, 2) (cella residua: dato vero)
      cella (a,b) normalizzata (1, 2) (cella residua: dato vero)
  <<< VIOLAZIONE a N=22: A=[3, 7, 9, 14, 16, 17] B=[5, 6, 8, 13, 15, 19] |G|=4
      cella (a,b) normalizzata (1, 2) (cella residua: dato vero)
      cella (a,b) normalizzata (1, 2) (cella residua: dato vero)
  <<< VIOLAZIONE a N=22: A=[3, 8, 9, 13, 14, 19] B=[5, 6, 7, 15, 16, 17] |G|=4
      cella (a,b) normalizzata (1, 2) (cella residua: dato vero)
      cella (a,b) normalizzata (1, 2) (cella residua: dato vero)
  <<< VIOLAZIONE a N=22: A=[2, 10, 11, 15, 16, 21] B=[5, 6, 12, 13, 17, 22] |G|=4
      cella (a,b) normalizzata (1, 2) (cella residua: dato vero)
      cella (a,b) normalizzata (1, 2) (cella residua: dato vero)
  <<< VIOLAZIONE a N=22: A=[2, 10, 12, 13, 17, 21] B=[5, 6, 11, 15, 16, 22] |G|=4
      cella (a,b) normalizzata (1, 2) (cella residua: dato vero)
      cella (a,b) normalizzata (1, 2) (cella residua: dato vero)
  <<< VIOLAZIONE a N=22: A=[2, 11, 12, 13, 15, 22] B=[5, 6, 10, 16, 17, 21] |G|=4
      cella (a,b) normalizzata (1, 2) (cella residua: dato vero)
      cella (a,b) normalizzata (1, 2) (cella residua: dato vero)
  <<< VIOLAZIONE a N=22: A=[2, 7, 13, 14, 16, 20] B=[4, 8, 10, 11, 17, 22] |G|=4
      cella (a,b) normalizzata (1, 2) (cella residua: dato vero)
      cella (a,b) normalizzata (1, 2) (cella residua: dato vero)
  <<< VIOLAZIONE a N=22: A=[2, 8, 11, 14, 17, 20] B=[4, 7, 10, 13, 16, 22] |G|=4
      cella (a,b) normalizzata (1, 2) (cella residua: dato vero)
      cella (a,b) normalizzata (1, 2) (cella residua: dato vero)
  <<< VIOLAZIONE a N=22: A=[2, 10, 11, 13, 14, 22] B=[4, 7, 8, 16, 17, 20] |G|=4
      cella (a,b) normalizzata (1, 2) (cella residua: dato vero)
      cella (a,b) normalizzata (1, 2) (cella residua: dato vero)
  <<< VIOLAZIONE a N=22: A=[4, 5, 14, 15, 16, 18] B=[6, 8, 9, 10, 19, 20] |G|=4
      cella (a,b) normalizzata (1, 2) (cella residua: dato vero)
      cella (a,b) normalizzata (1, 2) (cella residua: dato vero)
  <<< VIOLAZIONE a N=22: A=[4, 8, 9, 14, 18, 19] B=[5, 6, 10, 15, 16, 20] |G|=4
      cella (a,b) normalizzata (1, 2) (cella residua: dato vero)
      cella (a,b) normalizzata (1, 2) (cella residua: dato vero)
  <<< VIOLAZIONE a N=22: A=[4, 8, 9, 15, 16, 20] B=[5, 6, 10, 14, 18, 19] |G|=4
      cella (a,b) normalizzata (1, 2) (cella residua: dato vero)
      cella (a,b) normalizzata (1, 2) (cella residua: dato vero)
  <<< VIOLAZIONE a N=22: A=[4, 7, 14, 15, 17, 21] B=[5, 9, 11, 12, 19, 22] |G|=4
      cella (a,b) normalizzata (1, 2) (cella residua: dato vero)
      cella (a,b) normalizzata (1, 2) (cella residua: dato vero)
  <<< VIOLAZIONE a N=22: A=[4, 9, 11, 14, 19, 21] B=[5, 7, 12, 15, 17, 22] |G|=4
      cella (a,b) normalizzata (1, 2) (cella residua: dato vero)
      cella (a,b) normalizzata (1, 2) (cella residua: dato vero)
  <<< VIOLAZIONE a N=22: A=[4, 9, 11, 15, 17, 22] B=[5, 7, 12, 14, 19, 21] |G|=4
      cella (a,b) normalizzata (1, 2) (cella residua: dato vero)
      cella (a,b) normalizzata (1, 2) (cella residua: dato vero)
  <<< VIOLAZIONE a N=22: A=[4, 6, 12, 13, 14, 17] B=[5, 8, 9, 10, 16, 18] |G|=4
      cella (a,b) normalizzata (1, 2) (cella residua: dato vero)
      cella (a,b) normalizzata (1, 2) (cella residua: dato vero)
  <<< VIOLAZIONE a N=22: A=[4, 8, 9, 12, 16, 17] B=[5, 6, 10, 13, 14, 18] |G|=4
      cella (a,b) normalizzata (1, 2) (cella residua: dato vero)
      cella (a,b) normalizzata (1, 2) (cella residua: dato vero)
  <<< VIOLAZIONE a N=22: A=[4, 8, 9, 13, 14, 18] B=[5, 6, 10, 12, 16, 17] |G|=4
      cella (a,b) normalizzata (1, 2) (cella residua: dato vero)
      cella (a,b) normalizzata (1, 2) (cella residua: dato vero)
  <<< VIOLAZIONE a N=22: A=[4, 6, 14, 15, 16, 17] B=[7, 8, 9, 10, 18, 20] |G|=4
      cella (a,b) normalizzata (1, 2) (cella residua: dato vero)
      cella (a,b) normalizzata (1, 2) (cella residua: dato vero)
  <<< VIOLAZIONE a N=22: A=[4, 8, 10, 15, 17, 18] B=[6, 7, 9, 14, 16, 20] |G|=4
      cella (a,b) normalizzata (1, 2) (cella residua: dato vero)
      cella (a,b) normalizzata (1, 2) (cella residua: dato vero)
  <<< VIOLAZIONE a N=22: A=[4, 9, 10, 14, 15, 20] B=[6, 7, 8, 16, 17, 18] |G|=4
      cella (a,b) normalizzata (1, 2) (cella residua: dato vero)
      cella (a,b) normalizzata (1, 2) (cella residua: dato vero)
  <<< VIOLAZIONE a N=22: A=[5, 6, 15, 16, 17, 19] B=[7, 9, 10, 11, 20, 21] |G|=4
      cella (a,b) normalizzata (1, 2) (cella residua: dato vero)
      cella (a,b) normalizzata (1, 2) (cella residua: dato vero)
  <<< VIOLAZIONE a N=22: A=[5, 9, 10, 15, 19, 20] B=[6, 7, 11, 16, 17, 21] |G|=4
      cella (a,b) normalizzata (1, 2) (cella residua: dato vero)
      cella (a,b) normalizzata (1, 2) (cella residua: dato vero)
  <<< VIOLAZIONE a N=22: A=[5, 9, 10, 16, 17, 21] B=[6, 7, 11, 15, 19, 20] |G|=4
      cella (a,b) normalizzata (1, 2) (cella residua: dato vero)
      cella (a,b) normalizzata (1, 2) (cella residua: dato vero)
  <<< VIOLAZIONE a N=22: A=[5, 7, 13, 14, 15, 18] B=[6, 9, 10, 11, 17, 19] |G|=4
      cella (a,b) normalizzata (1, 2) (cella residua: dato vero)
      cella (a,b) normalizzata (1, 2) (cella residua: dato vero)
  <<< VIOLAZIONE a N=22: A=[5, 9, 10, 13, 17, 18] B=[6, 7, 11, 14, 15, 19] |G|=4
      cella (a,b) normalizzata (1, 2) (cella residua: dato vero)
      cella (a,b) normalizzata (1, 2) (cella residua: dato vero)
  <<< VIOLAZIONE a N=22: A=[5, 9, 10, 14, 15, 19] B=[6, 7, 11, 13, 17, 18] |G|=4
      cella (a,b) normalizzata (1, 2) (cella residua: dato vero)
      cella (a,b) normalizzata (1, 2) (cella residua: dato vero)
  <<< VIOLAZIONE a N=22: A=[5, 7, 15, 16, 17, 18] B=[8, 9, 10, 11, 19, 21] |G|=4
      cella (a,b) normalizzata (1, 2) (cella residua: dato vero)
      cella (a,b) normalizzata (1, 2) (cella residua: dato vero)
  <<< VIOLAZIONE a N=22: A=[5, 9, 11, 16, 18, 19] B=[7, 8, 10, 15, 17, 21] |G|=4
      cella (a,b) normalizzata (1, 2) (cella residua: dato vero)
      cella (a,b) normalizzata (1, 2) (cella residua: dato vero)
  <<< VIOLAZIONE a N=22: A=[5, 10, 11, 15, 16, 21] B=[7, 8, 9, 17, 18, 19] |G|=4
      cella (a,b) normalizzata (1, 2) (cella residua: dato vero)
      cella (a,b) normalizzata (1, 2) (cella residua: dato vero)
  <<< VIOLAZIONE a N=22: A=[6, 7, 16, 17, 18, 20] B=[8, 10, 11, 12, 21, 22] |G|=4
      cella (a,b) normalizzata (1, 2) (cella residua: dato vero)
      cella (a,b) normalizzata (1, 2) (cella residua: dato vero)
  <<< VIOLAZIONE a N=22: A=[6, 10, 11, 16, 20, 21] B=[7, 8, 12, 17, 18, 22] |G|=4
      cella (a,b) normalizzata (1, 2) (cella residua: dato vero)
      cella (a,b) normalizzata (1, 2) (cella residua: dato vero)
  <<< VIOLAZIONE a N=22: A=[6, 10, 11, 17, 18, 22] B=[7, 8, 12, 16, 20, 21] |G|=4
      cella (a,b) normalizzata (1, 2) (cella residua: dato vero)
      cella (a,b) normalizzata (1, 2) (cella residua: dato vero)
  <<< VIOLAZIONE a N=22: A=[6, 8, 14, 15, 16, 19] B=[7, 10, 11, 12, 18, 20] |G|=4
      cella (a,b) normalizzata (1, 2) (cella residua: dato vero)
      cella (a,b) normalizzata (1, 2) (cella residua: dato vero)
  <<< VIOLAZIONE a N=22: A=[6, 10, 11, 14, 18, 19] B=[7, 8, 12, 15, 16, 20] |G|=4
      cella (a,b) normalizzata (1, 2) (cella residua: dato vero)
      cella (a,b) normalizzata (1, 2) (cella residua: dato vero)
  <<< VIOLAZIONE a N=22: A=[6, 10, 11, 15, 16, 20] B=[7, 8, 12, 14, 18, 19] |G|=4
      cella (a,b) normalizzata (1, 2) (cella residua: dato vero)
      cella (a,b) normalizzata (1, 2) (cella residua: dato vero)
  <<< VIOLAZIONE a N=22: A=[6, 8, 16, 17, 18, 19] B=[9, 10, 11, 12, 20, 22] |G|=4
      cella (a,b) normalizzata (1, 2) (cella residua: dato vero)
      cella (a,b) normalizzata (1, 2) (cella residua: dato vero)
  <<< VIOLAZIONE a N=22: A=[6, 10, 12, 17, 19, 20] B=[8, 9, 11, 16, 18, 22] |G|=4
      cella (a,b) normalizzata (1, 2) (cella residua: dato vero)
      cella (a,b) normalizzata (1, 2) (cella residua: dato vero)
  <<< VIOLAZIONE a N=22: A=[6, 11, 12, 16, 17, 22] B=[8, 9, 10, 18, 19, 20] |G|=4
      cella (a,b) normalizzata (1, 2) (cella residua: dato vero)
      cella (a,b) normalizzata (1, 2) (cella residua: dato vero)
  <<< VIOLAZIONE a N=22: A=[7, 9, 15, 16, 17, 20] B=[8, 11, 12, 13, 19, 21] |G|=4
      cella (a,b) normalizzata (1, 2) (cella residua: dato vero)
      cella (a,b) normalizzata (1, 2) (cella residua: dato vero)
  <<< VIOLAZIONE a N=22: A=[7, 11, 12, 15, 19, 20] B=[8, 9, 13, 16, 17, 21] |G|=4
      cella (a,b) normalizzata (1, 2) (cella residua: dato vero)
      cella (a,b) normalizzata (1, 2) (cella residua: dato vero)
  <<< VIOLAZIONE a N=22: A=[7, 11, 12, 16, 17, 21] B=[8, 9, 13, 15, 19, 20] |G|=4
      cella (a,b) normalizzata (1, 2) (cella residua: dato vero)
      cella (a,b) normalizzata (1, 2) (cella residua: dato vero)
  <<< VIOLAZIONE a N=22: A=[8, 10, 16, 17, 18, 21] B=[9, 12, 13, 14, 20, 22] |G|=4
      cella (a,b) normalizzata (1, 2) (cella residua: dato vero)
      cella (a,b) normalizzata (1, 2) (cella residua: dato vero)
  <<< VIOLAZIONE a N=22: A=[8, 12, 13, 16, 20, 21] B=[9, 10, 14, 17, 18, 22] |G|=4
      cella (a,b) normalizzata (1, 2) (cella residua: dato vero)
      cella (a,b) normalizzata (1, 2) (cella residua: dato vero)
  <<< VIOLAZIONE a N=22: A=[8, 12, 13, 17, 18, 22] B=[9, 10, 14, 16, 20, 21] |G|=4
      cella (a,b) normalizzata (1, 2) (cella residua: dato vero)
      cella (a,b) normalizzata (1, 2) (cella residua: dato vero)
  N=22: coppie 31173 | distribuzione |G| {0: 26573, 2: 4444, 4: 156} | violazioni cumulative 234 [8s]

VERDETTO 2c: violazioni 234 — vedi classificazione F-b sopra
