SEDUTA INVARIANTE 156x32 — censimento indipendente delle coppie
|G|=4 di [1..22]: carta d'identita (Bersaglio 1) e invariante del 32
(Bersaglio 2). MISURA, non teoria. Codice NUOVO, non riuso di
fresco_excl.py: censimento diretto a N=22 (ogni coppia same-bucket di
[1..N] con N<=22 e coppia di [1..22], quindi il livello 22 e
esaustivo), G contato per bucket di invarianti delle terne, non per
doppio ciclo con uguaglianze.

FACCE PRE-SCRITTE (stampate qui, prima di ogni calcolo):
 B1-a: atteso dal quadro: matrice d'incidenza congiunta (lato A, lato
       B, gemelle appaiate) IDENTICA a meno di rietichettatura delle
       4 gemelle su tutte le 156 coppie; se anche UNA differisce, la
       classe comune per incidenza e FALSIFICATA e si verbalizza coi
       membri.
 B1-b: distribuzione di (s1,s2) e taglie dei bucket a verbale
       (descrittiva, nessun atteso vincolante).
 B2-a: ri-misura indipendente del vaglio S1: OGNI coppia |G|=4 da
       ESATTAMENTE {misti 32, solo-N3 40, solo-N2 488, nulli 160} su
       720; una coppia con firma diversa FALSIFICA l'uniformita coi
       membri a verbale.
 B2-b (TEST pre-scritto): il conteggio dei misti e FUNZIONE della
       sola matrice d'incidenza normalizzata? Operativamente:
       (i) coppie reali con la stessa incidenza canonica devono avere
       gli stessi conteggi; (ii) il MODELLO ASTRATTO costruito dalla
       SOLA incidenza canonica (punti 0..5 senza aritmetica) deve
       riprodurre i conteggi contando le 720 biiezioni, su TUTTE le
       realizzazioni enumerate dell'incidenza. Se si, l'invariante
       candidato e l'incidenza e il 32 SI DERIVA da essa per
       conteggio (aritmetica finita); se no, controesempio coi
       membri. Idem per 40/488/160 (stesso costo).
 B2-c: struttura dei 32 misti (descrittiva): vettori k per gemella,
       tabella (kg,kh) su 720, gruppo di simmetria congiunto della
       configurazione, orbite dei misti, stabilizzatori,
       fattorizzazione del 32; ritratto orbitale confrontato su tutte
       le 156.
Log: logs/invariante-156.log

SPECIFICA VERIFICATA (segni e convenzioni, prima del primo run):
  bucket key = (s1, s2) = (somma, somma dei quadrati) della sestina
  gemella = (TA, TB): TA in A, TB in B, |TA|=|TB|=3,
            somma(TA) = somma(TB) e somma quadrati(TA) = (TB)
  |G| = numero di gemelle; base = coppie DISGIUNTE same-bucket
  accoppiamento = biiezione psi: A -> B, una per permutazione (720)
  k(gemella) = |psi(TA) intersecato TB|; N3 = #{gemelle con k=3},
  N2 = #{gemelle con k=2}; classi: misto (N3>0 e N2>0),
  solo-N3 (N3>0, N2=0), solo-N2 (N2>0, N3=0), nullo (0,0)
  cella (a,b) normalizzata = min((a,b), (3-a,3-b))
  multiset con Counter; MAI sorted su collezioni di frozenset
  (ordinamenti solo su tuple di interi, deterministici)

====================================================================
CENSIMENTO INDIPENDENTE a N=22 (base coi membri)
====================================================================
sestine di [1..22]: 74613 (atteso C(22,6) = 74613)
bucket: 11074; coppie disgiunte same-bucket: 31173
distribuzione |G|: {0: 26573, 2: 4444, 4: 156}
coppie |G|=4: 156
ricontrollo doppio-ciclo su 156 coppie: anomalie 0
membro documentato A=[1, 3, 9, 10, 11, 14] B=[2, 5, 6, 7, 13, 15]: PRESENTE
membro documentato A=[7, 11, 12, 16, 17, 21] B=[8, 9, 13, 15, 19, 20]: PRESENTE
[censimento: 3.0s]

====================================================================
BERSAGLIO 1 — CARTA D'IDENTITA: gemelle, complementi, incidenza
====================================================================
chiusura per complemento: violazioni 0 su 156
lati (4 terne distinte per lato): violazioni 0

forme canoniche CONGIUNTE distinte: 1 (molteplicita: [156])
forme canoniche per lato A: 1; per lato B: 1
celle (a,b) normalizzate: {(1, 2): 156}
  forma congiunta (x156):
    lato A: ((3, 0, 1, 2), (0, 3, 2, 1), (1, 2, 3, 0), (2, 1, 0, 3))
    lato B: ((3, 0, 2, 1), (0, 3, 1, 2), (2, 1, 3, 0), (1, 2, 0, 3))
FACCIA B1-a: incidenza congiunta IDENTICA a meno di rietichettatura su tutte le coppie — classe comune per incidenza NON falsificata

bucket coinvolti: 46; coppie per bucket: {3: 40, 6: 6}  [chiave = coppie nel bucket]
s1 range: 48..90; s2 range: 508..1474
distribuzione (s1,s2) -> (coppie |G|=4, taglia bucket a N=22):
  (48, 508): (3, 13)
  (54, 610): (3, 14)
  (54, 640): (3, 17)
  (54, 664): (3, 19)
  (59, 859): (3, 21)
  (60, 724): (3, 16)
  (60, 754): (3, 19)
  (60, 778): (3, 22)
  (60, 802): (3, 22)
  (60, 892): (3, 16)
  (62, 914): (3, 20)
  (63, 871): (3, 36)
  (63, 919): (3, 33)
  (64, 914): (3, 22)
  (66, 850): (3, 16)
  (66, 880): (3, 22)
  (66, 904): (3, 25)
  (66, 928): (3, 25)
  (66, 936): (3, 21)
  (66, 946): (6, 29)
  (66, 952): (6, 30)
  (66, 976): (3, 28)
  (69, 1003): (6, 40)
  (69, 1051): (6, 37)
  (72, 988): (3, 16)
  (72, 1018): (3, 22)
  (72, 1042): (3, 25)
  (72, 1066): (3, 25)
  (72, 1074): (3, 21)
  (72, 1084): (6, 29)
  (72, 1090): (6, 30)
  (72, 1114): (3, 28)
  (74, 1144): (3, 22)
  (75, 1147): (3, 36)
  (75, 1195): (3, 33)
  (76, 1236): (3, 20)
  (78, 1138): (3, 16)
  (78, 1168): (3, 19)
  (78, 1192): (3, 22)
  (78, 1216): (3, 22)
  (78, 1306): (3, 16)
  (79, 1319): (3, 21)
  (84, 1300): (3, 14)
  (84, 1330): (3, 17)
  (84, 1354): (3, 19)
  (90, 1474): (3, 13)
[B1: 0.1s]

====================================================================
BERSAGLIO 2 — SWEEP 720 PER COPPIA: firma, vettori k, tabella
====================================================================
coppie con firma diversa da {'solo-N2': 488, 'nullo': 160, 'solo-N3': 40, 'misto': 32}: 0 su 156
FACCIA B2-a: firma {misti 32, solo-N3 40, solo-N2 488, nulli 160} RI-MISURATA IDENTICA su tutte le coppie (vaglio S1 riprodotto con codice indipendente)
gemelle complementari con k uguale: violazioni 0 su 112320 (aritmetica del complemento: attesa 0)
firme FINI (Counter dei vettori k) distinte: 1
  firma fine unica; tabella (kg,kh) su 720 [kg = k della coppia {g,gbar}, kh = k della coppia {h,hbar}]:
        kh=0   kh=1   kh=2   kh=3
  kg=0      0     16     16      4
  kg=1     16    128    164     16
  kg=2     16    164    128     16
  kg=3      4     16     16      0
  ricontrollo per appartenenza dalla tabella: misti 32, solo-N3 40, solo-N2 488, nulli 160 (somma 720)
[B2 sweep: 0.8s]

--------------------------------------------------------------------
B2-c — STRUTTURA: gruppo di simmetria congiunto e orbite dei misti
--------------------------------------------------------------------
ritratti orbitali distinti su 156 coppie: 1
  (x156) |Aut_A|=16 |Aut_B|=16 |congiunto|=64 orbite misti [32] fuori-misti 0
        stabilizzatori per orbita: [2]; 32 = 32
[B2-c: 0.8s]

COPPIA CAMPIONE: A=[1, 3, 9, 10, 11, 14] B=[2, 5, 6, 7, 13, 15] key=(48, 508)
  g   : A-lato [1, 9, 14]  B-lato [2, 7, 15]  inv (24, 278)
  gbar: A-lato [3, 10, 11]  B-lato [5, 6, 13]  inv (24, 230)
  h   : A-lato [1, 10, 11]  B-lato [2, 7, 13]  inv (22, 222)
  hbar: A-lato [3, 9, 14]  B-lato [5, 6, 15]  inv (26, 286)
  a=|gA int hA|=1  b=|gB int hB|=2  cella (1, 2)
  firma: {'misto': 32, 'solo-N2': 488, 'nullo': 160, 'solo-N3': 40}
  i 32 misti (q = immagine di A ordinata; ks per gemella g,gbar,h,hbar):
    [2, 5, 6, 7, 13, 15]  ks=[2, 2, 3, 3]
    [2, 5, 6, 13, 7, 15]  ks=[2, 2, 3, 3]
    [2, 5, 7, 6, 13, 15]  ks=[3, 3, 2, 2]
    [2, 5, 7, 13, 6, 15]  ks=[3, 3, 2, 2]
    [2, 5, 15, 6, 13, 7]  ks=[3, 3, 2, 2]
    [2, 5, 15, 7, 13, 6]  ks=[2, 2, 3, 3]
    [2, 5, 15, 13, 6, 7]  ks=[3, 3, 2, 2]
    [2, 5, 15, 13, 7, 6]  ks=[2, 2, 3, 3]
    [2, 6, 5, 7, 13, 15]  ks=[2, 2, 3, 3]
    [2, 6, 5, 13, 7, 15]  ks=[2, 2, 3, 3]
    [2, 6, 7, 5, 13, 15]  ks=[3, 3, 2, 2]
    [2, 6, 7, 13, 5, 15]  ks=[3, 3, 2, 2]
    [2, 6, 15, 5, 13, 7]  ks=[3, 3, 2, 2]
    [2, 6, 15, 7, 13, 5]  ks=[2, 2, 3, 3]
    [2, 6, 15, 13, 5, 7]  ks=[3, 3, 2, 2]
    [2, 6, 15, 13, 7, 5]  ks=[2, 2, 3, 3]
    [7, 5, 2, 6, 13, 15]  ks=[3, 3, 2, 2]
    [7, 5, 2, 13, 6, 15]  ks=[3, 3, 2, 2]
    [7, 5, 6, 2, 13, 15]  ks=[2, 2, 3, 3]
    [7, 5, 6, 13, 2, 15]  ks=[2, 2, 3, 3]
    [7, 5, 15, 2, 13, 6]  ks=[2, 2, 3, 3]
    [7, 5, 15, 6, 13, 2]  ks=[3, 3, 2, 2]
    [7, 5, 15, 13, 2, 6]  ks=[2, 2, 3, 3]
    [7, 5, 15, 13, 6, 2]  ks=[3, 3, 2, 2]
    [7, 6, 2, 5, 13, 15]  ks=[3, 3, 2, 2]
    [7, 6, 2, 13, 5, 15]  ks=[3, 3, 2, 2]
    [7, 6, 5, 2, 13, 15]  ks=[2, 2, 3, 3]
    [7, 6, 5, 13, 2, 15]  ks=[2, 2, 3, 3]
    [7, 6, 15, 2, 13, 5]  ks=[2, 2, 3, 3]
    [7, 6, 15, 5, 13, 2]  ks=[3, 3, 2, 2]
    [7, 6, 15, 13, 2, 5]  ks=[2, 2, 3, 3]
    [7, 6, 15, 13, 5, 2]  ks=[3, 3, 2, 2]

--------------------------------------------------------------------
B2-b — MODELLO ASTRATTO DALLA SOLA INCIDENZA (test pre-scritto)
--------------------------------------------------------------------
realizzazioni astratte dell'incidenza canonica: lato A 180, lato B 180
conteggi distinti su 360 combinazioni (A canonico x tutte le B, B canonico x tutte le A): 1
  (x360) {'misto': 32, 'nullo': 160, 'solo-N2': 488, 'solo-N3': 40}
FACCIA B2-b: il conteggio e FUNZIONE della sola incidenza canonica sulle realizzazioni enumerate, e il modello RIPRODUCE {misti 32, solo-N3 40, solo-N2 488, nulli 160}: l'invariante candidato e l'incidenza; 32/40/488/160 SI DERIVANO da essa per conteggio finito
[B2-b: 2.4s]

====================================================================
TABELLA COMPLETA — le 156 coppie coi membri (carta d'identita)
====================================================================
colonne: idx | (s1,s2) | A | B | gemelle g,gbar,h,hbar (lato A / lato B) | (a,b) | firma
[  1] (48, 508) A=[1, 3, 9, 10, 11, 14] B=[2, 5, 6, 7, 13, 15]
      g    [1, 9, 14] / [2, 7, 15]
      gbar [3, 10, 11] / [5, 6, 13]
      h    [1, 10, 11] / [2, 7, 13]
      hbar [3, 9, 14] / [5, 6, 15]
      (a,b)=(1,2) cella (1, 2) firma {misti 32, solo-N3 40, solo-N2 488, nulli 160}
[  2] (48, 508) A=[1, 5, 6, 9, 13, 14] B=[2, 3, 7, 10, 11, 15]
      g    [1, 5, 6] / [2, 3, 7]
      gbar [9, 13, 14] / [10, 11, 15]
      h    [1, 9, 14] / [2, 7, 15]
      hbar [5, 6, 13] / [3, 10, 11]
      (a,b)=(1,2) cella (1, 2) firma {misti 32, solo-N3 40, solo-N2 488, nulli 160}
[  3] (48, 508) A=[1, 5, 6, 10, 11, 15] B=[2, 3, 7, 9, 13, 14]
      g    [1, 5, 6] / [2, 3, 7]
      gbar [10, 11, 15] / [9, 13, 14]
      h    [1, 10, 11] / [2, 7, 13]
      hbar [5, 6, 15] / [3, 9, 14]
      (a,b)=(1,2) cella (1, 2) firma {misti 32, solo-N3 40, solo-N2 488, nulli 160}
[  4] (54, 610) A=[2, 4, 10, 11, 12, 15] B=[3, 6, 7, 8, 14, 16]
      g    [2, 10, 15] / [3, 8, 16]
      gbar [4, 11, 12] / [6, 7, 14]
      h    [2, 11, 12] / [3, 8, 14]
      hbar [4, 10, 15] / [6, 7, 16]
      (a,b)=(1,2) cella (1, 2) firma {misti 32, solo-N3 40, solo-N2 488, nulli 160}
[  5] (54, 610) A=[2, 6, 7, 10, 14, 15] B=[3, 4, 8, 11, 12, 16]
      g    [2, 6, 7] / [3, 4, 8]
      gbar [10, 14, 15] / [11, 12, 16]
      h    [2, 10, 15] / [3, 8, 16]
      hbar [6, 7, 14] / [4, 11, 12]
      (a,b)=(1,2) cella (1, 2) firma {misti 32, solo-N3 40, solo-N2 488, nulli 160}
[  6] (54, 610) A=[2, 6, 7, 11, 12, 16] B=[3, 4, 8, 10, 14, 15]
      g    [2, 6, 7] / [3, 4, 8]
      gbar [11, 12, 16] / [10, 14, 15]
      h    [2, 11, 12] / [3, 8, 14]
      hbar [6, 7, 16] / [4, 10, 15]
      (a,b)=(1,2) cella (1, 2) firma {misti 32, solo-N3 40, solo-N2 488, nulli 160}
[  7] (54, 640) A=[1, 3, 11, 12, 13, 14] B=[4, 5, 6, 7, 15, 17]
      g    [1, 11, 12] / [4, 5, 15]
      gbar [3, 13, 14] / [6, 7, 17]
      h    [1, 12, 14] / [4, 6, 17]
      hbar [3, 11, 13] / [5, 7, 15]
      (a,b)=(2,1) cella (1, 2) firma {misti 32, solo-N3 40, solo-N2 488, nulli 160}
[  8] (54, 640) A=[1, 5, 7, 12, 14, 15] B=[3, 4, 6, 11, 13, 17]
      g    [1, 7, 12] / [3, 4, 13]
      gbar [5, 14, 15] / [6, 11, 17]
      h    [1, 12, 14] / [4, 6, 17]
      hbar [5, 7, 15] / [3, 11, 13]
      (a,b)=(2,1) cella (1, 2) firma {misti 32, solo-N3 40, solo-N2 488, nulli 160}
[  9] (54, 640) A=[1, 6, 7, 11, 12, 17] B=[3, 4, 5, 13, 14, 15]
      g    [1, 7, 12] / [3, 4, 13]
      gbar [6, 11, 17] / [5, 14, 15]
      h    [1, 11, 12] / [4, 5, 15]
      hbar [6, 7, 17] / [3, 13, 14]
      (a,b)=(2,1) cella (1, 2) firma {misti 32, solo-N3 40, solo-N2 488, nulli 160}
[ 10] (54, 664) A=[1, 2, 11, 12, 13, 15] B=[3, 5, 6, 7, 16, 17]
      g    [1, 11, 15] / [3, 7, 17]
      gbar [2, 12, 13] / [5, 6, 16]
      h    [1, 12, 13] / [3, 7, 16]
      hbar [2, 11, 15] / [5, 6, 17]
      (a,b)=(1,2) cella (1, 2) firma {misti 32, solo-N3 40, solo-N2 488, nulli 160}
[ 11] (54, 664) A=[1, 5, 6, 11, 15, 16] B=[2, 3, 7, 12, 13, 17]
      g    [1, 5, 6] / [2, 3, 7]
      gbar [11, 15, 16] / [12, 13, 17]
      h    [1, 11, 15] / [3, 7, 17]
      hbar [5, 6, 16] / [2, 12, 13]
      (a,b)=(1,2) cella (1, 2) firma {misti 32, solo-N3 40, solo-N2 488, nulli 160}
[ 12] (54, 664) A=[1, 5, 6, 12, 13, 17] B=[2, 3, 7, 11, 15, 16]
      g    [1, 5, 6] / [2, 3, 7]
      gbar [12, 13, 17] / [11, 15, 16]
      h    [1, 12, 13] / [3, 7, 16]
      hbar [5, 6, 17] / [2, 11, 15]
      (a,b)=(1,2) cella (1, 2) firma {misti 32, solo-N3 40, solo-N2 488, nulli 160}
[ 13] (59, 859) A=[1, 2, 10, 12, 13, 21] B=[3, 5, 6, 7, 16, 22]
      g    [1, 10, 21] / [3, 7, 22]
      gbar [2, 12, 13] / [5, 6, 16]
      h    [1, 12, 13] / [3, 7, 16]
      hbar [2, 10, 21] / [5, 6, 22]
      (a,b)=(1,2) cella (1, 2) firma {misti 32, solo-N3 40, solo-N2 488, nulli 160}
[ 14] (59, 859) A=[1, 5, 6, 10, 16, 21] B=[2, 3, 7, 12, 13, 22]
      g    [1, 5, 6] / [2, 3, 7]
      gbar [10, 16, 21] / [12, 13, 22]
      h    [1, 10, 21] / [3, 7, 22]
      hbar [5, 6, 16] / [2, 12, 13]
      (a,b)=(1,2) cella (1, 2) firma {misti 32, solo-N3 40, solo-N2 488, nulli 160}
[ 15] (59, 859) A=[1, 5, 6, 12, 13, 22] B=[2, 3, 7, 10, 16, 21]
      g    [1, 5, 6] / [2, 3, 7]
      gbar [12, 13, 22] / [10, 16, 21]
      h    [1, 12, 13] / [3, 7, 16]
      hbar [5, 6, 22] / [2, 10, 21]
      (a,b)=(1,2) cella (1, 2) firma {misti 32, solo-N3 40, solo-N2 488, nulli 160}
[ 16] (60, 724) A=[3, 5, 11, 12, 13, 16] B=[4, 7, 8, 9, 15, 17]
      g    [3, 11, 16] / [4, 9, 17]
      gbar [5, 12, 13] / [7, 8, 15]
      h    [3, 12, 13] / [4, 9, 15]
      hbar [5, 11, 16] / [7, 8, 17]
      (a,b)=(1,2) cella (1, 2) firma {misti 32, solo-N3 40, solo-N2 488, nulli 160}
[ 17] (60, 724) A=[3, 7, 8, 11, 15, 16] B=[4, 5, 9, 12, 13, 17]
      g    [3, 7, 8] / [4, 5, 9]
      gbar [11, 15, 16] / [12, 13, 17]
      h    [3, 11, 16] / [4, 9, 17]
      hbar [7, 8, 15] / [5, 12, 13]
      (a,b)=(1,2) cella (1, 2) firma {misti 32, solo-N3 40, solo-N2 488, nulli 160}
[ 18] (60, 724) A=[3, 7, 8, 12, 13, 17] B=[4, 5, 9, 11, 15, 16]
      g    [3, 7, 8] / [4, 5, 9]
      gbar [12, 13, 17] / [11, 15, 16]
      h    [3, 12, 13] / [4, 9, 15]
      hbar [7, 8, 17] / [5, 11, 16]
      (a,b)=(1,2) cella (1, 2) firma {misti 32, solo-N3 40, solo-N2 488, nulli 160}
[ 19] (60, 754) A=[2, 4, 12, 13, 14, 15] B=[5, 6, 7, 8, 16, 18]
      g    [2, 12, 13] / [5, 6, 16]
      gbar [4, 14, 15] / [7, 8, 18]
      h    [2, 13, 15] / [5, 7, 18]
      hbar [4, 12, 14] / [6, 8, 16]
      (a,b)=(2,1) cella (1, 2) firma {misti 32, solo-N3 40, solo-N2 488, nulli 160}
[ 20] (60, 754) A=[2, 6, 8, 13, 15, 16] B=[4, 5, 7, 12, 14, 18]
      g    [2, 8, 13] / [4, 5, 14]
      gbar [6, 15, 16] / [7, 12, 18]
      h    [2, 13, 15] / [5, 7, 18]
      hbar [6, 8, 16] / [4, 12, 14]
      (a,b)=(2,1) cella (1, 2) firma {misti 32, solo-N3 40, solo-N2 488, nulli 160}
[ 21] (60, 754) A=[2, 7, 8, 12, 13, 18] B=[4, 5, 6, 14, 15, 16]
      g    [2, 8, 13] / [4, 5, 14]
      gbar [7, 12, 18] / [6, 15, 16]
      h    [2, 12, 13] / [5, 6, 16]
      hbar [7, 8, 18] / [4, 14, 15]
      (a,b)=(2,1) cella (1, 2) firma {misti 32, solo-N3 40, solo-N2 488, nulli 160}
[ 22] (60, 778) A=[2, 3, 12, 13, 14, 16] B=[4, 6, 7, 8, 17, 18]
      g    [2, 12, 16] / [4, 8, 18]
      gbar [3, 13, 14] / [6, 7, 17]
      h    [2, 13, 14] / [4, 8, 17]
      hbar [3, 12, 16] / [6, 7, 18]
      (a,b)=(1,2) cella (1, 2) firma {misti 32, solo-N3 40, solo-N2 488, nulli 160}
[ 23] (60, 778) A=[2, 6, 7, 12, 16, 17] B=[3, 4, 8, 13, 14, 18]
      g    [2, 6, 7] / [3, 4, 8]
      gbar [12, 16, 17] / [13, 14, 18]
      h    [2, 12, 16] / [4, 8, 18]
      hbar [6, 7, 17] / [3, 13, 14]
      (a,b)=(1,2) cella (1, 2) firma {misti 32, solo-N3 40, solo-N2 488, nulli 160}
[ 24] (60, 778) A=[2, 6, 7, 13, 14, 18] B=[3, 4, 8, 12, 16, 17]
      g    [2, 6, 7] / [3, 4, 8]
      gbar [13, 14, 18] / [12, 16, 17]
      h    [2, 13, 14] / [4, 8, 17]
      hbar [6, 7, 18] / [3, 12, 16]
      (a,b)=(1,2) cella (1, 2) firma {misti 32, solo-N3 40, solo-N2 488, nulli 160}
[ 25] (60, 802) A=[1, 4, 11, 12, 14, 18] B=[2, 6, 8, 9, 16, 19]
      g    [1, 11, 18] / [2, 9, 19]
      gbar [4, 12, 14] / [6, 8, 16]
      h    [1, 12, 14] / [2, 9, 16]
      hbar [4, 11, 18] / [6, 8, 19]
      (a,b)=(1,2) cella (1, 2) firma {misti 32, solo-N3 40, solo-N2 488, nulli 160}
[ 26] (60, 802) A=[1, 6, 8, 11, 16, 18] B=[2, 4, 9, 12, 14, 19]
      g    [1, 6, 8] / [2, 4, 9]
      gbar [11, 16, 18] / [12, 14, 19]
      h    [1, 11, 18] / [2, 9, 19]
      hbar [6, 8, 16] / [4, 12, 14]
      (a,b)=(1,2) cella (1, 2) firma {misti 32, solo-N3 40, solo-N2 488, nulli 160}
[ 27] (60, 802) A=[1, 6, 8, 12, 14, 19] B=[2, 4, 9, 11, 16, 18]
      g    [1, 6, 8] / [2, 4, 9]
      gbar [12, 14, 19] / [11, 16, 18]
      h    [1, 12, 14] / [2, 9, 16]
      hbar [6, 8, 19] / [4, 11, 18]
      (a,b)=(1,2) cella (1, 2) firma {misti 32, solo-N3 40, solo-N2 488, nulli 160}
[ 28] (60, 892) A=[1, 2, 10, 11, 15, 21] B=[3, 5, 6, 7, 17, 22]
      g    [1, 10, 21] / [3, 7, 22]
      gbar [2, 11, 15] / [5, 6, 17]
      h    [1, 11, 15] / [3, 7, 17]
      hbar [2, 10, 21] / [5, 6, 22]
      (a,b)=(1,2) cella (1, 2) firma {misti 32, solo-N3 40, solo-N2 488, nulli 160}
[ 29] (60, 892) A=[1, 5, 6, 10, 17, 21] B=[2, 3, 7, 11, 15, 22]
      g    [1, 5, 6] / [2, 3, 7]
      gbar [10, 17, 21] / [11, 15, 22]
      h    [1, 10, 21] / [3, 7, 22]
      hbar [5, 6, 17] / [2, 11, 15]
      (a,b)=(1,2) cella (1, 2) firma {misti 32, solo-N3 40, solo-N2 488, nulli 160}
[ 30] (60, 892) A=[1, 5, 6, 11, 15, 22] B=[2, 3, 7, 10, 17, 21]
      g    [1, 5, 6] / [2, 3, 7]
      gbar [11, 15, 22] / [10, 17, 21]
      h    [1, 11, 15] / [3, 7, 17]
      hbar [5, 6, 22] / [2, 10, 21]
      (a,b)=(1,2) cella (1, 2) firma {misti 32, solo-N3 40, solo-N2 488, nulli 160}
[ 31] (62, 914) A=[1, 2, 12, 13, 14, 20] B=[4, 5, 6, 8, 17, 22]
      g    [1, 12, 14] / [4, 6, 17]
      gbar [2, 13, 20] / [5, 8, 22]
      h    [1, 12, 20] / [5, 6, 22]
      hbar [2, 13, 14] / [4, 8, 17]
      (a,b)=(2,1) cella (1, 2) firma {misti 32, solo-N3 40, solo-N2 488, nulli 160}
[ 32] (62, 914) A=[1, 4, 8, 12, 17, 20] B=[2, 5, 6, 13, 14, 22]
      g    [1, 8, 12] / [2, 6, 13]
      gbar [4, 17, 20] / [5, 14, 22]
      h    [1, 12, 20] / [5, 6, 22]
      hbar [4, 8, 17] / [2, 13, 14]
      (a,b)=(2,1) cella (1, 2) firma {misti 32, solo-N3 40, solo-N2 488, nulli 160}
[ 33] (62, 914) A=[1, 5, 8, 12, 14, 22] B=[2, 4, 6, 13, 17, 20]
      g    [1, 8, 12] / [2, 6, 13]
      gbar [5, 14, 22] / [4, 17, 20]
      h    [1, 12, 14] / [4, 6, 17]
      hbar [5, 8, 22] / [2, 13, 20]
      (a,b)=(2,1) cella (1, 2) firma {misti 32, solo-N3 40, solo-N2 488, nulli 160}
[ 34] (63, 871) A=[1, 6, 10, 11, 17, 18] B=[2, 7, 8, 12, 13, 21]
      g    [1, 10, 11] / [2, 7, 13]
      gbar [6, 17, 18] / [8, 12, 21]
      h    [1, 17, 18] / [2, 13, 21]
      hbar [6, 10, 11] / [7, 8, 12]
      (a,b)=(1,2) cella (1, 2) firma {misti 32, solo-N3 40, solo-N2 488, nulli 160}
[ 35] (63, 871) A=[1, 7, 8, 12, 17, 18] B=[2, 6, 10, 11, 13, 21]
      g    [1, 8, 12] / [2, 6, 13]
      gbar [7, 17, 18] / [10, 11, 21]
      h    [1, 17, 18] / [2, 13, 21]
      hbar [7, 8, 12] / [6, 10, 11]
      (a,b)=(1,2) cella (1, 2) firma {misti 32, solo-N3 40, solo-N2 488, nulli 160}
[ 36] (63, 871) A=[1, 8, 10, 11, 12, 21] B=[2, 6, 7, 13, 17, 18]
      g    [1, 8, 12] / [2, 6, 13]
      gbar [10, 11, 21] / [7, 17, 18]
      h    [1, 10, 11] / [2, 7, 13]
      hbar [8, 12, 21] / [6, 17, 18]
      (a,b)=(1,2) cella (1, 2) firma {misti 32, solo-N3 40, solo-N2 488, nulli 160}
[ 37] (63, 919) A=[1, 2, 13, 14, 15, 18] B=[3, 4, 8, 10, 17, 21]
      g    [1, 14, 18] / [4, 8, 21]
      gbar [2, 13, 15] / [3, 10, 17]
      h    [1, 15, 18] / [3, 10, 21]
      hbar [2, 13, 14] / [4, 8, 17]
      (a,b)=(2,1) cella (1, 2) firma {misti 32, solo-N3 40, solo-N2 488, nulli 160}
[ 38] (63, 919) A=[1, 3, 10, 14, 17, 18] B=[2, 4, 8, 13, 15, 21]
      g    [1, 14, 18] / [4, 8, 21]
      gbar [3, 10, 17] / [2, 13, 15]
      h    [1, 17, 18] / [2, 13, 21]
      hbar [3, 10, 14] / [4, 8, 15]
      (a,b)=(2,1) cella (1, 2) firma {misti 32, solo-N3 40, solo-N2 488, nulli 160}
[ 39] (63, 919) A=[1, 4, 8, 15, 17, 18] B=[2, 3, 10, 13, 14, 21]
      g    [1, 15, 18] / [3, 10, 21]
      gbar [4, 8, 17] / [2, 13, 14]
      h    [1, 17, 18] / [2, 13, 21]
      hbar [4, 8, 15] / [3, 10, 14]
      (a,b)=(2,1) cella (1, 2) firma {misti 32, solo-N3 40, solo-N2 488, nulli 160}
[ 40] (64, 914) A=[1, 6, 10, 11, 16, 20] B=[2, 7, 8, 12, 13, 22]
      g    [1, 10, 11] / [2, 7, 13]
      gbar [6, 16, 20] / [8, 12, 22]
      h    [1, 16, 20] / [2, 13, 22]
      hbar [6, 10, 11] / [7, 8, 12]
      (a,b)=(1,2) cella (1, 2) firma {misti 32, solo-N3 40, solo-N2 488, nulli 160}
[ 41] (64, 914) A=[1, 7, 8, 12, 16, 20] B=[2, 6, 10, 11, 13, 22]
      g    [1, 8, 12] / [2, 6, 13]
      gbar [7, 16, 20] / [10, 11, 22]
      h    [1, 16, 20] / [2, 13, 22]
      hbar [7, 8, 12] / [6, 10, 11]
      (a,b)=(1,2) cella (1, 2) firma {misti 32, solo-N3 40, solo-N2 488, nulli 160}
[ 42] (64, 914) A=[1, 8, 10, 11, 12, 22] B=[2, 6, 7, 13, 16, 20]
      g    [1, 8, 12] / [2, 6, 13]
      gbar [10, 11, 22] / [7, 16, 20]
      h    [1, 10, 11] / [2, 7, 13]
      hbar [8, 12, 22] / [6, 16, 20]
      (a,b)=(1,2) cella (1, 2) firma {misti 32, solo-N3 40, solo-N2 488, nulli 160}
[ 43] (66, 850) A=[4, 6, 12, 13, 14, 17] B=[5, 8, 9, 10, 16, 18]
      g    [4, 12, 17] / [5, 10, 18]
      gbar [6, 13, 14] / [8, 9, 16]
      h    [4, 13, 14] / [5, 10, 16]
      hbar [6, 12, 17] / [8, 9, 18]
      (a,b)=(1,2) cella (1, 2) firma {misti 32, solo-N3 40, solo-N2 488, nulli 160}
[ 44] (66, 850) A=[4, 8, 9, 12, 16, 17] B=[5, 6, 10, 13, 14, 18]
      g    [4, 8, 9] / [5, 6, 10]
      gbar [12, 16, 17] / [13, 14, 18]
      h    [4, 12, 17] / [5, 10, 18]
      hbar [8, 9, 16] / [6, 13, 14]
      (a,b)=(1,2) cella (1, 2) firma {misti 32, solo-N3 40, solo-N2 488, nulli 160}
[ 45] (66, 850) A=[4, 8, 9, 13, 14, 18] B=[5, 6, 10, 12, 16, 17]
      g    [4, 8, 9] / [5, 6, 10]
      gbar [13, 14, 18] / [12, 16, 17]
      h    [4, 13, 14] / [5, 10, 16]
      hbar [8, 9, 18] / [6, 12, 17]
      (a,b)=(1,2) cella (1, 2) firma {misti 32, solo-N3 40, solo-N2 488, nulli 160}
[ 46] (66, 880) A=[3, 5, 13, 14, 15, 16] B=[6, 7, 8, 9, 17, 19]
      g    [3, 13, 14] / [6, 7, 17]
      gbar [5, 15, 16] / [8, 9, 19]
      h    [3, 14, 16] / [6, 8, 19]
      hbar [5, 13, 15] / [7, 9, 17]
      (a,b)=(2,1) cella (1, 2) firma {misti 32, solo-N3 40, solo-N2 488, nulli 160}
[ 47] (66, 880) A=[3, 7, 9, 14, 16, 17] B=[5, 6, 8, 13, 15, 19]
      g    [3, 9, 14] / [5, 6, 15]
      gbar [7, 16, 17] / [8, 13, 19]
      h    [3, 14, 16] / [6, 8, 19]
      hbar [7, 9, 17] / [5, 13, 15]
      (a,b)=(2,1) cella (1, 2) firma {misti 32, solo-N3 40, solo-N2 488, nulli 160}
[ 48] (66, 880) A=[3, 8, 9, 13, 14, 19] B=[5, 6, 7, 15, 16, 17]
      g    [3, 9, 14] / [5, 6, 15]
      gbar [8, 13, 19] / [7, 16, 17]
      h    [3, 13, 14] / [6, 7, 17]
      hbar [8, 9, 19] / [5, 15, 16]
      (a,b)=(2,1) cella (1, 2) firma {misti 32, solo-N3 40, solo-N2 488, nulli 160}
[ 49] (66, 904) A=[3, 4, 13, 14, 15, 17] B=[5, 7, 8, 9, 18, 19]
      g    [3, 13, 17] / [5, 9, 19]
      gbar [4, 14, 15] / [7, 8, 18]
      h    [3, 14, 15] / [5, 9, 18]
      hbar [4, 13, 17] / [7, 8, 19]
      (a,b)=(1,2) cella (1, 2) firma {misti 32, solo-N3 40, solo-N2 488, nulli 160}
[ 50] (66, 904) A=[3, 7, 8, 13, 17, 18] B=[4, 5, 9, 14, 15, 19]
      g    [3, 7, 8] / [4, 5, 9]
      gbar [13, 17, 18] / [14, 15, 19]
      h    [3, 13, 17] / [5, 9, 19]
      hbar [7, 8, 18] / [4, 14, 15]
      (a,b)=(1,2) cella (1, 2) firma {misti 32, solo-N3 40, solo-N2 488, nulli 160}
[ 51] (66, 904) A=[3, 7, 8, 14, 15, 19] B=[4, 5, 9, 13, 17, 18]
      g    [3, 7, 8] / [4, 5, 9]
      gbar [14, 15, 19] / [13, 17, 18]
      h    [3, 14, 15] / [5, 9, 18]
      hbar [7, 8, 19] / [4, 13, 17]
      (a,b)=(1,2) cella (1, 2) firma {misti 32, solo-N3 40, solo-N2 488, nulli 160}
[ 52] (66, 928) A=[2, 5, 12, 13, 15, 19] B=[3, 7, 9, 10, 17, 20]
      g    [2, 12, 19] / [3, 10, 20]
      gbar [5, 13, 15] / [7, 9, 17]
      h    [2, 13, 15] / [3, 10, 17]
      hbar [5, 12, 19] / [7, 9, 20]
      (a,b)=(1,2) cella (1, 2) firma {misti 32, solo-N3 40, solo-N2 488, nulli 160}
[ 53] (66, 928) A=[2, 7, 9, 12, 17, 19] B=[3, 5, 10, 13, 15, 20]
      g    [2, 7, 9] / [3, 5, 10]
      gbar [12, 17, 19] / [13, 15, 20]
      h    [2, 12, 19] / [3, 10, 20]
      hbar [7, 9, 17] / [5, 13, 15]
      (a,b)=(1,2) cella (1, 2) firma {misti 32, solo-N3 40, solo-N2 488, nulli 160}
[ 54] (66, 928) A=[2, 7, 9, 13, 15, 20] B=[3, 5, 10, 12, 17, 19]
      g    [2, 7, 9] / [3, 5, 10]
      gbar [13, 15, 20] / [12, 17, 19]
      h    [2, 13, 15] / [3, 10, 17]
      hbar [7, 9, 20] / [5, 12, 19]
      (a,b)=(1,2) cella (1, 2) firma {misti 32, solo-N3 40, solo-N2 488, nulli 160}
[ 55] (66, 936) A=[1, 6, 12, 13, 15, 19] B=[3, 7, 9, 10, 16, 21]
      g    [1, 12, 13] / [3, 7, 16]
      gbar [6, 15, 19] / [9, 10, 21]
      h    [1, 13, 19] / [3, 9, 21]
      hbar [6, 12, 15] / [7, 10, 16]
      (a,b)=(2,1) cella (1, 2) firma {misti 32, solo-N3 40, solo-N2 488, nulli 160}
[ 56] (66, 936) A=[1, 7, 10, 13, 16, 19] B=[3, 6, 9, 12, 15, 21]
      g    [1, 10, 13] / [3, 6, 15]
      gbar [7, 16, 19] / [9, 12, 21]
      h    [1, 13, 19] / [3, 9, 21]
      hbar [7, 10, 16] / [6, 12, 15]
      (a,b)=(2,1) cella (1, 2) firma {misti 32, solo-N3 40, solo-N2 488, nulli 160}
[ 57] (66, 936) A=[1, 9, 10, 12, 13, 21] B=[3, 6, 7, 15, 16, 19]
      g    [1, 10, 13] / [3, 6, 15]
      gbar [9, 12, 21] / [7, 16, 19]
      h    [1, 12, 13] / [3, 7, 16]
      hbar [9, 10, 21] / [6, 15, 19]
      (a,b)=(2,1) cella (1, 2) firma {misti 32, solo-N3 40, solo-N2 488, nulli 160}
[ 58] (66, 946) A=[1, 5, 12, 14, 16, 18] B=[4, 6, 8, 10, 17, 21]
      g    [1, 12, 14] / [4, 6, 17]
      gbar [5, 16, 18] / [8, 10, 21]
      h    [1, 14, 18] / [4, 8, 21]
      hbar [5, 12, 16] / [6, 10, 17]
      (a,b)=(2,1) cella (1, 2) firma {misti 32, solo-N3 40, solo-N2 488, nulli 160}
[ 59] (66, 946) A=[1, 6, 10, 14, 17, 18] B=[4, 5, 8, 12, 16, 21]
      g    [1, 10, 14] / [4, 5, 16]
      gbar [6, 17, 18] / [8, 12, 21]
      h    [1, 14, 18] / [4, 8, 21]
      hbar [6, 10, 17] / [5, 12, 16]
      (a,b)=(2,1) cella (1, 2) firma {misti 32, solo-N3 40, solo-N2 488, nulli 160}
[ 60] (66, 946) A=[1, 6, 12, 13, 14, 20] B=[2, 8, 9, 10, 16, 21]
      g    [1, 12, 14] / [2, 9, 16]
      gbar [6, 13, 20] / [8, 10, 21]
      h    [1, 12, 20] / [2, 10, 21]
      hbar [6, 13, 14] / [8, 9, 16]
      (a,b)=(2,1) cella (1, 2) firma {misti 32, solo-N3 40, solo-N2 488, nulli 160}
[ 61] (66, 946) A=[1, 8, 9, 12, 16, 20] B=[2, 6, 10, 13, 14, 21]
      g    [1, 8, 12] / [2, 6, 13]
      gbar [9, 16, 20] / [10, 14, 21]
      h    [1, 12, 20] / [2, 10, 21]
      hbar [8, 9, 16] / [6, 13, 14]
      (a,b)=(2,1) cella (1, 2) firma {misti 32, solo-N3 40, solo-N2 488, nulli 160}
[ 62] (66, 946) A=[1, 8, 10, 12, 14, 21] B=[2, 6, 9, 13, 16, 20]
      g    [1, 8, 12] / [2, 6, 13]
      gbar [10, 14, 21] / [9, 16, 20]
      h    [1, 12, 14] / [2, 9, 16]
      hbar [8, 10, 21] / [6, 13, 20]
      (a,b)=(2,1) cella (1, 2) firma {misti 32, solo-N3 40, solo-N2 488, nulli 160}
[ 63] (66, 946) A=[1, 8, 10, 12, 14, 21] B=[4, 5, 6, 16, 17, 18]
      g    [1, 10, 14] / [4, 5, 16]
      gbar [8, 12, 21] / [6, 17, 18]
      h    [1, 12, 14] / [4, 6, 17]
      hbar [8, 10, 21] / [5, 16, 18]
      (a,b)=(2,1) cella (1, 2) firma {misti 32, solo-N3 40, solo-N2 488, nulli 160}
[ 64] (66, 952) A=[1, 5, 11, 15, 16, 18] B=[3, 7, 8, 10, 17, 21]
      g    [1, 11, 15] / [3, 7, 17]
      gbar [5, 16, 18] / [8, 10, 21]
      h    [1, 15, 18] / [3, 10, 21]
      hbar [5, 11, 16] / [7, 8, 17]
      (a,b)=(2,1) cella (1, 2) firma {misti 32, solo-N3 40, solo-N2 488, nulli 160}
[ 65] (66, 952) A=[1, 5, 12, 14, 15, 19] B=[4, 6, 7, 11, 17, 21]
      g    [1, 12, 14] / [4, 6, 17]
      gbar [5, 15, 19] / [7, 11, 21]
      h    [1, 12, 19] / [4, 7, 21]
      hbar [5, 14, 15] / [6, 11, 17]
      (a,b)=(2,1) cella (1, 2) firma {misti 32, solo-N3 40, solo-N2 488, nulli 160}
[ 66] (66, 952) A=[1, 6, 11, 12, 17, 19] B=[4, 5, 7, 14, 15, 21]
      g    [1, 11, 12] / [4, 5, 15]
      gbar [6, 17, 19] / [7, 14, 21]
      h    [1, 12, 19] / [4, 7, 21]
      hbar [6, 11, 17] / [5, 14, 15]
      (a,b)=(2,1) cella (1, 2) firma {misti 32, solo-N3 40, solo-N2 488, nulli 160}
[ 67] (66, 952) A=[1, 7, 8, 15, 17, 18] B=[3, 5, 10, 11, 16, 21]
      g    [1, 8, 15] / [3, 5, 16]
      gbar [7, 17, 18] / [10, 11, 21]
      h    [1, 15, 18] / [3, 10, 21]
      hbar [7, 8, 17] / [5, 11, 16]
      (a,b)=(2,1) cella (1, 2) firma {misti 32, solo-N3 40, solo-N2 488, nulli 160}
[ 68] (66, 952) A=[1, 7, 11, 12, 14, 21] B=[4, 5, 6, 15, 17, 19]
      g    [1, 11, 12] / [4, 5, 15]
      gbar [7, 14, 21] / [6, 17, 19]
      h    [1, 12, 14] / [4, 6, 17]
      hbar [7, 11, 21] / [5, 15, 19]
      (a,b)=(2,1) cella (1, 2) firma {misti 32, solo-N3 40, solo-N2 488, nulli 160}
[ 69] (66, 952) A=[1, 8, 10, 11, 15, 21] B=[3, 5, 7, 16, 17, 18]
      g    [1, 8, 15] / [3, 5, 16]
      gbar [10, 11, 21] / [7, 17, 18]
      h    [1, 11, 15] / [3, 7, 17]
      hbar [8, 10, 21] / [5, 16, 18]
      (a,b)=(2,1) cella (1, 2) firma {misti 32, solo-N3 40, solo-N2 488, nulli 160}
[ 70] (66, 976) A=[1, 3, 14, 15, 16, 17] B=[5, 6, 7, 8, 19, 21]
      g    [1, 14, 15] / [5, 6, 19]
      gbar [3, 16, 17] / [7, 8, 21]
      h    [1, 15, 17] / [5, 7, 21]
      hbar [3, 14, 16] / [6, 8, 19]
      (a,b)=(2,1) cella (1, 2) firma {misti 32, solo-N3 40, solo-N2 488, nulli 160}
[ 71] (66, 976) A=[1, 6, 8, 15, 17, 19] B=[3, 5, 7, 14, 16, 21]
      g    [1, 8, 15] / [3, 5, 16]
      gbar [6, 17, 19] / [7, 14, 21]
      h    [1, 15, 17] / [5, 7, 21]
      hbar [6, 8, 19] / [3, 14, 16]
      (a,b)=(2,1) cella (1, 2) firma {misti 32, solo-N3 40, solo-N2 488, nulli 160}
[ 72] (66, 976) A=[1, 7, 8, 14, 15, 21] B=[3, 5, 6, 16, 17, 19]
      g    [1, 8, 15] / [3, 5, 16]
      gbar [7, 14, 21] / [6, 17, 19]
      h    [1, 14, 15] / [5, 6, 19]
      hbar [7, 8, 21] / [3, 16, 17]
      (a,b)=(2,1) cella (1, 2) firma {misti 32, solo-N3 40, solo-N2 488, nulli 160}
[ 73] (69, 1003) A=[1, 9, 10, 14, 15, 20] B=[4, 5, 11, 12, 16, 21]
      g    [1, 9, 20] / [4, 5, 21]
      gbar [10, 14, 15] / [11, 12, 16]
      h    [1, 10, 14] / [4, 5, 16]
      hbar [9, 15, 20] / [11, 12, 21]
      (a,b)=(1,2) cella (1, 2) firma {misti 32, solo-N3 40, solo-N2 488, nulli 160}
[ 74] (69, 1003) A=[1, 9, 11, 12, 16, 20] B=[4, 5, 10, 14, 15, 21]
      g    [1, 9, 20] / [4, 5, 21]
      gbar [11, 12, 16] / [10, 14, 15]
      h    [1, 11, 12] / [4, 5, 15]
      hbar [9, 16, 20] / [10, 14, 21]
      (a,b)=(1,2) cella (1, 2) firma {misti 32, solo-N3 40, solo-N2 488, nulli 160}
[ 75] (69, 1003) A=[1, 10, 11, 12, 14, 21] B=[4, 5, 9, 15, 16, 20]
      g    [1, 10, 14] / [4, 5, 16]
      gbar [11, 12, 21] / [9, 15, 20]
      h    [1, 11, 12] / [4, 5, 15]
      hbar [10, 14, 21] / [9, 16, 20]
      (a,b)=(1,2) cella (1, 2) firma {misti 32, solo-N3 40, solo-N2 488, nulli 160}
[ 76] (69, 1003) A=[2, 7, 11, 12, 18, 19] B=[3, 8, 9, 13, 14, 22]
      g    [2, 11, 12] / [3, 8, 14]
      gbar [7, 18, 19] / [9, 13, 22]
      h    [2, 18, 19] / [3, 14, 22]
      hbar [7, 11, 12] / [8, 9, 13]
      (a,b)=(1,2) cella (1, 2) firma {misti 32, solo-N3 40, solo-N2 488, nulli 160}
[ 77] (69, 1003) A=[2, 8, 9, 13, 18, 19] B=[3, 7, 11, 12, 14, 22]
      g    [2, 9, 13] / [3, 7, 14]
      gbar [8, 18, 19] / [11, 12, 22]
      h    [2, 18, 19] / [3, 14, 22]
      hbar [8, 9, 13] / [7, 11, 12]
      (a,b)=(1,2) cella (1, 2) firma {misti 32, solo-N3 40, solo-N2 488, nulli 160}
[ 78] (69, 1003) A=[2, 9, 11, 12, 13, 22] B=[3, 7, 8, 14, 18, 19]
      g    [2, 9, 13] / [3, 7, 14]
      gbar [11, 12, 22] / [8, 18, 19]
      h    [2, 11, 12] / [3, 8, 14]
      hbar [9, 13, 22] / [7, 18, 19]
      (a,b)=(1,2) cella (1, 2) firma {misti 32, solo-N3 40, solo-N2 488, nulli 160}
[ 79] (69, 1051) A=[1, 5, 12, 14, 18, 19] B=[4, 7, 8, 9, 20, 21]
      g    [1, 12, 19] / [4, 7, 21]
      gbar [5, 14, 18] / [8, 9, 20]
      h    [1, 14, 18] / [4, 8, 21]
      hbar [5, 12, 19] / [7, 9, 20]
      (a,b)=(1,2) cella (1, 2) firma {misti 32, solo-N3 40, solo-N2 488, nulli 160}
[ 80] (69, 1051) A=[1, 7, 9, 14, 18, 20] B=[4, 5, 8, 12, 19, 21]
      g    [1, 9, 20] / [4, 5, 21]
      gbar [7, 14, 18] / [8, 12, 19]
      h    [1, 14, 18] / [4, 8, 21]
      hbar [7, 9, 20] / [5, 12, 19]
      (a,b)=(1,2) cella (1, 2) firma {misti 32, solo-N3 40, solo-N2 488, nulli 160}
[ 81] (69, 1051) A=[1, 8, 9, 12, 19, 20] B=[4, 5, 7, 14, 18, 21]
      g    [1, 9, 20] / [4, 5, 21]
      gbar [8, 12, 19] / [7, 14, 18]
      h    [1, 12, 19] / [4, 7, 21]
      hbar [8, 9, 20] / [5, 14, 18]
      (a,b)=(1,2) cella (1, 2) firma {misti 32, solo-N3 40, solo-N2 488, nulli 160}
[ 82] (69, 1051) A=[2, 3, 14, 15, 16, 19] B=[4, 5, 9, 11, 18, 22]
      g    [2, 15, 19] / [5, 9, 22]
      gbar [3, 14, 16] / [4, 11, 18]
      h    [2, 16, 19] / [4, 11, 22]
      hbar [3, 14, 15] / [5, 9, 18]
      (a,b)=(2,1) cella (1, 2) firma {misti 32, solo-N3 40, solo-N2 488, nulli 160}
[ 83] (69, 1051) A=[2, 4, 11, 15, 18, 19] B=[3, 5, 9, 14, 16, 22]
      g    [2, 15, 19] / [5, 9, 22]
      gbar [4, 11, 18] / [3, 14, 16]
      h    [2, 18, 19] / [3, 14, 22]
      hbar [4, 11, 15] / [5, 9, 16]
      (a,b)=(2,1) cella (1, 2) firma {misti 32, solo-N3 40, solo-N2 488, nulli 160}
[ 84] (69, 1051) A=[2, 5, 9, 16, 18, 19] B=[3, 4, 11, 14, 15, 22]
      g    [2, 16, 19] / [4, 11, 22]
      gbar [5, 9, 18] / [3, 14, 15]
      h    [2, 18, 19] / [3, 14, 22]
      hbar [5, 9, 16] / [4, 11, 15]
      (a,b)=(2,1) cella (1, 2) firma {misti 32, solo-N3 40, solo-N2 488, nulli 160}
[ 85] (72, 988) A=[5, 7, 13, 14, 15, 18] B=[6, 9, 10, 11, 17, 19]
      g    [5, 13, 18] / [6, 11, 19]
      gbar [7, 14, 15] / [9, 10, 17]
      h    [5, 14, 15] / [6, 11, 17]
      hbar [7, 13, 18] / [9, 10, 19]
      (a,b)=(1,2) cella (1, 2) firma {misti 32, solo-N3 40, solo-N2 488, nulli 160}
[ 86] (72, 988) A=[5, 9, 10, 13, 17, 18] B=[6, 7, 11, 14, 15, 19]
      g    [5, 9, 10] / [6, 7, 11]
      gbar [13, 17, 18] / [14, 15, 19]
      h    [5, 13, 18] / [6, 11, 19]
      hbar [9, 10, 17] / [7, 14, 15]
      (a,b)=(1,2) cella (1, 2) firma {misti 32, solo-N3 40, solo-N2 488, nulli 160}
[ 87] (72, 988) A=[5, 9, 10, 14, 15, 19] B=[6, 7, 11, 13, 17, 18]
      g    [5, 9, 10] / [6, 7, 11]
      gbar [14, 15, 19] / [13, 17, 18]
      h    [5, 14, 15] / [6, 11, 17]
      hbar [9, 10, 19] / [7, 13, 18]
      (a,b)=(1,2) cella (1, 2) firma {misti 32, solo-N3 40, solo-N2 488, nulli 160}
[ 88] (72, 1018) A=[4, 6, 14, 15, 16, 17] B=[7, 8, 9, 10, 18, 20]
      g    [4, 14, 15] / [7, 8, 18]
      gbar [6, 16, 17] / [9, 10, 20]
      h    [4, 15, 17] / [7, 9, 20]
      hbar [6, 14, 16] / [8, 10, 18]
      (a,b)=(2,1) cella (1, 2) firma {misti 32, solo-N3 40, solo-N2 488, nulli 160}
[ 89] (72, 1018) A=[4, 8, 10, 15, 17, 18] B=[6, 7, 9, 14, 16, 20]
      g    [4, 10, 15] / [6, 7, 16]
      gbar [8, 17, 18] / [9, 14, 20]
      h    [4, 15, 17] / [7, 9, 20]
      hbar [8, 10, 18] / [6, 14, 16]
      (a,b)=(2,1) cella (1, 2) firma {misti 32, solo-N3 40, solo-N2 488, nulli 160}
[ 90] (72, 1018) A=[4, 9, 10, 14, 15, 20] B=[6, 7, 8, 16, 17, 18]
      g    [4, 10, 15] / [6, 7, 16]
      gbar [9, 14, 20] / [8, 17, 18]
      h    [4, 14, 15] / [7, 8, 18]
      hbar [9, 10, 20] / [6, 16, 17]
      (a,b)=(2,1) cella (1, 2) firma {misti 32, solo-N3 40, solo-N2 488, nulli 160}
[ 91] (72, 1042) A=[4, 5, 14, 15, 16, 18] B=[6, 8, 9, 10, 19, 20]
      g    [4, 14, 18] / [6, 10, 20]
      gbar [5, 15, 16] / [8, 9, 19]
      h    [4, 15, 16] / [6, 10, 19]
      hbar [5, 14, 18] / [8, 9, 20]
      (a,b)=(1,2) cella (1, 2) firma {misti 32, solo-N3 40, solo-N2 488, nulli 160}
[ 92] (72, 1042) A=[4, 8, 9, 14, 18, 19] B=[5, 6, 10, 15, 16, 20]
      g    [4, 8, 9] / [5, 6, 10]
      gbar [14, 18, 19] / [15, 16, 20]
      h    [4, 14, 18] / [6, 10, 20]
      hbar [8, 9, 19] / [5, 15, 16]
      (a,b)=(1,2) cella (1, 2) firma {misti 32, solo-N3 40, solo-N2 488, nulli 160}
[ 93] (72, 1042) A=[4, 8, 9, 15, 16, 20] B=[5, 6, 10, 14, 18, 19]
      g    [4, 8, 9] / [5, 6, 10]
      gbar [15, 16, 20] / [14, 18, 19]
      h    [4, 15, 16] / [6, 10, 19]
      hbar [8, 9, 20] / [5, 14, 18]
      (a,b)=(1,2) cella (1, 2) firma {misti 32, solo-N3 40, solo-N2 488, nulli 160}
[ 94] (72, 1066) A=[3, 6, 13, 14, 16, 20] B=[4, 8, 10, 11, 18, 21]
      g    [3, 13, 20] / [4, 11, 21]
      gbar [6, 14, 16] / [8, 10, 18]
      h    [3, 14, 16] / [4, 11, 18]
      hbar [6, 13, 20] / [8, 10, 21]
      (a,b)=(1,2) cella (1, 2) firma {misti 32, solo-N3 40, solo-N2 488, nulli 160}
[ 95] (72, 1066) A=[3, 8, 10, 13, 18, 20] B=[4, 6, 11, 14, 16, 21]
      g    [3, 8, 10] / [4, 6, 11]
      gbar [13, 18, 20] / [14, 16, 21]
      h    [3, 13, 20] / [4, 11, 21]
      hbar [8, 10, 18] / [6, 14, 16]
      (a,b)=(1,2) cella (1, 2) firma {misti 32, solo-N3 40, solo-N2 488, nulli 160}
[ 96] (72, 1066) A=[3, 8, 10, 14, 16, 21] B=[4, 6, 11, 13, 18, 20]
      g    [3, 8, 10] / [4, 6, 11]
      gbar [14, 16, 21] / [13, 18, 20]
      h    [3, 14, 16] / [4, 11, 18]
      hbar [8, 10, 21] / [6, 13, 20]
      (a,b)=(1,2) cella (1, 2) firma {misti 32, solo-N3 40, solo-N2 488, nulli 160}
[ 97] (72, 1074) A=[2, 7, 13, 14, 16, 20] B=[4, 8, 10, 11, 17, 22]
      g    [2, 13, 14] / [4, 8, 17]
      gbar [7, 16, 20] / [10, 11, 22]
      h    [2, 14, 20] / [4, 10, 22]
      hbar [7, 13, 16] / [8, 11, 17]
      (a,b)=(2,1) cella (1, 2) firma {misti 32, solo-N3 40, solo-N2 488, nulli 160}
[ 98] (72, 1074) A=[2, 8, 11, 14, 17, 20] B=[4, 7, 10, 13, 16, 22]
      g    [2, 11, 14] / [4, 7, 16]
      gbar [8, 17, 20] / [10, 13, 22]
      h    [2, 14, 20] / [4, 10, 22]
      hbar [8, 11, 17] / [7, 13, 16]
      (a,b)=(2,1) cella (1, 2) firma {misti 32, solo-N3 40, solo-N2 488, nulli 160}
[ 99] (72, 1074) A=[2, 10, 11, 13, 14, 22] B=[4, 7, 8, 16, 17, 20]
      g    [2, 11, 14] / [4, 7, 16]
      gbar [10, 13, 22] / [8, 17, 20]
      h    [2, 13, 14] / [4, 8, 17]
      hbar [10, 11, 22] / [7, 16, 20]
      (a,b)=(2,1) cella (1, 2) firma {misti 32, solo-N3 40, solo-N2 488, nulli 160}
[100] (72, 1084) A=[2, 6, 13, 15, 17, 19] B=[5, 7, 9, 11, 18, 22]
      g    [2, 13, 15] / [5, 7, 18]
      gbar [6, 17, 19] / [9, 11, 22]
      h    [2, 15, 19] / [5, 9, 22]
      hbar [6, 13, 17] / [7, 11, 18]
      (a,b)=(2,1) cella (1, 2) firma {misti 32, solo-N3 40, solo-N2 488, nulli 160}
[101] (72, 1084) A=[2, 7, 11, 15, 18, 19] B=[5, 6, 9, 13, 17, 22]
      g    [2, 11, 15] / [5, 6, 17]
      gbar [7, 18, 19] / [9, 13, 22]
      h    [2, 15, 19] / [5, 9, 22]
      hbar [7, 11, 18] / [6, 13, 17]
      (a,b)=(2,1) cella (1, 2) firma {misti 32, solo-N3 40, solo-N2 488, nulli 160}
[102] (72, 1084) A=[2, 7, 13, 14, 15, 21] B=[3, 9, 10, 11, 17, 22]
      g    [2, 13, 15] / [3, 10, 17]
      gbar [7, 14, 21] / [9, 11, 22]
      h    [2, 13, 21] / [3, 11, 22]
      hbar [7, 14, 15] / [9, 10, 17]
      (a,b)=(2,1) cella (1, 2) firma {misti 32, solo-N3 40, solo-N2 488, nulli 160}
[103] (72, 1084) A=[2, 9, 10, 13, 17, 21] B=[3, 7, 11, 14, 15, 22]
      g    [2, 9, 13] / [3, 7, 14]
      gbar [10, 17, 21] / [11, 15, 22]
      h    [2, 13, 21] / [3, 11, 22]
      hbar [9, 10, 17] / [7, 14, 15]
      (a,b)=(2,1) cella (1, 2) firma {misti 32, solo-N3 40, solo-N2 488, nulli 160}
[104] (72, 1084) A=[2, 9, 11, 13, 15, 22] B=[3, 7, 10, 14, 17, 21]
      g    [2, 9, 13] / [3, 7, 14]
      gbar [11, 15, 22] / [10, 17, 21]
      h    [2, 13, 15] / [3, 10, 17]
      hbar [9, 11, 22] / [7, 14, 21]
      (a,b)=(2,1) cella (1, 2) firma {misti 32, solo-N3 40, solo-N2 488, nulli 160}
[105] (72, 1084) A=[2, 9, 11, 13, 15, 22] B=[5, 6, 7, 17, 18, 19]
      g    [2, 11, 15] / [5, 6, 17]
      gbar [9, 13, 22] / [7, 18, 19]
      h    [2, 13, 15] / [5, 7, 18]
      hbar [9, 11, 22] / [6, 17, 19]
      (a,b)=(2,1) cella (1, 2) firma {misti 32, solo-N3 40, solo-N2 488, nulli 160}
[106] (72, 1090) A=[2, 6, 12, 16, 17, 19] B=[4, 8, 9, 11, 18, 22]
      g    [2, 12, 16] / [4, 8, 18]
      gbar [6, 17, 19] / [9, 11, 22]
      h    [2, 16, 19] / [4, 11, 22]
      hbar [6, 12, 17] / [8, 9, 18]
      (a,b)=(2,1) cella (1, 2) firma {misti 32, solo-N3 40, solo-N2 488, nulli 160}
[107] (72, 1090) A=[2, 6, 13, 15, 16, 20] B=[5, 7, 8, 12, 18, 22]
      g    [2, 13, 15] / [5, 7, 18]
      gbar [6, 16, 20] / [8, 12, 22]
      h    [2, 13, 20] / [5, 8, 22]
      hbar [6, 15, 16] / [7, 12, 18]
      (a,b)=(2,1) cella (1, 2) firma {misti 32, solo-N3 40, solo-N2 488, nulli 160}
[108] (72, 1090) A=[2, 7, 12, 13, 18, 20] B=[5, 6, 8, 15, 16, 22]
      g    [2, 12, 13] / [5, 6, 16]
      gbar [7, 18, 20] / [8, 15, 22]
      h    [2, 13, 20] / [5, 8, 22]
      hbar [7, 12, 18] / [6, 15, 16]
      (a,b)=(2,1) cella (1, 2) firma {misti 32, solo-N3 40, solo-N2 488, nulli 160}
[109] (72, 1090) A=[2, 8, 9, 16, 18, 19] B=[4, 6, 11, 12, 17, 22]
      g    [2, 9, 16] / [4, 6, 17]
      gbar [8, 18, 19] / [11, 12, 22]
      h    [2, 16, 19] / [4, 11, 22]
      hbar [8, 9, 18] / [6, 12, 17]
      (a,b)=(2,1) cella (1, 2) firma {misti 32, solo-N3 40, solo-N2 488, nulli 160}
[110] (72, 1090) A=[2, 8, 12, 13, 15, 22] B=[5, 6, 7, 16, 18, 20]
      g    [2, 12, 13] / [5, 6, 16]
      gbar [8, 15, 22] / [7, 18, 20]
      h    [2, 13, 15] / [5, 7, 18]
      hbar [8, 12, 22] / [6, 16, 20]
      (a,b)=(2,1) cella (1, 2) firma {misti 32, solo-N3 40, solo-N2 488, nulli 160}
[111] (72, 1090) A=[2, 9, 11, 12, 16, 22] B=[4, 6, 8, 17, 18, 19]
      g    [2, 9, 16] / [4, 6, 17]
      gbar [11, 12, 22] / [8, 18, 19]
      h    [2, 12, 16] / [4, 8, 18]
      hbar [9, 11, 22] / [6, 17, 19]
      (a,b)=(2,1) cella (1, 2) firma {misti 32, solo-N3 40, solo-N2 488, nulli 160}
[112] (72, 1114) A=[2, 4, 15, 16, 17, 18] B=[6, 7, 8, 9, 20, 22]
      g    [2, 15, 16] / [6, 7, 20]
      gbar [4, 17, 18] / [8, 9, 22]
      h    [2, 16, 18] / [6, 8, 22]
      hbar [4, 15, 17] / [7, 9, 20]
      (a,b)=(2,1) cella (1, 2) firma {misti 32, solo-N3 40, solo-N2 488, nulli 160}
[113] (72, 1114) A=[2, 7, 9, 16, 18, 20] B=[4, 6, 8, 15, 17, 22]
      g    [2, 9, 16] / [4, 6, 17]
      gbar [7, 18, 20] / [8, 15, 22]
      h    [2, 16, 18] / [6, 8, 22]
      hbar [7, 9, 20] / [4, 15, 17]
      (a,b)=(2,1) cella (1, 2) firma {misti 32, solo-N3 40, solo-N2 488, nulli 160}
[114] (72, 1114) A=[2, 8, 9, 15, 16, 22] B=[4, 6, 7, 17, 18, 20]
      g    [2, 9, 16] / [4, 6, 17]
      gbar [8, 15, 22] / [7, 18, 20]
      h    [2, 15, 16] / [6, 7, 20]
      hbar [8, 9, 22] / [4, 17, 18]
      (a,b)=(2,1) cella (1, 2) firma {misti 32, solo-N3 40, solo-N2 488, nulli 160}
[115] (74, 1144) A=[1, 10, 11, 15, 16, 21] B=[3, 7, 12, 13, 17, 22]
      g    [1, 10, 21] / [3, 7, 22]
      gbar [11, 15, 16] / [12, 13, 17]
      h    [1, 11, 15] / [3, 7, 17]
      hbar [10, 16, 21] / [12, 13, 22]
      (a,b)=(1,2) cella (1, 2) firma {misti 32, solo-N3 40, solo-N2 488, nulli 160}
[116] (74, 1144) A=[1, 10, 12, 13, 17, 21] B=[3, 7, 11, 15, 16, 22]
      g    [1, 10, 21] / [3, 7, 22]
      gbar [12, 13, 17] / [11, 15, 16]
      h    [1, 12, 13] / [3, 7, 16]
      hbar [10, 17, 21] / [11, 15, 22]
      (a,b)=(1,2) cella (1, 2) firma {misti 32, solo-N3 40, solo-N2 488, nulli 160}
[117] (74, 1144) A=[1, 11, 12, 13, 15, 22] B=[3, 7, 10, 16, 17, 21]
      g    [1, 11, 15] / [3, 7, 17]
      gbar [12, 13, 22] / [10, 16, 21]
      h    [1, 12, 13] / [3, 7, 16]
      hbar [11, 15, 22] / [10, 17, 21]
      (a,b)=(1,2) cella (1, 2) firma {misti 32, solo-N3 40, solo-N2 488, nulli 160}
[118] (75, 1147) A=[2, 10, 11, 15, 16, 21] B=[5, 6, 12, 13, 17, 22]
      g    [2, 10, 21] / [5, 6, 22]
      gbar [11, 15, 16] / [12, 13, 17]
      h    [2, 11, 15] / [5, 6, 17]
      hbar [10, 16, 21] / [12, 13, 22]
      (a,b)=(1,2) cella (1, 2) firma {misti 32, solo-N3 40, solo-N2 488, nulli 160}
[119] (75, 1147) A=[2, 10, 12, 13, 17, 21] B=[5, 6, 11, 15, 16, 22]
      g    [2, 10, 21] / [5, 6, 22]
      gbar [12, 13, 17] / [11, 15, 16]
      h    [2, 12, 13] / [5, 6, 16]
      hbar [10, 17, 21] / [11, 15, 22]
      (a,b)=(1,2) cella (1, 2) firma {misti 32, solo-N3 40, solo-N2 488, nulli 160}
[120] (75, 1147) A=[2, 11, 12, 13, 15, 22] B=[5, 6, 10, 16, 17, 21]
      g    [2, 11, 15] / [5, 6, 17]
      gbar [12, 13, 22] / [10, 16, 21]
      h    [2, 12, 13] / [5, 6, 16]
      hbar [11, 15, 22] / [10, 17, 21]
      (a,b)=(1,2) cella (1, 2) firma {misti 32, solo-N3 40, solo-N2 488, nulli 160}
[121] (75, 1195) A=[2, 6, 13, 15, 19, 20] B=[5, 8, 9, 10, 21, 22]
      g    [2, 13, 20] / [5, 8, 22]
      gbar [6, 15, 19] / [9, 10, 21]
      h    [2, 15, 19] / [5, 9, 22]
      hbar [6, 13, 20] / [8, 10, 21]
      (a,b)=(1,2) cella (1, 2) firma {misti 32, solo-N3 40, solo-N2 488, nulli 160}
[122] (75, 1195) A=[2, 8, 10, 15, 19, 21] B=[5, 6, 9, 13, 20, 22]
      g    [2, 10, 21] / [5, 6, 22]
      gbar [8, 15, 19] / [9, 13, 20]
      h    [2, 15, 19] / [5, 9, 22]
      hbar [8, 10, 21] / [6, 13, 20]
      (a,b)=(1,2) cella (1, 2) firma {misti 32, solo-N3 40, solo-N2 488, nulli 160}
[123] (75, 1195) A=[2, 9, 10, 13, 20, 21] B=[5, 6, 8, 15, 19, 22]
      g    [2, 10, 21] / [5, 6, 22]
      gbar [9, 13, 20] / [8, 15, 19]
      h    [2, 13, 20] / [5, 8, 22]
      hbar [9, 10, 21] / [6, 15, 19]
      (a,b)=(1,2) cella (1, 2) firma {misti 32, solo-N3 40, solo-N2 488, nulli 160}
[124] (76, 1236) A=[1, 6, 15, 17, 18, 19] B=[3, 9, 10, 11, 21, 22]
      g    [1, 15, 18] / [3, 10, 21]
      gbar [6, 17, 19] / [9, 11, 22]
      h    [1, 17, 18] / [3, 11, 22]
      hbar [6, 15, 19] / [9, 10, 21]
      (a,b)=(2,1) cella (1, 2) firma {misti 32, solo-N3 40, solo-N2 488, nulli 160}
[125] (76, 1236) A=[1, 9, 10, 17, 18, 21] B=[3, 6, 11, 15, 19, 22]
      g    [1, 9, 18] / [3, 6, 19]
      gbar [10, 17, 21] / [11, 15, 22]
      h    [1, 17, 18] / [3, 11, 22]
      hbar [9, 10, 21] / [6, 15, 19]
      (a,b)=(2,1) cella (1, 2) firma {misti 32, solo-N3 40, solo-N2 488, nulli 160}
[126] (76, 1236) A=[1, 9, 11, 15, 18, 22] B=[3, 6, 10, 17, 19, 21]
      g    [1, 9, 18] / [3, 6, 19]
      gbar [11, 15, 22] / [10, 17, 21]
      h    [1, 15, 18] / [3, 10, 21]
      hbar [9, 11, 22] / [6, 17, 19]
      (a,b)=(2,1) cella (1, 2) firma {misti 32, solo-N3 40, solo-N2 488, nulli 160}
[127] (78, 1138) A=[6, 8, 14, 15, 16, 19] B=[7, 10, 11, 12, 18, 20]
      g    [6, 14, 19] / [7, 12, 20]
      gbar [8, 15, 16] / [10, 11, 18]
      h    [6, 15, 16] / [7, 12, 18]
      hbar [8, 14, 19] / [10, 11, 20]
      (a,b)=(1,2) cella (1, 2) firma {misti 32, solo-N3 40, solo-N2 488, nulli 160}
[128] (78, 1138) A=[6, 10, 11, 14, 18, 19] B=[7, 8, 12, 15, 16, 20]
      g    [6, 10, 11] / [7, 8, 12]
      gbar [14, 18, 19] / [15, 16, 20]
      h    [6, 14, 19] / [7, 12, 20]
      hbar [10, 11, 18] / [8, 15, 16]
      (a,b)=(1,2) cella (1, 2) firma {misti 32, solo-N3 40, solo-N2 488, nulli 160}
[129] (78, 1138) A=[6, 10, 11, 15, 16, 20] B=[7, 8, 12, 14, 18, 19]
      g    [6, 10, 11] / [7, 8, 12]
      gbar [15, 16, 20] / [14, 18, 19]
      h    [6, 15, 16] / [7, 12, 18]
      hbar [10, 11, 20] / [8, 14, 19]
      (a,b)=(1,2) cella (1, 2) firma {misti 32, solo-N3 40, solo-N2 488, nulli 160}
[130] (78, 1168) A=[5, 7, 15, 16, 17, 18] B=[8, 9, 10, 11, 19, 21]
      g    [5, 15, 16] / [8, 9, 19]
      gbar [7, 17, 18] / [10, 11, 21]
      h    [5, 16, 18] / [8, 10, 21]
      hbar [7, 15, 17] / [9, 11, 19]
      (a,b)=(2,1) cella (1, 2) firma {misti 32, solo-N3 40, solo-N2 488, nulli 160}
[131] (78, 1168) A=[5, 9, 11, 16, 18, 19] B=[7, 8, 10, 15, 17, 21]
      g    [5, 11, 16] / [7, 8, 17]
      gbar [9, 18, 19] / [10, 15, 21]
      h    [5, 16, 18] / [8, 10, 21]
      hbar [9, 11, 19] / [7, 15, 17]
      (a,b)=(2,1) cella (1, 2) firma {misti 32, solo-N3 40, solo-N2 488, nulli 160}
[132] (78, 1168) A=[5, 10, 11, 15, 16, 21] B=[7, 8, 9, 17, 18, 19]
      g    [5, 11, 16] / [7, 8, 17]
      gbar [10, 15, 21] / [9, 18, 19]
      h    [5, 15, 16] / [8, 9, 19]
      hbar [10, 11, 21] / [7, 17, 18]
      (a,b)=(2,1) cella (1, 2) firma {misti 32, solo-N3 40, solo-N2 488, nulli 160}
[133] (78, 1192) A=[5, 6, 15, 16, 17, 19] B=[7, 9, 10, 11, 20, 21]
      g    [5, 15, 19] / [7, 11, 21]
      gbar [6, 16, 17] / [9, 10, 20]
      h    [5, 16, 17] / [7, 11, 20]
      hbar [6, 15, 19] / [9, 10, 21]
      (a,b)=(1,2) cella (1, 2) firma {misti 32, solo-N3 40, solo-N2 488, nulli 160}
[134] (78, 1192) A=[5, 9, 10, 15, 19, 20] B=[6, 7, 11, 16, 17, 21]
      g    [5, 9, 10] / [6, 7, 11]
      gbar [15, 19, 20] / [16, 17, 21]
      h    [5, 15, 19] / [7, 11, 21]
      hbar [9, 10, 20] / [6, 16, 17]
      (a,b)=(1,2) cella (1, 2) firma {misti 32, solo-N3 40, solo-N2 488, nulli 160}
[135] (78, 1192) A=[5, 9, 10, 16, 17, 21] B=[6, 7, 11, 15, 19, 20]
      g    [5, 9, 10] / [6, 7, 11]
      gbar [16, 17, 21] / [15, 19, 20]
      h    [5, 16, 17] / [7, 11, 20]
      hbar [9, 10, 21] / [6, 15, 19]
      (a,b)=(1,2) cella (1, 2) firma {misti 32, solo-N3 40, solo-N2 488, nulli 160}
[136] (78, 1216) A=[4, 7, 14, 15, 17, 21] B=[5, 9, 11, 12, 19, 22]
      g    [4, 14, 21] / [5, 12, 22]
      gbar [7, 15, 17] / [9, 11, 19]
      h    [4, 15, 17] / [5, 12, 19]
      hbar [7, 14, 21] / [9, 11, 22]
      (a,b)=(1,2) cella (1, 2) firma {misti 32, solo-N3 40, solo-N2 488, nulli 160}
[137] (78, 1216) A=[4, 9, 11, 14, 19, 21] B=[5, 7, 12, 15, 17, 22]
      g    [4, 9, 11] / [5, 7, 12]
      gbar [14, 19, 21] / [15, 17, 22]
      h    [4, 14, 21] / [5, 12, 22]
      hbar [9, 11, 19] / [7, 15, 17]
      (a,b)=(1,2) cella (1, 2) firma {misti 32, solo-N3 40, solo-N2 488, nulli 160}
[138] (78, 1216) A=[4, 9, 11, 15, 17, 22] B=[5, 7, 12, 14, 19, 21]
      g    [4, 9, 11] / [5, 7, 12]
      gbar [15, 17, 22] / [14, 19, 21]
      h    [4, 15, 17] / [5, 12, 19]
      hbar [9, 11, 22] / [7, 14, 21]
      (a,b)=(1,2) cella (1, 2) firma {misti 32, solo-N3 40, solo-N2 488, nulli 160}
[139] (78, 1306) A=[1, 6, 16, 17, 18, 20] B=[2, 8, 12, 13, 21, 22]
      g    [1, 16, 20] / [2, 13, 22]
      gbar [6, 17, 18] / [8, 12, 21]
      h    [1, 17, 18] / [2, 13, 21]
      hbar [6, 16, 20] / [8, 12, 22]
      (a,b)=(1,2) cella (1, 2) firma {misti 32, solo-N3 40, solo-N2 488, nulli 160}
[140] (78, 1306) A=[1, 8, 12, 16, 20, 21] B=[2, 6, 13, 17, 18, 22]
      g    [1, 8, 12] / [2, 6, 13]
      gbar [16, 20, 21] / [17, 18, 22]
      h    [1, 16, 20] / [2, 13, 22]
      hbar [8, 12, 21] / [6, 17, 18]
      (a,b)=(1,2) cella (1, 2) firma {misti 32, solo-N3 40, solo-N2 488, nulli 160}
[141] (78, 1306) A=[1, 8, 12, 17, 18, 22] B=[2, 6, 13, 16, 20, 21]
      g    [1, 8, 12] / [2, 6, 13]
      gbar [17, 18, 22] / [16, 20, 21]
      h    [1, 17, 18] / [2, 13, 21]
      hbar [8, 12, 22] / [6, 16, 20]
      (a,b)=(1,2) cella (1, 2) firma {misti 32, solo-N3 40, solo-N2 488, nulli 160}
[142] (79, 1319) A=[1, 7, 16, 17, 18, 20] B=[2, 10, 11, 13, 21, 22]
      g    [1, 16, 20] / [2, 13, 22]
      gbar [7, 17, 18] / [10, 11, 21]
      h    [1, 17, 18] / [2, 13, 21]
      hbar [7, 16, 20] / [10, 11, 22]
      (a,b)=(1,2) cella (1, 2) firma {misti 32, solo-N3 40, solo-N2 488, nulli 160}
[143] (79, 1319) A=[1, 10, 11, 16, 20, 21] B=[2, 7, 13, 17, 18, 22]
      g    [1, 10, 11] / [2, 7, 13]
      gbar [16, 20, 21] / [17, 18, 22]
      h    [1, 16, 20] / [2, 13, 22]
      hbar [10, 11, 21] / [7, 17, 18]
      (a,b)=(1,2) cella (1, 2) firma {misti 32, solo-N3 40, solo-N2 488, nulli 160}
[144] (79, 1319) A=[1, 10, 11, 17, 18, 22] B=[2, 7, 13, 16, 20, 21]
      g    [1, 10, 11] / [2, 7, 13]
      gbar [17, 18, 22] / [16, 20, 21]
      h    [1, 17, 18] / [2, 13, 21]
      hbar [10, 11, 22] / [7, 16, 20]
      (a,b)=(1,2) cella (1, 2) firma {misti 32, solo-N3 40, solo-N2 488, nulli 160}
[145] (84, 1300) A=[7, 9, 15, 16, 17, 20] B=[8, 11, 12, 13, 19, 21]
      g    [7, 15, 20] / [8, 13, 21]
      gbar [9, 16, 17] / [11, 12, 19]
      h    [7, 16, 17] / [8, 13, 19]
      hbar [9, 15, 20] / [11, 12, 21]
      (a,b)=(1,2) cella (1, 2) firma {misti 32, solo-N3 40, solo-N2 488, nulli 160}
[146] (84, 1300) A=[7, 11, 12, 15, 19, 20] B=[8, 9, 13, 16, 17, 21]
      g    [7, 11, 12] / [8, 9, 13]
      gbar [15, 19, 20] / [16, 17, 21]
      h    [7, 15, 20] / [8, 13, 21]
      hbar [11, 12, 19] / [9, 16, 17]
      (a,b)=(1,2) cella (1, 2) firma {misti 32, solo-N3 40, solo-N2 488, nulli 160}
[147] (84, 1300) A=[7, 11, 12, 16, 17, 21] B=[8, 9, 13, 15, 19, 20]
      g    [7, 11, 12] / [8, 9, 13]
      gbar [16, 17, 21] / [15, 19, 20]
      h    [7, 16, 17] / [8, 13, 19]
      hbar [11, 12, 21] / [9, 15, 20]
      (a,b)=(1,2) cella (1, 2) firma {misti 32, solo-N3 40, solo-N2 488, nulli 160}
[148] (84, 1330) A=[6, 8, 16, 17, 18, 19] B=[9, 10, 11, 12, 20, 22]
      g    [6, 16, 17] / [9, 10, 20]
      gbar [8, 18, 19] / [11, 12, 22]
      h    [6, 17, 19] / [9, 11, 22]
      hbar [8, 16, 18] / [10, 12, 20]
      (a,b)=(2,1) cella (1, 2) firma {misti 32, solo-N3 40, solo-N2 488, nulli 160}
[149] (84, 1330) A=[6, 10, 12, 17, 19, 20] B=[8, 9, 11, 16, 18, 22]
      g    [6, 12, 17] / [8, 9, 18]
      gbar [10, 19, 20] / [11, 16, 22]
      h    [6, 17, 19] / [9, 11, 22]
      hbar [10, 12, 20] / [8, 16, 18]
      (a,b)=(2,1) cella (1, 2) firma {misti 32, solo-N3 40, solo-N2 488, nulli 160}
[150] (84, 1330) A=[6, 11, 12, 16, 17, 22] B=[8, 9, 10, 18, 19, 20]
      g    [6, 12, 17] / [8, 9, 18]
      gbar [11, 16, 22] / [10, 19, 20]
      h    [6, 16, 17] / [9, 10, 20]
      hbar [11, 12, 22] / [8, 18, 19]
      (a,b)=(2,1) cella (1, 2) firma {misti 32, solo-N3 40, solo-N2 488, nulli 160}
[151] (84, 1354) A=[6, 7, 16, 17, 18, 20] B=[8, 10, 11, 12, 21, 22]
      g    [6, 16, 20] / [8, 12, 22]
      gbar [7, 17, 18] / [10, 11, 21]
      h    [6, 17, 18] / [8, 12, 21]
      hbar [7, 16, 20] / [10, 11, 22]
      (a,b)=(1,2) cella (1, 2) firma {misti 32, solo-N3 40, solo-N2 488, nulli 160}
[152] (84, 1354) A=[6, 10, 11, 16, 20, 21] B=[7, 8, 12, 17, 18, 22]
      g    [6, 10, 11] / [7, 8, 12]
      gbar [16, 20, 21] / [17, 18, 22]
      h    [6, 16, 20] / [8, 12, 22]
      hbar [10, 11, 21] / [7, 17, 18]
      (a,b)=(1,2) cella (1, 2) firma {misti 32, solo-N3 40, solo-N2 488, nulli 160}
[153] (84, 1354) A=[6, 10, 11, 17, 18, 22] B=[7, 8, 12, 16, 20, 21]
      g    [6, 10, 11] / [7, 8, 12]
      gbar [17, 18, 22] / [16, 20, 21]
      h    [6, 17, 18] / [8, 12, 21]
      hbar [10, 11, 22] / [7, 16, 20]
      (a,b)=(1,2) cella (1, 2) firma {misti 32, solo-N3 40, solo-N2 488, nulli 160}
[154] (90, 1474) A=[8, 10, 16, 17, 18, 21] B=[9, 12, 13, 14, 20, 22]
      g    [8, 16, 21] / [9, 14, 22]
      gbar [10, 17, 18] / [12, 13, 20]
      h    [8, 17, 18] / [9, 14, 20]
      hbar [10, 16, 21] / [12, 13, 22]
      (a,b)=(1,2) cella (1, 2) firma {misti 32, solo-N3 40, solo-N2 488, nulli 160}
[155] (90, 1474) A=[8, 12, 13, 16, 20, 21] B=[9, 10, 14, 17, 18, 22]
      g    [8, 12, 13] / [9, 10, 14]
      gbar [16, 20, 21] / [17, 18, 22]
      h    [8, 16, 21] / [9, 14, 22]
      hbar [12, 13, 20] / [10, 17, 18]
      (a,b)=(1,2) cella (1, 2) firma {misti 32, solo-N3 40, solo-N2 488, nulli 160}
[156] (90, 1474) A=[8, 12, 13, 17, 18, 22] B=[9, 10, 14, 16, 20, 21]
      g    [8, 12, 13] / [9, 10, 14]
      gbar [17, 18, 22] / [16, 20, 21]
      h    [8, 17, 18] / [9, 14, 20]
      hbar [12, 13, 22] / [10, 16, 21]
      (a,b)=(1,2) cella (1, 2) firma {misti 32, solo-N3 40, solo-N2 488, nulli 160}

====================================================================
VERDETTO DELLA SEDUTA (B1 + B2)
====================================================================
base: 156 coppie |G|=4 di [1..22], censimento indipendente (distribuzione |G| {0: 26573, 2: 4444, 4: 156} su 31173 coppie)
B1-a: forme d'incidenza congiunte distinte: 1
B2-a: coppie con firma diversa da 32/40/488/160: 0
B2-b: vedi faccia sopra
B2-c: ritratti orbitali distinti: 1
