SEDUTA INVARIANTE 156x32 — Bersaglio 4: SALITA A N=24 col
floor-check PRE-DISEGNO. MISURA, non teoria.

FASE A (floor-check, stampato PRIMA di ogni disegno della fase B):
- costo del censimento MISURATO con questo stesso codice a
  N = 18, 20, 22 (sestine, coppie disgiunte same-bucket, tempo);
- C(24,6) esatto; proiezione di coppie e tempo a N=24 dai rapporti
  MISURATI qui (mai ereditati da sedute precedenti);
- CAP DERIVATO dalla misura: 3 x tempo proiettato (fattore di
  sicurezza 3, dichiarato); BUDGET di seduta per B4: 600 s,
  dichiarato qui prima della misura. GO se CAP <= BUDGET; altrimenti
  NON APERTO coi numeri del floor-check a verbale.

FASE B (solo se GO):
- censimento completo a N=24: distribuzione |G| su tutte le coppie
  disgiunte same-bucket; coppie |G|=4; NUOVE = non presenti nel
  censimento [1..22] (ricostruito in fase A);
- per OGNI coppia nuova: firma {misti, solo-N3, solo-N2, nulli} su
  720 accoppiamenti e incidenza canonica congiunta, confrontate con
  la carta d'identita delle 156.

FACCE PRE-SCRITTE:
 B4-a: firma diversa da {misti 32, solo-N3 40, solo-N2 488, nulli
       160} su UNA coppia nuova = uniformita FALSIFICATA fuori
       campione (dato d'oro, membri a verbale); firma uguale su tutte
       = estensione out-of-sample dell'uniformita.
 B4-b: incidenza canonica congiunta diversa su una nuova = seconda
       forma della classe (dato d'oro coi membri); uguale su tutte =
       classe unica estesa.
 B4-c: distribuzione |G| a N=24 a verbale, valori oltre 4 compresi:
       se compaiono, membri a verbale (dato nuovo, fuori dal
       perimetro della firma).
Log: logs/invariante-n24.log

====================================================================
FASE A — FLOOR-CHECK (prima del disegno)
====================================================================
  N=18: sestine 18564, coppie 1640, |G|=4: 24, tempo 0.4s
  N=20: sestine 38760, coppie 8015, |G|=4: 48, tempo 1.1s
  N=22: sestine 74613, coppie 31173, |G|=4: 156, tempo 2.5s
C(24,6) esatto = 134596
rapporti misurati: coppie x4.89 (18->20), x3.89 (20->22); tempo x2.20 (20->22)
proiezione N=24: ~136795 coppie, ~5s di censimento
CAP DERIVATO = 3 x 5s = 16s; BUDGET dichiarato = 600s
DECISIONE (prima della fase B): GO

====================================================================
FASE B — CENSIMENTO N=24 e firma delle coppie NUOVE
====================================================================
N=24: sestine 134596 (atteso 134596), coppie disgiunte same-bucket 101203
distribuzione |G|: {0: 89739, 2: 11158, 4: 306}
coppie |G|=4 a N=24: 306  [censimento: 4.6s]
coppie |G|=4 NUOVE (non in [1..22]): 150; ritrovate delle 156: 156
ricontrollo per appartenenza: nuove senza 23/24: 0 (attesa 0)

  <<< INCIDENZA DIVERSA (B4-b, dato d'oro): (72, 1228) A=[1, 2, 13, 17, 18, 21] B=[3, 6, 7, 11, 22, 23]
      lato A: ((3, 0, 0, 3), (0, 3, 3, 0), (0, 3, 3, 0), (3, 0, 0, 3))
      lato B: ((3, 0, 3, 0), (0, 3, 0, 3), (3, 0, 3, 0), (0, 3, 0, 3))
  <<< FIRMA DIVERSA (B4-a, dato d'oro): (72, 1228) A=[1, 2, 13, 17, 18, 21] B=[3, 6, 7, 11, 22, 23] {'solo-N3': 72, 'solo-N2': 648}
  <<< INCIDENZA DIVERSA (B4-b, dato d'oro): (72, 1228) A=[1, 3, 11, 17, 18, 22] B=[2, 6, 7, 13, 21, 23]
      lato A: ((3, 0, 0, 3), (0, 3, 3, 0), (0, 3, 3, 0), (3, 0, 0, 3))
      lato B: ((3, 0, 3, 0), (0, 3, 0, 3), (3, 0, 3, 0), (0, 3, 0, 3))
  <<< FIRMA DIVERSA (B4-a, dato d'oro): (72, 1228) A=[1, 3, 11, 17, 18, 22] B=[2, 6, 7, 13, 21, 23] {'solo-N3': 72, 'solo-N2': 648}
  <<< INCIDENZA DIVERSA (B4-b, dato d'oro): (72, 1228) A=[1, 6, 7, 17, 18, 23] B=[2, 3, 11, 13, 21, 22]
      lato A: ((3, 0, 0, 3), (0, 3, 3, 0), (0, 3, 3, 0), (3, 0, 0, 3))
      lato B: ((3, 0, 3, 0), (0, 3, 0, 3), (3, 0, 3, 0), (0, 3, 0, 3))
  <<< FIRMA DIVERSA (B4-a, dato d'oro): (72, 1228) A=[1, 6, 7, 17, 18, 23] B=[2, 3, 11, 13, 21, 22] {'solo-N3': 72, 'solo-N2': 648}
  <<< INCIDENZA DIVERSA (B4-b, dato d'oro): (78, 1378) A=[2, 3, 14, 18, 19, 22] B=[4, 7, 8, 12, 23, 24]
      lato A: ((3, 0, 0, 3), (0, 3, 3, 0), (0, 3, 3, 0), (3, 0, 0, 3))
      lato B: ((3, 0, 3, 0), (0, 3, 0, 3), (3, 0, 3, 0), (0, 3, 0, 3))
  <<< FIRMA DIVERSA (B4-a, dato d'oro): (78, 1378) A=[2, 3, 14, 18, 19, 22] B=[4, 7, 8, 12, 23, 24] {'solo-N3': 72, 'solo-N2': 648}
  <<< INCIDENZA DIVERSA (B4-b, dato d'oro): (78, 1378) A=[2, 4, 12, 18, 19, 23] B=[3, 7, 8, 14, 22, 24]
      lato A: ((3, 0, 0, 3), (0, 3, 3, 0), (0, 3, 3, 0), (3, 0, 0, 3))
      lato B: ((3, 0, 3, 0), (0, 3, 0, 3), (3, 0, 3, 0), (0, 3, 0, 3))
  <<< FIRMA DIVERSA (B4-a, dato d'oro): (78, 1378) A=[2, 4, 12, 18, 19, 23] B=[3, 7, 8, 14, 22, 24] {'solo-N3': 72, 'solo-N2': 648}
  <<< INCIDENZA DIVERSA (B4-b, dato d'oro): (78, 1378) A=[2, 7, 8, 18, 19, 24] B=[3, 4, 12, 14, 22, 23]
      lato A: ((3, 0, 0, 3), (0, 3, 3, 0), (0, 3, 3, 0), (3, 0, 0, 3))
      lato B: ((3, 0, 3, 0), (0, 3, 0, 3), (3, 0, 3, 0), (0, 3, 0, 3))
  <<< FIRMA DIVERSA (B4-a, dato d'oro): (78, 1378) A=[2, 7, 8, 18, 19, 24] B=[3, 4, 12, 14, 22, 23] {'solo-N3': 72, 'solo-N2': 648}
nuove con firma diversa da 32/40/488/160: 6 su 150
nuove con incidenza canonica diversa: 6
chiusura complemento violata: 0
celle (a,b) normalizzate sulle nuove: {(0, 3): 6, (1, 2): 144}
[firme nuove: 0.8s]

elenco delle coppie NUOVE coi membri (key, A, B):
  [  1] (65, 983) A=[2, 3, 11, 13, 14, 22] B=[4, 6, 7, 8, 17, 23]
  [  2] (65, 983) A=[2, 6, 7, 11, 17, 22] B=[3, 4, 8, 13, 14, 23]
  [  3] (65, 983) A=[2, 6, 7, 13, 14, 23] B=[3, 4, 8, 11, 17, 22]
  [  4] (66, 1018) A=[2, 3, 11, 12, 16, 22] B=[4, 6, 7, 8, 18, 23]
  [  5] (66, 1018) A=[2, 6, 7, 11, 18, 22] B=[3, 4, 8, 12, 16, 23]
  [  6] (66, 1018) A=[2, 6, 7, 12, 16, 23] B=[3, 4, 8, 11, 18, 22]
  [  7] (68, 1044) A=[2, 3, 13, 14, 15, 21] B=[5, 6, 7, 9, 18, 23]
  [  8] (68, 1044) A=[2, 5, 9, 13, 18, 21] B=[3, 6, 7, 14, 15, 23]
  [  9] (68, 1044) A=[2, 6, 9, 13, 15, 23] B=[3, 5, 7, 14, 18, 21]
  [ 10] (70, 1048) A=[2, 7, 11, 12, 17, 21] B=[3, 8, 9, 13, 14, 23]
  [ 11] (70, 1048) A=[2, 8, 9, 13, 17, 21] B=[3, 7, 11, 12, 14, 23]
  [ 12] (70, 1048) A=[2, 9, 11, 12, 13, 23] B=[3, 7, 8, 14, 17, 21]
  [ 13] (71, 1119) A=[3, 4, 12, 14, 15, 23] B=[5, 7, 8, 9, 18, 24]
  [ 14] (71, 1119) A=[3, 7, 8, 12, 18, 23] B=[4, 5, 9, 14, 15, 24]
  [ 15] (71, 1119) A=[3, 7, 8, 14, 15, 24] B=[4, 5, 9, 12, 18, 23]
  [ 16] (72, 1156) A=[3, 4, 12, 13, 17, 23] B=[5, 7, 8, 9, 19, 24]
  [ 17] (72, 1156) A=[3, 7, 8, 12, 19, 23] B=[4, 5, 9, 13, 17, 24]
  [ 18] (72, 1156) A=[3, 7, 8, 13, 17, 24] B=[4, 5, 9, 12, 19, 23]
  [ 19] (72, 1164) A=[1, 5, 13, 14, 17, 22] B=[2, 7, 10, 11, 19, 23]
  [ 20] (72, 1164) A=[1, 7, 10, 13, 19, 22] B=[2, 5, 11, 14, 17, 23]
  [ 21] (72, 1164) A=[1, 7, 10, 14, 17, 23] B=[2, 5, 11, 13, 19, 22]
  [ 22] (72, 1210) A=[1, 2, 15, 16, 18, 20] B=[4, 6, 8, 9, 22, 23]
  [ 23] (72, 1210) A=[1, 6, 8, 15, 20, 22] B=[2, 4, 9, 16, 18, 23]
  [ 24] (72, 1210) A=[1, 6, 8, 16, 18, 23] B=[2, 4, 9, 15, 20, 22]
  [ 25] (72, 1228) A=[1, 2, 13, 17, 18, 21] B=[3, 6, 7, 11, 22, 23]
  [ 26] (72, 1228) A=[1, 3, 11, 17, 18, 22] B=[2, 6, 7, 13, 21, 23]
  [ 27] (72, 1228) A=[1, 6, 7, 17, 18, 23] B=[2, 3, 11, 13, 21, 22]
  [ 28] (74, 1186) A=[3, 4, 14, 15, 16, 22] B=[6, 7, 8, 10, 19, 24]
  [ 29] (74, 1186) A=[3, 6, 10, 14, 19, 22] B=[4, 7, 8, 15, 16, 24]
  [ 30] (74, 1186) A=[3, 7, 10, 14, 16, 24] B=[4, 6, 8, 15, 19, 22]
  [ 31] (75, 1147) A=[3, 8, 12, 13, 19, 20] B=[4, 9, 10, 14, 15, 23]
  [ 32] (75, 1147) A=[3, 9, 10, 14, 19, 20] B=[4, 8, 12, 13, 15, 23]
  [ 33] (75, 1147) A=[3, 10, 12, 13, 14, 23] B=[4, 8, 9, 15, 19, 20]
  [ 34] (75, 1195) A=[3, 4, 15, 16, 17, 20] B=[5, 6, 10, 12, 19, 23]
  [ 35] (75, 1195) A=[3, 5, 12, 16, 19, 20] B=[4, 6, 10, 15, 17, 23]
  [ 36] (75, 1195) A=[3, 6, 10, 17, 19, 20] B=[4, 5, 12, 15, 16, 23]
  [ 37] (76, 1194) A=[3, 8, 12, 13, 18, 22] B=[4, 9, 10, 14, 15, 24]
  [ 38] (76, 1194) A=[3, 9, 10, 14, 18, 22] B=[4, 8, 12, 13, 15, 24]
  [ 39] (76, 1194) A=[3, 10, 12, 13, 14, 24] B=[4, 8, 9, 15, 18, 22]
  [ 40] (78, 1224) A=[3, 8, 14, 15, 17, 21] B=[5, 9, 11, 12, 18, 23]
  [ 41] (78, 1224) A=[3, 9, 12, 15, 18, 21] B=[5, 8, 11, 14, 17, 23]
  [ 42] (78, 1224) A=[3, 11, 12, 14, 15, 23] B=[5, 8, 9, 17, 18, 21]
  [ 43] (78, 1234) A=[3, 7, 14, 16, 18, 20] B=[6, 8, 10, 12, 19, 23]
  [ 44] (78, 1234) A=[3, 8, 12, 16, 19, 20] B=[6, 7, 10, 14, 18, 23]
  [ 45] (78, 1234) A=[3, 8, 14, 15, 16, 22] B=[4, 10, 11, 12, 18, 23]
  [ 46] (78, 1234) A=[3, 10, 11, 14, 18, 22] B=[4, 8, 12, 15, 16, 23]
  [ 47] (78, 1234) A=[3, 10, 12, 14, 16, 23] B=[4, 8, 11, 15, 18, 22]
  [ 48] (78, 1234) A=[3, 10, 12, 14, 16, 23] B=[6, 7, 8, 18, 19, 20]
  [ 49] (78, 1240) A=[3, 7, 13, 17, 18, 20] B=[5, 9, 10, 12, 19, 23]
  [ 50] (78, 1240) A=[3, 7, 14, 16, 17, 21] B=[6, 8, 9, 13, 19, 23]
  [ 51] (78, 1240) A=[3, 8, 13, 14, 19, 21] B=[6, 7, 9, 16, 17, 23]
  [ 52] (78, 1240) A=[3, 9, 10, 17, 19, 20] B=[5, 7, 12, 13, 18, 23]
  [ 53] (78, 1240) A=[3, 9, 13, 14, 16, 23] B=[6, 7, 8, 17, 19, 21]
  [ 54] (78, 1240) A=[3, 10, 12, 13, 17, 23] B=[5, 7, 9, 18, 19, 20]
  [ 55] (78, 1264) A=[3, 5, 16, 17, 18, 19] B=[7, 8, 9, 10, 21, 23]
  [ 56] (78, 1264) A=[3, 8, 10, 17, 19, 21] B=[5, 7, 9, 16, 18, 23]
  [ 57] (78, 1264) A=[3, 9, 10, 16, 17, 23] B=[5, 7, 8, 18, 19, 21]
  [ 58] (78, 1314) A=[2, 6, 14, 15, 18, 23] B=[3, 8, 11, 12, 20, 24]
  [ 59] (78, 1314) A=[2, 8, 11, 14, 20, 23] B=[3, 6, 12, 15, 18, 24]
  [ 60] (78, 1314) A=[2, 8, 11, 15, 18, 24] B=[3, 6, 12, 14, 20, 23]
  [ 61] (78, 1360) A=[2, 3, 16, 17, 19, 21] B=[5, 7, 9, 10, 23, 24]
  [ 62] (78, 1360) A=[2, 7, 9, 16, 21, 23] B=[3, 5, 10, 17, 19, 24]
  [ 63] (78, 1360) A=[2, 7, 9, 17, 19, 24] B=[3, 5, 10, 16, 21, 23]
  [ 64] (78, 1378) A=[2, 3, 14, 18, 19, 22] B=[4, 7, 8, 12, 23, 24]
  [ 65] (78, 1378) A=[2, 4, 12, 18, 19, 23] B=[3, 7, 8, 14, 22, 24]
  [ 66] (78, 1378) A=[2, 7, 8, 18, 19, 24] B=[3, 4, 12, 14, 22, 23]
  [ 67] (80, 1298) A=[2, 11, 12, 16, 17, 22] B=[4, 8, 13, 14, 18, 23]
  [ 68] (80, 1298) A=[2, 11, 13, 14, 18, 22] B=[4, 8, 12, 16, 17, 23]
  [ 69] (80, 1298) A=[2, 12, 13, 14, 16, 23] B=[4, 8, 11, 17, 18, 22]
  [ 70] (81, 1303) A=[3, 11, 12, 16, 17, 22] B=[6, 7, 13, 14, 18, 23]
  [ 71] (81, 1303) A=[3, 11, 13, 14, 18, 22] B=[6, 7, 12, 16, 17, 23]
  [ 72] (81, 1303) A=[3, 12, 13, 14, 16, 23] B=[6, 7, 11, 17, 18, 22]
  [ 73] (81, 1303) A=[4, 9, 13, 14, 20, 21] B=[5, 10, 11, 15, 16, 24]
  [ 74] (81, 1303) A=[4, 10, 11, 15, 20, 21] B=[5, 9, 13, 14, 16, 24]
  [ 75] (81, 1303) A=[4, 11, 13, 14, 15, 24] B=[5, 9, 10, 16, 20, 21]
  [ 76] (81, 1351) A=[3, 7, 14, 16, 20, 21] B=[6, 9, 10, 11, 22, 23]
  [ 77] (81, 1351) A=[3, 9, 11, 16, 20, 22] B=[6, 7, 10, 14, 21, 23]
  [ 78] (81, 1351) A=[3, 10, 11, 14, 21, 22] B=[6, 7, 9, 16, 20, 23]
  [ 79] (81, 1351) A=[4, 5, 16, 17, 18, 21] B=[6, 7, 11, 13, 20, 24]
  [ 80] (81, 1351) A=[4, 6, 13, 17, 20, 21] B=[5, 7, 11, 16, 18, 24]
  [ 81] (81, 1351) A=[4, 7, 11, 18, 20, 21] B=[5, 6, 13, 16, 17, 24]
  [ 82] (82, 1394) A=[2, 7, 16, 18, 19, 20] B=[4, 10, 11, 12, 22, 23]
  [ 83] (82, 1394) A=[2, 10, 11, 18, 19, 22] B=[4, 7, 12, 16, 20, 23]
  [ 84] (82, 1394) A=[2, 10, 12, 16, 19, 23] B=[4, 7, 11, 18, 20, 22]
  [ 85] (84, 1378) A=[5, 8, 15, 16, 18, 22] B=[6, 10, 12, 13, 20, 23]
  [ 86] (84, 1378) A=[5, 10, 12, 15, 20, 22] B=[6, 8, 13, 16, 18, 23]
  [ 87] (84, 1378) A=[5, 10, 12, 16, 18, 23] B=[6, 8, 13, 15, 20, 22]
  [ 88] (84, 1386) A=[4, 9, 15, 16, 18, 22] B=[6, 10, 12, 13, 19, 24]
  [ 89] (84, 1386) A=[4, 10, 13, 16, 19, 22] B=[6, 9, 12, 15, 18, 24]
  [ 90] (84, 1386) A=[4, 12, 13, 15, 16, 24] B=[6, 9, 10, 18, 19, 22]
  [ 91] (84, 1396) A=[4, 8, 15, 17, 19, 21] B=[7, 9, 11, 13, 20, 24]
  [ 92] (84, 1396) A=[4, 9, 13, 17, 20, 21] B=[7, 8, 11, 15, 19, 24]
  [ 93] (84, 1396) A=[4, 9, 15, 16, 17, 23] B=[5, 11, 12, 13, 19, 24]
  [ 94] (84, 1396) A=[4, 11, 12, 15, 19, 23] B=[5, 9, 13, 16, 17, 24]
  [ 95] (84, 1396) A=[4, 11, 13, 15, 17, 24] B=[5, 9, 12, 16, 19, 23]
  [ 96] (84, 1396) A=[4, 11, 13, 15, 17, 24] B=[7, 8, 9, 19, 20, 21]
  [ 97] (84, 1402) A=[4, 8, 14, 18, 19, 21] B=[6, 10, 11, 13, 20, 24]
  [ 98] (84, 1402) A=[4, 8, 15, 17, 18, 22] B=[7, 9, 10, 14, 20, 24]
  [ 99] (84, 1402) A=[4, 9, 14, 15, 20, 22] B=[7, 8, 10, 17, 18, 24]
  [100] (84, 1402) A=[4, 10, 11, 18, 20, 21] B=[6, 8, 13, 14, 19, 24]
  [101] (84, 1402) A=[4, 10, 14, 15, 17, 24] B=[7, 8, 9, 18, 20, 22]
  [102] (84, 1402) A=[4, 11, 13, 14, 18, 24] B=[6, 8, 10, 19, 20, 21]
  [103] (84, 1426) A=[4, 6, 17, 18, 19, 20] B=[8, 9, 10, 11, 22, 24]
  [104] (84, 1426) A=[4, 9, 11, 18, 20, 22] B=[6, 8, 10, 17, 19, 24]
  [105] (84, 1426) A=[4, 10, 11, 17, 18, 24] B=[6, 8, 9, 19, 20, 22]
  [106] (84, 1468) A=[2, 7, 17, 18, 19, 21] B=[3, 9, 13, 14, 22, 23]
  [107] (84, 1468) A=[2, 9, 13, 17, 21, 22] B=[3, 7, 14, 18, 19, 23]
  [108] (84, 1468) A=[2, 9, 13, 18, 19, 23] B=[3, 7, 14, 17, 21, 22]
  [109] (85, 1483) A=[2, 8, 17, 18, 19, 21] B=[3, 11, 12, 14, 22, 23]
  [110] (85, 1483) A=[2, 11, 12, 17, 21, 22] B=[3, 8, 14, 18, 19, 23]
  [111] (85, 1483) A=[2, 11, 12, 18, 19, 23] B=[3, 8, 14, 17, 21, 22]
  [112] (86, 1464) A=[3, 12, 13, 17, 18, 23] B=[5, 9, 14, 15, 19, 24]
  [113] (86, 1464) A=[3, 12, 14, 15, 19, 23] B=[5, 9, 13, 17, 18, 24]
  [114] (86, 1464) A=[3, 13, 14, 15, 17, 24] B=[5, 9, 12, 18, 19, 23]
  [115] (87, 1471) A=[4, 12, 13, 17, 18, 23] B=[7, 8, 14, 15, 19, 24]
  [116] (87, 1471) A=[4, 12, 14, 15, 19, 23] B=[7, 8, 13, 17, 18, 24]
  [117] (87, 1471) A=[4, 13, 14, 15, 17, 24] B=[7, 8, 12, 18, 19, 23]
  [118] (87, 1519) A=[4, 8, 15, 17, 21, 22] B=[7, 10, 11, 12, 23, 24]
  [119] (87, 1519) A=[4, 10, 12, 17, 21, 23] B=[7, 8, 11, 15, 22, 24]
  [120] (87, 1519) A=[4, 11, 12, 15, 22, 23] B=[7, 8, 10, 17, 21, 24]
  [121] (88, 1564) A=[3, 8, 17, 19, 20, 21] B=[5, 11, 12, 13, 23, 24]
  [122] (88, 1564) A=[3, 11, 12, 19, 20, 23] B=[5, 8, 13, 17, 21, 24]
  [123] (88, 1564) A=[3, 11, 13, 17, 20, 24] B=[5, 8, 12, 19, 21, 23]
  [124] (90, 1504) A=[7, 9, 17, 18, 19, 20] B=[10, 11, 12, 13, 21, 23]
  [125] (90, 1504) A=[7, 11, 13, 18, 20, 21] B=[9, 10, 12, 17, 19, 23]
  [126] (90, 1504) A=[7, 12, 13, 17, 18, 23] B=[9, 10, 11, 19, 20, 21]
  [127] (90, 1528) A=[7, 8, 17, 18, 19, 21] B=[9, 11, 12, 13, 22, 23]
  [128] (90, 1528) A=[7, 11, 12, 17, 21, 22] B=[8, 9, 13, 18, 19, 23]
  [129] (90, 1528) A=[7, 11, 12, 18, 19, 23] B=[8, 9, 13, 17, 21, 22]
  [130] (90, 1552) A=[6, 9, 16, 17, 19, 23] B=[7, 11, 13, 14, 21, 24]
  [131] (90, 1552) A=[6, 11, 13, 16, 21, 23] B=[7, 9, 14, 17, 19, 24]
  [132] (90, 1552) A=[6, 11, 13, 17, 19, 24] B=[7, 9, 14, 16, 21, 23]
  [133] (90, 1642) A=[3, 8, 18, 19, 20, 22] B=[4, 10, 14, 15, 23, 24]
  [134] (90, 1642) A=[3, 10, 14, 18, 22, 23] B=[4, 8, 15, 19, 20, 24]
  [135] (90, 1642) A=[3, 10, 14, 19, 20, 24] B=[4, 8, 15, 18, 22, 23]
  [136] (91, 1659) A=[3, 9, 18, 19, 20, 22] B=[4, 12, 13, 15, 23, 24]
  [137] (91, 1659) A=[3, 12, 13, 18, 22, 23] B=[4, 9, 15, 19, 20, 24]
  [138] (91, 1659) A=[3, 12, 13, 19, 20, 24] B=[4, 9, 15, 18, 22, 23]
  [139] (96, 1660) A=[9, 11, 17, 18, 19, 22] B=[10, 13, 14, 15, 21, 23]
  [140] (96, 1660) A=[9, 13, 14, 17, 21, 22] B=[10, 11, 15, 18, 19, 23]
  [141] (96, 1660) A=[9, 13, 14, 18, 19, 23] B=[10, 11, 15, 17, 21, 22]
  [142] (96, 1690) A=[8, 10, 18, 19, 20, 21] B=[11, 12, 13, 14, 22, 24]
  [143] (96, 1690) A=[8, 12, 14, 19, 21, 22] B=[10, 11, 13, 18, 20, 24]
  [144] (96, 1690) A=[8, 13, 14, 18, 19, 24] B=[10, 11, 12, 20, 21, 22]
  [145] (96, 1714) A=[8, 9, 18, 19, 20, 22] B=[10, 12, 13, 14, 23, 24]
  [146] (96, 1714) A=[8, 12, 13, 18, 22, 23] B=[9, 10, 14, 19, 20, 24]
  [147] (96, 1714) A=[8, 12, 13, 19, 20, 24] B=[9, 10, 14, 18, 22, 23]
  [148] (102, 1858) A=[10, 12, 18, 19, 20, 23] B=[11, 14, 15, 16, 22, 24]
  [149] (102, 1858) A=[10, 14, 15, 18, 22, 23] B=[11, 12, 16, 19, 20, 24]
  [150] (102, 1858) A=[10, 14, 15, 19, 20, 24] B=[11, 12, 16, 18, 22, 23]

====================================================================
VERDETTO B4
====================================================================
floor-check: GO (cap 16s <= budget 600s)
B4-c: distribuzione |G| a N=24: {0: 89739, 2: 11158, 4: 306}
B4-a: <<< 6 coppie nuove con firma diversa: uniformita FALSIFICATA fuori campione, membri sopra
B4-b: <<< 6 nuove con incidenza diversa: seconda forma, membri sopra
