SEDUTA INVARIANTE 156x32 (coda, seduta 2) — Bersaglio 2: SALITA A
N=26 col floor-check PRE-DISEGNO. MISURA, non teoria.

FASE A (floor-check, stampato PRIMA del disegno della fase B):
- costo del censimento MISURATO con questo stesso codice a N=22 e
  N=24; C(26,6) esatto; proiezione coppie e tempo dai rapporti
  misurati QUI (mai ereditati); CAP DERIVATO = 3 x tempo proiettato
  (fattore di sicurezza 3, dichiarato); BUDGET di seduta per B2:
  900 s, dichiarato qui prima della misura. GO se CAP <= BUDGET.

FASE B (solo se GO):
- censimento completo a N=26: distribuzione |G| su tutte le coppie
  disgiunte same-bucket;
- coppie |G|=4 NUOVE (non presenti a N=24, ricostruito in fase A),
  classificate per FORMA d'incidenza canonica congiunta:
  TRASVERSALE (riferimento: calcolato in-run su una coppia delle 156)
  / HALF-SUM (riferimento: in-run su una coppia d'oro) / ALTRA;
- firma su 720 per OGNI nuova; quaterne a N=25 e N=26 (generatore
  di B1, ricalcolato qui) e incrocio con le half-sum nuove.

FACCE PRE-SCRITTE:
 B2-a: |G| > 4, se compare, e dato NUOVO: membri e gemelle a
       verbale; se non compare, si verbalizza il tetto 4 fino a 26.
 B2-b: una forma d'incidenza TERZA = dato d'oro coi membri; attese
       dal quadro: solo trasversale e half-sum.
 B2-c (STOP): firma diversa DENTRO una forma nota = falsifica della
       funzione-incidenza (8.17): STOP e verbale coi membri.
 B2-d: half-sum nuove: TUTTE generate da quaterne? attesa dal
       generatore (B1): si, 3 coppie per quaterna; deviazione =
       dato nuovo coi membri.
Log: logs/salita-n26.log

====================================================================
FASE A — FLOOR-CHECK (prima del disegno)
====================================================================
  N=22: sestine 74613, coppie 31173, |G|=4: 156, |G|>4: 0, tempo 2.8s
  N=24: sestine 134596, coppie 101203, |G|=4: 306, |G|>4: 0, tempo 4.5s
C(26,6) esatto = 230230
rapporti misurati 22->24: coppie x3.25, tempo x1.62
proiezione N=26: ~328555 coppie, ~7s
CAP DERIVATO = 3 x 7s = 22s; BUDGET = 900s
DECISIONE (prima della fase B): GO

====================================================================
FASE B — CENSIMENTO N=26, FORME E FIRME DELLE NUOVE
====================================================================
N=26: sestine 230230 (atteso 230230), coppie 286705
distribuzione |G|: {0: 259439, 2: 26702, 4: 564}  [censimento: 13s]
FACCIA B2-a: |G| <= 4 anche a 26: tetto 4 confermato fin qui

riferimenti in-run: forma T e H calcolate (H dalla coppia d'oro [1, 2, 13, 17, 18, 21]/[3, 6, 7, 11, 22, 23])
coppie |G|=4 a 26: 564; ritrovate di N=24: 306 (attese 306); NUOVE: 258

classificazione delle 258 nuove per forma: {'trasversale': 252, 'half-sum': 6}  [1s]
FACCIA B2-b: solo trasversale e half-sum (nessuna terza forma fino a 26)
FACCIA B2-c: firma = funzione della forma su tutte le nuove (0 deviazioni)

half-sum nuove coi membri:
  (84, 1540) A=[3, 4, 15, 19, 20, 23] B=[5, 8, 9, 13, 24, 25]
  (84, 1540) A=[3, 5, 13, 19, 20, 24] B=[4, 8, 9, 15, 23, 25]
  (84, 1540) A=[3, 8, 9, 19, 20, 25] B=[4, 5, 13, 15, 23, 24]
  (90, 1714) A=[4, 5, 16, 20, 21, 24] B=[6, 9, 10, 14, 25, 26]
  (90, 1714) A=[4, 6, 14, 20, 21, 25] B=[5, 9, 10, 16, 24, 26]
  (90, 1714) A=[4, 9, 10, 20, 21, 26] B=[5, 6, 14, 16, 24, 25]

base completa delle nuove coi membri (forma T/H/X):
  [  1] T (60, 946) A=[1, 2, 10, 11, 12, 24] B=[3, 4, 6, 8, 14, 25]
  [  2] T (60, 946) A=[1, 3, 8, 10, 14, 24] B=[2, 4, 6, 11, 12, 25]
  [  3] T (60, 946) A=[1, 4, 6, 11, 14, 24] B=[2, 3, 8, 10, 12, 25]
  [  4] T (65, 1021) A=[1, 4, 9, 11, 19, 21] B=[3, 5, 7, 12, 13, 25]
  [  5] T (65, 1021) A=[1, 5, 7, 12, 19, 21] B=[3, 4, 9, 11, 13, 25]
  [  6] T (65, 1021) A=[1, 7, 9, 11, 12, 25] B=[3, 4, 5, 13, 19, 21]
  [  7] T (66, 1072) A=[1, 4, 9, 11, 18, 23] B=[3, 5, 7, 12, 13, 26]
  [  8] T (66, 1072) A=[1, 5, 7, 12, 18, 23] B=[3, 4, 9, 11, 13, 26]
  [  9] T (66, 1072) A=[1, 7, 9, 11, 12, 26] B=[3, 4, 5, 13, 18, 23]
  [ 10] T (66, 1072) A=[2, 3, 11, 12, 13, 25] B=[4, 5, 7, 9, 15, 26]
  [ 11] T (66, 1072) A=[2, 4, 9, 11, 15, 25] B=[3, 5, 7, 12, 13, 26]
  [ 12] T (66, 1072) A=[2, 5, 7, 12, 15, 25] B=[3, 4, 9, 11, 13, 26]
  [ 13] T (69, 1117) A=[1, 5, 11, 13, 15, 24] B=[3, 7, 8, 9, 17, 25]
  [ 14] T (69, 1117) A=[1, 7, 9, 11, 17, 24] B=[3, 5, 8, 13, 15, 25]
  [ 15] T (69, 1117) A=[1, 8, 9, 11, 15, 25] B=[3, 5, 7, 13, 17, 24]
  [ 16] T (71, 1157) A=[2, 5, 10, 12, 20, 22] B=[4, 6, 8, 13, 14, 26]
  [ 17] T (71, 1157) A=[2, 6, 8, 13, 20, 22] B=[4, 5, 10, 12, 14, 26]
  [ 18] T (71, 1157) A=[2, 8, 10, 12, 13, 26] B=[4, 5, 6, 14, 20, 22]
  [ 19] T (72, 1198) A=[1, 5, 12, 14, 16, 24] B=[4, 6, 9, 10, 17, 26]
  [ 20] T (72, 1198) A=[1, 6, 10, 14, 17, 24] B=[4, 5, 9, 12, 16, 26]
  [ 21] T (72, 1198) A=[1, 9, 10, 12, 14, 26] B=[4, 5, 6, 16, 17, 24]
  [ 22] T (75, 1261) A=[2, 6, 12, 14, 16, 25] B=[4, 8, 9, 10, 18, 26]
  [ 23] T (75, 1261) A=[2, 8, 10, 12, 18, 25] B=[4, 6, 9, 14, 16, 26]
  [ 24] T (75, 1261) A=[2, 9, 10, 12, 16, 26] B=[4, 6, 8, 14, 18, 25]
  [ 25] T (75, 1357) A=[1, 2, 14, 16, 18, 24] B=[4, 6, 8, 9, 22, 26]
  [ 26] T (75, 1357) A=[1, 6, 8, 14, 22, 24] B=[2, 4, 9, 16, 18, 26]
  [ 27] T (75, 1357) A=[1, 6, 8, 16, 18, 26] B=[2, 4, 9, 14, 22, 24]
  [ 28] T (76, 1346) A=[1, 2, 16, 18, 19, 20] B=[4, 6, 8, 11, 22, 25]
  [ 29] T (76, 1346) A=[1, 4, 11, 18, 20, 22] B=[2, 6, 8, 16, 19, 25]
  [ 30] T (76, 1346) A=[1, 6, 8, 19, 20, 22] B=[2, 4, 11, 16, 18, 25]
  [ 31] T (76, 1402) A=[1, 2, 14, 15, 20, 24] B=[4, 6, 8, 9, 23, 26]
  [ 32] T (76, 1402) A=[1, 6, 8, 14, 23, 24] B=[2, 4, 9, 15, 20, 26]
  [ 33] T (76, 1402) A=[1, 6, 8, 15, 20, 26] B=[2, 4, 9, 14, 23, 24]
  [ 34] T (77, 1267) A=[4, 5, 13, 15, 16, 24] B=[6, 8, 9, 10, 19, 25]
  [ 35] T (77, 1267) A=[4, 8, 9, 13, 19, 24] B=[5, 6, 10, 15, 16, 25]
  [ 36] T (77, 1267) A=[4, 8, 9, 15, 16, 25] B=[5, 6, 10, 13, 19, 24]
  [ 37] T (78, 1306) A=[4, 5, 13, 14, 18, 24] B=[6, 8, 9, 10, 20, 25]
  [ 38] T (78, 1306) A=[4, 8, 9, 13, 20, 24] B=[5, 6, 10, 14, 18, 25]
  [ 39] T (78, 1306) A=[4, 8, 9, 14, 18, 25] B=[5, 6, 10, 13, 20, 24]
  [ 40] T (78, 1336) A=[1, 7, 14, 15, 17, 24] B=[2, 9, 11, 12, 19, 25]
  [ 41] T (78, 1336) A=[1, 9, 11, 14, 19, 24] B=[2, 7, 12, 15, 17, 25]
  [ 42] T (78, 1336) A=[1, 9, 12, 14, 17, 25] B=[2, 7, 11, 15, 19, 24]
  [ 43] T (78, 1360) A=[1, 5, 15, 16, 18, 23] B=[3, 8, 10, 11, 21, 25]
  [ 44] T (78, 1360) A=[1, 8, 10, 15, 21, 23] B=[3, 5, 11, 16, 18, 25]
  [ 45] T (78, 1360) A=[1, 8, 11, 15, 18, 25] B=[3, 5, 10, 16, 21, 23]
  [ 46] T (78, 1378) A=[1, 5, 14, 16, 18, 24] B=[4, 8, 9, 10, 21, 26]
  [ 47] T (78, 1378) A=[1, 8, 10, 14, 21, 24] B=[4, 5, 9, 16, 18, 26]
  [ 48] T (78, 1378) A=[1, 9, 10, 14, 18, 26] B=[4, 5, 8, 16, 21, 24]
  [ 49] T (78, 1384) A=[1, 3, 17, 18, 19, 20] B=[6, 7, 8, 9, 23, 25]
  [ 50] T (78, 1384) A=[1, 4, 15, 17, 18, 23] B=[3, 8, 9, 11, 22, 25]
  [ 51] T (78, 1384) A=[1, 7, 9, 18, 20, 23] B=[3, 6, 8, 17, 19, 25]
  [ 52] T (78, 1384) A=[1, 8, 9, 15, 22, 23] B=[3, 4, 11, 17, 18, 25]
  [ 53] T (78, 1384) A=[1, 8, 9, 17, 18, 25] B=[3, 4, 11, 15, 22, 23]
  [ 54] T (78, 1384) A=[1, 8, 9, 17, 18, 25] B=[3, 6, 7, 19, 20, 23]
  [ 55] T (80, 1340) A=[4, 5, 15, 16, 17, 23] B=[7, 8, 9, 11, 20, 25]
  [ 56] T (80, 1340) A=[4, 7, 11, 15, 20, 23] B=[5, 8, 9, 16, 17, 25]
  [ 57] T (80, 1340) A=[4, 8, 11, 15, 17, 25] B=[5, 7, 9, 16, 20, 23]
  [ 58] T (80, 1422) A=[1, 6, 14, 17, 18, 24] B=[4, 8, 9, 12, 21, 26]
  [ 59] T (80, 1422) A=[1, 8, 12, 14, 21, 24] B=[4, 6, 9, 17, 18, 26]
  [ 60] T (80, 1422) A=[1, 9, 12, 14, 18, 26] B=[4, 6, 8, 17, 21, 24]
  [ 61] T (80, 1450) A=[1, 4, 15, 18, 20, 22] B=[6, 7, 8, 10, 24, 25]
  [ 62] T (80, 1450) A=[1, 7, 10, 18, 20, 24] B=[4, 6, 8, 15, 22, 25]
  [ 63] T (80, 1450) A=[1, 8, 10, 15, 22, 24] B=[4, 6, 7, 18, 20, 25]
  [ 64] T (82, 1352) A=[4, 9, 13, 14, 19, 23] B=[5, 10, 11, 15, 16, 25]
  [ 65] T (82, 1352) A=[4, 10, 11, 15, 19, 23] B=[5, 9, 13, 14, 16, 25]
  [ 66] T (82, 1352) A=[4, 11, 13, 14, 15, 25] B=[5, 9, 10, 16, 19, 23]
  [ 67] T (82, 1476) A=[1, 6, 15, 18, 19, 23] B=[3, 9, 10, 13, 21, 26]
  [ 68] T (82, 1476) A=[1, 9, 10, 18, 21, 23] B=[3, 6, 13, 15, 19, 26]
  [ 69] T (82, 1476) A=[1, 9, 13, 15, 18, 26] B=[3, 6, 10, 19, 21, 23]
  [ 70] T (82, 1504) A=[2, 3, 17, 19, 20, 21] B=[5, 7, 9, 12, 23, 26]
  [ 71] T (82, 1504) A=[2, 5, 12, 19, 21, 23] B=[3, 7, 9, 17, 20, 26]
  [ 72] T (82, 1504) A=[2, 7, 9, 20, 21, 23] B=[3, 5, 12, 17, 19, 26]
  [ 73] T (83, 1427) A=[5, 6, 14, 16, 17, 25] B=[7, 9, 10, 11, 20, 26]
  [ 74] T (83, 1427) A=[5, 9, 10, 14, 20, 25] B=[6, 7, 11, 16, 17, 26]
  [ 75] T (83, 1427) A=[5, 9, 10, 16, 17, 26] B=[6, 7, 11, 14, 20, 25]
  [ 76] T (84, 1468) A=[5, 6, 14, 15, 19, 25] B=[7, 9, 10, 11, 21, 26]
  [ 77] T (84, 1468) A=[5, 9, 10, 14, 21, 25] B=[6, 7, 11, 15, 19, 26]
  [ 78] T (84, 1468) A=[5, 9, 10, 15, 19, 26] B=[6, 7, 11, 14, 21, 25]
  [ 79] T (84, 1476) A=[3, 7, 15, 16, 19, 24] B=[4, 9, 12, 13, 21, 25]
  [ 80] T (84, 1476) A=[3, 9, 12, 15, 21, 24] B=[4, 7, 13, 16, 19, 25]
  [ 81] T (84, 1476) A=[3, 9, 12, 16, 19, 25] B=[4, 7, 13, 15, 21, 24]
  [ 82] T (84, 1498) A=[2, 8, 15, 16, 18, 25] B=[3, 10, 12, 13, 20, 26]
  [ 83] T (84, 1498) A=[2, 10, 12, 15, 20, 25] B=[3, 8, 13, 16, 18, 26]
  [ 84] T (84, 1498) A=[2, 10, 13, 15, 18, 26] B=[3, 8, 12, 16, 20, 25]
  [ 85] T (84, 1522) A=[2, 6, 16, 17, 19, 24] B=[4, 9, 11, 12, 22, 26]
  [ 86] T (84, 1522) A=[2, 9, 11, 16, 22, 24] B=[4, 6, 12, 17, 19, 26]
  [ 87] T (84, 1522) A=[2, 9, 12, 16, 19, 26] B=[4, 6, 11, 17, 22, 24]
  [ 88] T (84, 1522) A=[3, 4, 17, 18, 20, 22] B=[6, 8, 10, 11, 24, 25]
  [ 89] T (84, 1522) A=[3, 8, 10, 17, 22, 24] B=[4, 6, 11, 18, 20, 25]
  [ 90] T (84, 1522) A=[3, 8, 10, 18, 20, 25] B=[4, 6, 11, 17, 22, 24]
  [ 91] T (84, 1540) A=[1, 6, 17, 18, 19, 23] B=[3, 9, 11, 13, 22, 26]
  [ 92] T (84, 1540) A=[1, 9, 11, 18, 22, 23] B=[3, 6, 13, 17, 19, 26]
  [ 93] T (84, 1540) A=[1, 9, 13, 17, 18, 26] B=[3, 6, 11, 19, 22, 23]
  [ 94] H (84, 1540) A=[3, 4, 15, 19, 20, 23] B=[5, 8, 9, 13, 24, 25]
  [ 95] H (84, 1540) A=[3, 5, 13, 19, 20, 24] B=[4, 8, 9, 15, 23, 25]
  [ 96] H (84, 1540) A=[3, 8, 9, 19, 20, 25] B=[4, 5, 13, 15, 23, 24]
  [ 97] T (84, 1546) A=[2, 4, 18, 19, 20, 21] B=[7, 8, 9, 10, 24, 26]
  [ 98] T (84, 1546) A=[2, 5, 16, 18, 19, 24] B=[4, 9, 10, 12, 23, 26]
  [ 99] T (84, 1546) A=[2, 8, 10, 19, 21, 24] B=[4, 7, 9, 18, 20, 26]
  [100] T (84, 1546) A=[2, 9, 10, 16, 23, 24] B=[4, 5, 12, 18, 19, 26]
  [101] T (84, 1546) A=[2, 9, 10, 18, 19, 26] B=[4, 5, 12, 16, 23, 24]
  [102] T (84, 1546) A=[2, 9, 10, 18, 19, 26] B=[4, 7, 8, 20, 21, 24]
  [103] T (86, 1506) A=[5, 6, 16, 17, 18, 24] B=[8, 9, 10, 12, 21, 26]
  [104] T (86, 1506) A=[5, 8, 12, 16, 21, 24] B=[6, 9, 10, 17, 18, 26]
  [105] T (86, 1506) A=[5, 9, 12, 16, 18, 26] B=[6, 8, 10, 17, 21, 24]
  [106] T (86, 1616) A=[2, 5, 16, 19, 21, 23] B=[7, 8, 9, 11, 25, 26]
  [107] T (86, 1616) A=[2, 8, 11, 19, 21, 25] B=[5, 7, 9, 16, 23, 26]
  [108] T (86, 1616) A=[2, 9, 11, 16, 23, 25] B=[5, 7, 8, 19, 21, 26]
  [109] T (86, 1672) A=[1, 4, 18, 19, 21, 23] B=[3, 7, 12, 13, 25, 26]
  [110] T (86, 1672) A=[1, 7, 12, 18, 23, 25] B=[3, 4, 13, 19, 21, 26]
  [111] T (86, 1672) A=[1, 7, 12, 19, 21, 26] B=[3, 4, 13, 18, 23, 25]
  [112] T (87, 1471) A=[5, 10, 14, 15, 21, 22] B=[6, 11, 12, 16, 17, 25]
  [113] T (87, 1471) A=[5, 11, 12, 16, 21, 22] B=[6, 10, 14, 15, 17, 25]
  [114] T (87, 1471) A=[5, 12, 14, 15, 16, 25] B=[6, 10, 11, 17, 21, 22]
  [115] T (87, 1519) A=[5, 6, 17, 18, 19, 22] B=[7, 8, 12, 14, 21, 25]
  [116] T (87, 1519) A=[5, 7, 14, 18, 21, 22] B=[6, 8, 12, 17, 19, 25]
  [117] T (87, 1519) A=[5, 8, 12, 19, 21, 22] B=[6, 7, 14, 17, 18, 25]
  [118] T (87, 1585) A=[1, 9, 17, 18, 19, 23] B=[2, 11, 13, 15, 21, 25]
  [119] T (87, 1585) A=[1, 11, 13, 18, 21, 23] B=[2, 9, 15, 17, 19, 25]
  [120] T (87, 1585) A=[1, 11, 15, 17, 18, 25] B=[2, 9, 13, 19, 21, 23]
  [121] T (87, 1681) A=[1, 5, 18, 19, 21, 23] B=[3, 9, 11, 13, 25, 26]
  [122] T (87, 1681) A=[1, 9, 11, 18, 23, 25] B=[3, 5, 13, 19, 21, 26]
  [123] T (87, 1681) A=[1, 9, 11, 19, 21, 26] B=[3, 5, 13, 18, 23, 25]
  [124] T (88, 1522) A=[5, 10, 14, 15, 20, 24] B=[6, 11, 12, 16, 17, 26]
  [125] T (88, 1522) A=[5, 11, 12, 16, 20, 24] B=[6, 10, 14, 15, 17, 26]
  [126] T (88, 1522) A=[5, 12, 14, 15, 16, 26] B=[6, 10, 11, 17, 20, 24]
  [127] T (90, 1560) A=[5, 10, 16, 17, 19, 23] B=[7, 11, 13, 14, 20, 25]
  [128] T (90, 1560) A=[5, 11, 14, 17, 20, 23] B=[7, 10, 13, 16, 19, 25]
  [129] T (90, 1560) A=[5, 13, 14, 16, 17, 25] B=[7, 10, 11, 19, 20, 23]
  [130] T (90, 1570) A=[5, 9, 16, 18, 20, 22] B=[8, 10, 12, 14, 21, 25]
  [131] T (90, 1570) A=[5, 10, 14, 18, 21, 22] B=[8, 9, 12, 16, 20, 25]
  [132] T (90, 1570) A=[5, 10, 16, 17, 18, 24] B=[6, 12, 13, 14, 20, 25]
  [133] T (90, 1570) A=[5, 12, 13, 16, 20, 24] B=[6, 10, 14, 17, 18, 25]
  [134] T (90, 1570) A=[5, 12, 14, 16, 18, 25] B=[6, 10, 13, 17, 20, 24]
  [135] T (90, 1570) A=[5, 12, 14, 16, 18, 25] B=[8, 9, 10, 20, 21, 22]
  [136] T (90, 1576) A=[5, 9, 15, 19, 20, 22] B=[7, 11, 12, 14, 21, 25]
  [137] T (90, 1576) A=[5, 9, 16, 18, 19, 23] B=[8, 10, 11, 15, 21, 25]
  [138] T (90, 1576) A=[5, 10, 15, 16, 21, 23] B=[8, 9, 11, 18, 19, 25]
  [139] T (90, 1576) A=[5, 11, 12, 19, 21, 22] B=[7, 9, 14, 15, 20, 25]
  [140] T (90, 1576) A=[5, 11, 15, 16, 18, 25] B=[8, 9, 10, 19, 21, 23]
  [141] T (90, 1576) A=[5, 12, 14, 15, 19, 25] B=[7, 9, 11, 20, 21, 22]
  [142] T (90, 1600) A=[5, 7, 18, 19, 20, 21] B=[9, 10, 11, 12, 23, 25]
  [143] T (90, 1600) A=[5, 10, 12, 19, 21, 23] B=[7, 9, 11, 18, 20, 25]
  [144] T (90, 1600) A=[5, 11, 12, 18, 19, 25] B=[7, 9, 10, 20, 21, 23]
  [145] T (90, 1650) A=[4, 8, 16, 17, 20, 25] B=[5, 10, 13, 14, 22, 26]
  [146] T (90, 1650) A=[4, 10, 13, 16, 22, 25] B=[5, 8, 14, 17, 20, 26]
  [147] T (90, 1650) A=[4, 10, 13, 17, 20, 26] B=[5, 8, 14, 16, 22, 25]
  [148] T (90, 1684) A=[1, 10, 17, 18, 21, 23] B=[3, 11, 13, 15, 22, 26]
  [149] T (90, 1684) A=[1, 11, 15, 18, 22, 23] B=[3, 10, 13, 17, 21, 26]
  [150] T (90, 1684) A=[1, 13, 15, 17, 18, 26] B=[3, 10, 11, 21, 22, 23]
  [151] T (90, 1696) A=[4, 5, 18, 19, 21, 23] B=[7, 9, 11, 12, 25, 26]
  [152] T (90, 1696) A=[4, 9, 11, 18, 23, 25] B=[5, 7, 12, 19, 21, 26]
  [153] T (90, 1696) A=[4, 9, 11, 19, 21, 26] B=[5, 7, 12, 18, 23, 25]
  [154] H (90, 1714) A=[4, 5, 16, 20, 21, 24] B=[6, 9, 10, 14, 25, 26]
  [155] H (90, 1714) A=[4, 6, 14, 20, 21, 25] B=[5, 9, 10, 16, 24, 26]
  [156] H (90, 1714) A=[4, 9, 10, 20, 21, 26] B=[5, 6, 14, 16, 24, 25]
  [157] T (91, 1697) A=[1, 13, 14, 19, 21, 23] B=[5, 7, 15, 17, 22, 25]
  [158] T (91, 1697) A=[1, 13, 15, 17, 22, 23] B=[5, 7, 14, 19, 21, 25]
  [159] T (91, 1697) A=[1, 14, 15, 17, 19, 25] B=[5, 7, 13, 21, 22, 23]
  [160] T (92, 1642) A=[4, 13, 14, 18, 19, 24] B=[6, 10, 15, 16, 20, 25]
  [161] T (92, 1642) A=[4, 13, 15, 16, 20, 24] B=[6, 10, 14, 18, 19, 25]
  [162] T (92, 1642) A=[4, 14, 15, 16, 18, 25] B=[6, 10, 13, 19, 20, 24]
  [163] T (93, 1651) A=[5, 13, 14, 18, 19, 24] B=[8, 9, 15, 16, 20, 25]
  [164] T (93, 1651) A=[5, 13, 15, 16, 20, 24] B=[8, 9, 14, 18, 19, 25]
  [165] T (93, 1651) A=[5, 14, 15, 16, 18, 25] B=[8, 9, 13, 19, 20, 24]
  [166] T (93, 1651) A=[6, 11, 15, 16, 22, 23] B=[7, 12, 13, 17, 18, 26]
  [167] T (93, 1651) A=[6, 12, 13, 17, 22, 23] B=[7, 11, 15, 16, 18, 26]
  [168] T (93, 1651) A=[6, 13, 15, 16, 17, 26] B=[7, 11, 12, 18, 22, 23]
  [169] T (93, 1699) A=[5, 9, 16, 18, 22, 23] B=[8, 11, 12, 13, 24, 25]
  [170] T (93, 1699) A=[5, 11, 13, 18, 22, 24] B=[8, 9, 12, 16, 23, 25]
  [171] T (93, 1699) A=[5, 12, 13, 16, 23, 24] B=[8, 9, 11, 18, 22, 25]
  [172] T (93, 1699) A=[6, 7, 18, 19, 20, 23] B=[8, 9, 13, 15, 22, 26]
  [173] T (93, 1699) A=[6, 8, 15, 19, 22, 23] B=[7, 9, 13, 18, 20, 26]
  [174] T (93, 1699) A=[6, 9, 13, 20, 22, 23] B=[7, 8, 15, 18, 19, 26]
  [175] T (93, 1765) A=[2, 10, 18, 19, 20, 24] B=[3, 12, 14, 16, 22, 26]
  [176] T (93, 1765) A=[2, 12, 14, 19, 22, 24] B=[3, 10, 16, 18, 20, 26]
  [177] T (93, 1765) A=[2, 12, 16, 18, 19, 26] B=[3, 10, 14, 20, 22, 24]
  [178] T (94, 1746) A=[4, 9, 18, 20, 21, 22] B=[6, 12, 13, 14, 24, 25]
  [179] T (94, 1746) A=[4, 12, 13, 20, 21, 24] B=[6, 9, 14, 18, 22, 25]
  [180] T (94, 1746) A=[4, 12, 14, 18, 21, 25] B=[6, 9, 13, 20, 22, 24]
  [181] T (96, 1738) A=[7, 10, 17, 18, 20, 24] B=[8, 12, 14, 15, 22, 25]
  [182] T (96, 1738) A=[7, 12, 14, 17, 22, 24] B=[8, 10, 15, 18, 20, 25]
  [183] T (96, 1738) A=[7, 12, 14, 18, 20, 25] B=[8, 10, 15, 17, 22, 24]
  [184] T (96, 1746) A=[6, 11, 17, 18, 20, 24] B=[8, 12, 14, 15, 21, 26]
  [185] T (96, 1746) A=[6, 12, 15, 18, 21, 24] B=[8, 11, 14, 17, 20, 26]
  [186] T (96, 1746) A=[6, 14, 15, 17, 18, 26] B=[8, 11, 12, 20, 21, 24]
  [187] T (96, 1756) A=[6, 10, 17, 19, 21, 23] B=[9, 11, 13, 15, 22, 26]
  [188] T (96, 1756) A=[6, 11, 15, 19, 22, 23] B=[9, 10, 13, 17, 21, 26]
  [189] T (96, 1756) A=[6, 11, 17, 18, 19, 25] B=[7, 13, 14, 15, 21, 26]
  [190] T (96, 1756) A=[6, 13, 14, 17, 21, 25] B=[7, 11, 15, 18, 19, 26]
  [191] T (96, 1756) A=[6, 13, 15, 17, 19, 26] B=[7, 11, 14, 18, 21, 25]
  [192] T (96, 1756) A=[6, 13, 15, 17, 19, 26] B=[9, 10, 11, 21, 22, 23]
  [193] T (96, 1762) A=[6, 10, 16, 20, 21, 23] B=[8, 12, 13, 15, 22, 26]
  [194] T (96, 1762) A=[6, 10, 17, 19, 20, 24] B=[9, 11, 12, 16, 22, 26]
  [195] T (96, 1762) A=[6, 11, 16, 17, 22, 24] B=[9, 10, 12, 19, 20, 26]
  [196] T (96, 1762) A=[6, 12, 13, 20, 22, 23] B=[8, 10, 15, 16, 21, 26]
  [197] T (96, 1762) A=[6, 12, 16, 17, 19, 26] B=[9, 10, 11, 20, 22, 24]
  [198] T (96, 1762) A=[6, 13, 15, 16, 20, 26] B=[8, 10, 12, 21, 22, 23]
  [199] T (96, 1786) A=[6, 8, 19, 20, 21, 22] B=[10, 11, 12, 13, 24, 26]
  [200] T (96, 1786) A=[6, 11, 13, 20, 22, 24] B=[8, 10, 12, 19, 21, 26]
  [201] T (96, 1786) A=[6, 12, 13, 19, 20, 26] B=[8, 10, 11, 21, 22, 24]
  [202] T (96, 1828) A=[4, 9, 19, 20, 21, 23] B=[5, 11, 15, 16, 24, 25]
  [203] T (96, 1828) A=[4, 11, 15, 19, 23, 24] B=[5, 9, 16, 20, 21, 25]
  [204] T (96, 1828) A=[4, 11, 15, 20, 21, 25] B=[5, 9, 16, 19, 23, 24]
  [205] T (96, 1882) A=[1, 12, 18, 20, 22, 23] B=[2, 14, 15, 16, 24, 25]
  [206] T (96, 1882) A=[1, 14, 15, 20, 22, 24] B=[2, 12, 16, 18, 23, 25]
  [207] T (96, 1882) A=[1, 14, 15, 20, 22, 24] B=[4, 9, 16, 18, 23, 26]
  [208] T (96, 1882) A=[1, 14, 16, 18, 23, 24] B=[2, 12, 15, 20, 22, 25]
  [209] T (96, 1882) A=[1, 14, 16, 18, 23, 24] B=[4, 9, 15, 20, 22, 26]
  [210] T (96, 1882) A=[1, 15, 16, 18, 20, 26] B=[4, 9, 14, 22, 23, 24]
  [211] T (97, 1847) A=[4, 10, 19, 20, 21, 23] B=[5, 13, 14, 16, 24, 25]
  [212] T (97, 1847) A=[4, 13, 14, 19, 23, 24] B=[5, 10, 16, 20, 21, 25]
  [213] T (97, 1847) A=[4, 13, 14, 20, 21, 25] B=[5, 10, 16, 19, 23, 24]
  [214] T (97, 1885) A=[2, 14, 15, 20, 22, 24] B=[6, 8, 16, 18, 23, 26]
  [215] T (97, 1885) A=[2, 14, 16, 18, 23, 24] B=[6, 8, 15, 20, 22, 26]
  [216] T (97, 1885) A=[2, 15, 16, 18, 20, 26] B=[6, 8, 14, 22, 23, 24]
  [217] T (98, 1832) A=[5, 14, 15, 19, 20, 25] B=[7, 11, 16, 17, 21, 26]
  [218] T (98, 1832) A=[5, 14, 16, 17, 21, 25] B=[7, 11, 15, 19, 20, 26]
  [219] T (98, 1832) A=[5, 15, 16, 17, 19, 26] B=[7, 11, 14, 20, 21, 25]
  [220] T (99, 1843) A=[6, 14, 15, 19, 20, 25] B=[9, 10, 16, 17, 21, 26]
  [221] T (99, 1843) A=[6, 14, 16, 17, 21, 25] B=[9, 10, 15, 19, 20, 26]
  [222] T (99, 1843) A=[6, 15, 16, 17, 19, 26] B=[9, 10, 14, 20, 21, 25]
  [223] T (99, 1891) A=[6, 10, 17, 19, 23, 24] B=[9, 12, 13, 14, 25, 26]
  [224] T (99, 1891) A=[6, 12, 14, 19, 23, 25] B=[9, 10, 13, 17, 24, 26]
  [225] T (99, 1891) A=[6, 13, 14, 17, 24, 25] B=[9, 10, 12, 19, 23, 26]
  [226] T (100, 1940) A=[5, 10, 19, 21, 22, 23] B=[7, 13, 14, 15, 25, 26]
  [227] T (100, 1940) A=[5, 13, 14, 21, 22, 25] B=[7, 10, 15, 19, 23, 26]
  [228] T (100, 1940) A=[5, 13, 15, 19, 22, 26] B=[7, 10, 14, 21, 23, 25]
  [229] T (102, 1888) A=[9, 11, 19, 20, 21, 22] B=[12, 13, 14, 15, 23, 25]
  [230] T (102, 1888) A=[9, 13, 15, 20, 22, 23] B=[11, 12, 14, 19, 21, 25]
  [231] T (102, 1888) A=[9, 14, 15, 19, 20, 25] B=[11, 12, 13, 21, 22, 23]
  [232] T (102, 1912) A=[9, 10, 19, 20, 21, 23] B=[11, 13, 14, 15, 24, 25]
  [233] T (102, 1912) A=[9, 13, 14, 19, 23, 24] B=[10, 11, 15, 20, 21, 25]
  [234] T (102, 1912) A=[9, 13, 14, 20, 21, 25] B=[10, 11, 15, 19, 23, 24]
  [235] T (102, 1936) A=[8, 11, 18, 19, 21, 25] B=[9, 13, 15, 16, 23, 26]
  [236] T (102, 1936) A=[8, 13, 15, 18, 23, 25] B=[9, 11, 16, 19, 21, 26]
  [237] T (102, 1936) A=[8, 13, 15, 19, 21, 26] B=[9, 11, 16, 18, 23, 25]
  [238] T (102, 2026) A=[5, 10, 20, 21, 22, 24] B=[6, 12, 16, 17, 25, 26]
  [239] T (102, 2026) A=[5, 12, 16, 20, 24, 25] B=[6, 10, 17, 21, 22, 26]
  [240] T (102, 2026) A=[5, 12, 16, 21, 22, 26] B=[6, 10, 17, 20, 24, 25]
  [241] T (102, 2080) A=[2, 13, 19, 21, 23, 24] B=[3, 15, 16, 17, 25, 26]
  [242] T (102, 2080) A=[2, 15, 16, 21, 23, 25] B=[3, 13, 17, 19, 24, 26]
  [243] T (102, 2080) A=[2, 15, 17, 19, 24, 25] B=[3, 13, 16, 21, 23, 26]
  [244] T (103, 2047) A=[5, 11, 20, 21, 22, 24] B=[6, 14, 15, 17, 25, 26]
  [245] T (103, 2047) A=[5, 14, 15, 20, 24, 25] B=[6, 11, 17, 21, 22, 26]
  [246] T (103, 2047) A=[5, 14, 15, 21, 22, 26] B=[6, 11, 17, 20, 24, 25]
  [247] T (108, 2068) A=[11, 13, 19, 20, 21, 24] B=[12, 15, 16, 17, 23, 25]
  [248] T (108, 2068) A=[11, 15, 16, 19, 23, 24] B=[12, 13, 17, 20, 21, 25]
  [249] T (108, 2068) A=[11, 15, 16, 20, 21, 25] B=[12, 13, 17, 19, 23, 24]
  [250] T (108, 2098) A=[10, 12, 20, 21, 22, 23] B=[13, 14, 15, 16, 24, 26]
  [251] T (108, 2098) A=[10, 14, 16, 21, 23, 24] B=[12, 13, 15, 20, 22, 26]
  [252] T (108, 2098) A=[10, 15, 16, 20, 21, 26] B=[12, 13, 14, 22, 23, 24]
  [253] T (108, 2122) A=[10, 11, 20, 21, 22, 24] B=[12, 14, 15, 16, 25, 26]
  [254] T (108, 2122) A=[10, 14, 15, 20, 24, 25] B=[11, 12, 16, 21, 22, 26]
  [255] T (108, 2122) A=[10, 14, 15, 21, 22, 26] B=[11, 12, 16, 20, 24, 25]
  [256] T (114, 2290) A=[12, 14, 20, 21, 22, 25] B=[13, 16, 17, 18, 24, 26]
  [257] T (114, 2290) A=[12, 16, 17, 20, 24, 25] B=[13, 14, 18, 21, 22, 26]
  [258] T (114, 2290) A=[12, 16, 17, 21, 22, 26] B=[13, 14, 18, 20, 24, 25]
quaterne in [1..25]: 3
    chiave (36, 614): [1, 17, 18] [2, 13, 21] [3, 11, 22] [6, 7, 23]
    chiave (39, 689): [2, 18, 19] [3, 14, 22] [4, 12, 23] [7, 8, 24]
    chiave (42, 770): [3, 19, 20] [4, 15, 23] [5, 13, 24] [8, 9, 25]
quaterne in [1..26]: 4
    chiave (36, 614): [1, 17, 18] [2, 13, 21] [3, 11, 22] [6, 7, 23]
    chiave (39, 689): [2, 18, 19] [3, 14, 22] [4, 12, 23] [7, 8, 24]
    chiave (42, 770): [3, 19, 20] [4, 15, 23] [5, 13, 24] [8, 9, 25]
    chiave (45, 857): [4, 20, 21] [5, 16, 24] [6, 14, 25] [9, 10, 26]
B2-d: coppie generate dalle quaterne di [1..26]: 12; half-sum censite (24+26): 12; generate == censite? True

====================================================================
VERDETTO B2
====================================================================
floor-check GO (cap 22s <= budget 900s); N=26: 286705 coppie, |G| {0: 259439, 2: 26702, 4: 564}
nuove |G|=4: 258 = {'trasversale': 252, 'half-sum': 6}; forme terze: 0; deviazioni di firma: 0
