
Pfeffermann 1894 (max 49)
  distinct: True  min=1 max=49
  S1=150  S2=5150
  correct sums: 26 / 28   bad: ['diag^2', 'anti^2']

Boyer 2005 (max 55)
  distinct: True  min=1 max=55
  S1=168  S2=6524
  correct sums: 27 / 28   bad: ['diag^2']

Wroblewski 2006 (max 135)
  distinct: True  min=1 max=135
  S1=408  S2=36826
  correct sums: 28 / 28   bad: none

Morgenstern 2006 (max 72) - claimed optimal
  distinct: True  min=1 max=72
  S1=219  S2=10663
  correct sums: 28 / 28   bad: none

NEW: 26/28, max = 42
  distinct: True  min=1 max=42
  S1=129  S2=3799
  correct sums: 26 / 28   bad: ['diag^2', 'anti^2']

  distinct: True   omitted from 1..42: [19, 20, 21, 22, 23, 24]
  diagonal      [1, 31, 4, 38, 16, 39] -> sum 129, sqsum 4199
  antidiagonal  [6, 2, 30, 9, 42, 40] -> sum 129, sqsum 4385

  Pfeffermann 1894: 26/28 with max 49, S1 150, S2 5150
  this square     : 26/28 with max 42, S1 129, S2 3799

  max <= 41 is already excluded for the WEAKER 24/28 property,
  and 26/28 implies 24/28, so 42 is optimal for 26/28 as well.
